[0.240s] Invoking command in '/home/trungbao/CYBER/cyberruner-main/build/cyberrunner_dynamixel': CMAKE_PREFIX_PATH=/home/trungbao/CYBER/cyberruner-main/install/cyberrunner_interfaces:/home/trungbao/cyberrunner_ws/install/cyberrunner_interfaces:/home/trungbao/cyberrunner_ws/install/cyberrunner_cpp:/home/trungbao/cyberrunner_ws/install/cyberrunner_camera:/home/trungbao/CYBER/cyberruner-main/install/cyberrunner_dynamixel_thomas:/home/trungbao/CYBER/cyberruner-main/install/cyberrunner_dynamixel:/home/trungbao/CYBER/cyberruner-main/install/cyberrunner_camera:/home/trungbao/cyberrunner_ws/install/cyberrunner_vision:/home/trungbao/cyberrunner_ws/install/cyberrunner_state_estimation:/home/trungbao/cyberrunner_ws/install/cyberrunner_pid:/home/trungbao/cyberrunner_ws/install/cyberrunner_dreamer:/home/trungbao/cyberrunner_ws/install/cyberrunner_hiwonder:/home/trungbao/CYBER/cyberruner-main/install/cyberrunner_state_estimation:/home/trungbao/CYBER/cyberruner-main/install/cyberrunner_dreamer_thomas:/home/trungbao/CYBER/cyberruner-main/install/cyberrunner_dreamer:/opt/ros/humble LD_LIBRARY_PATH=/home/trungbao/CYBER/cyberruner-main/install/cyberrunner_interfaces/lib:/home/trungbao/cyberrunner_ws/install/cyberrunner_interfaces/lib:/opt/ros/humble/opt/rviz_ogre_vendor/lib:/opt/ros/humble/lib/x86_64-linux-gnu:/opt/ros/humble/lib /usr/bin/cmake /home/trungbao/CYBER/cyberruner-main/cyberrunner_dynamixel -DAMENT_CMAKE_SYMLINK_INSTALL=1 -DCMAKE_INSTALL_PREFIX=/home/trungbao/CYBER/cyberruner-main/install/cyberrunner_dynamixel
[0.278s] -- The C compiler identification is GNU 11.4.0
[0.317s] -- The CXX compiler identification is GNU 11.4.0
[0.321s] -- Detecting C compiler ABI info
[0.368s] -- Detecting C compiler ABI info - done
[0.375s] -- Check for working C compiler: /usr/bin/cc - skipped
[0.375s] -- Detecting C compile features
[0.375s] -- Detecting C compile features - done
[0.378s] -- Detecting CXX compiler ABI info
[0.439s] -- Detecting CXX compiler ABI info - done
[0.446s] -- Check for working CXX compiler: /usr/bin/c++ - skipped
[0.446s] -- Detecting CXX compile features
[0.447s] -- Detecting CXX compile features - done
[0.449s] -- Found ament_cmake: 1.3.14 (/opt/ros/humble/share/ament_cmake/cmake)
[0.679s] -- Found Python3: /usr/bin/python3 (found version "3.10.12") found components: Interpreter 
[0.719s] -- Override CMake install command with custom implementation using symlinks instead of copying resources
[0.739s] -- Found rclcpp: 16.0.19 (/opt/ros/humble/share/rclcpp/cmake)
[0.766s] -- Found rosidl_generator_c: 3.1.8 (/opt/ros/humble/share/rosidl_generator_c/cmake)
[0.769s] -- Found rosidl_adapter: 3.1.8 (/opt/ros/humble/share/rosidl_adapter/cmake)
[0.775s] -- Found rosidl_generator_cpp: 3.1.8 (/opt/ros/humble/share/rosidl_generator_cpp/cmake)
[0.782s] -- Using all available rosidl_typesupport_c: rosidl_typesupport_fastrtps_c;rosidl_typesupport_introspection_c
[0.792s] -- Using all available rosidl_typesupport_cpp: rosidl_typesupport_fastrtps_cpp;rosidl_typesupport_introspection_cpp
[0.820s] -- Found rmw_implementation_cmake: 6.1.2 (/opt/ros/humble/share/rmw_implementation_cmake/cmake)
[0.822s] -- Found rmw_fastrtps_cpp: 6.2.10 (/opt/ros/humble/share/rmw_fastrtps_cpp/cmake)
[0.880s] -- Found OpenSSL: /usr/lib/x86_64-linux-gnu/libcrypto.so (found version "3.0.2")  
[0.896s] -- Found FastRTPS: /opt/ros/humble/include  
[0.923s] -- Using RMW implementation 'rmw_fastrtps_cpp' as default
[0.930s] -- Looking for pthread.h
[0.990s] -- Looking for pthread.h - found
[0.990s] -- Performing Test CMAKE_HAVE_LIBC_PTHREAD
[1.045s] -- Performing Test CMAKE_HAVE_LIBC_PTHREAD - Success
[1.045s] -- Found Threads: TRUE  
[1.075s] -- Found cyberrunner_interfaces: 0.0.0 (/home/trungbao/CYBER/cyberruner-main/install/cyberrunner_interfaces/share/cyberrunner_interfaces/cmake)
[1.104s] -- Found dynamixel_sdk: 4.0.3 (/opt/ros/humble/share/dynamixel_sdk/cmake)
[1.109s] -- Found rclpy: 3.3.21 (/opt/ros/humble/share/rclpy/cmake)
[1.112s] -- Found ament_lint_auto: 0.12.15 (/opt/ros/humble/share/ament_lint_auto/cmake)
[1.184s] -- Added test 'copyright' to check source files copyright and LICENSE
[1.185s] -- Added test 'cppcheck' to perform static code analysis on C / C++ code
[1.185s] -- Configured cppcheck include dirs: /home/trungbao/CYBER/cyberruner-main/cyberrunner_dynamixel/include
[1.185s] -- Configured cppcheck exclude dirs and/or files: 
[1.186s] -- Added test 'cpplint' to check C / C++ code against the Google style
[1.186s] -- Configured cpplint exclude dirs and/or files: 
[1.186s] -- Added test 'flake8' to check Python code syntax and style conventions
[1.187s] -- Added test 'lint_cmake' to check CMake code style
[1.187s] -- Added test 'pep257' to check Python code against some of the docstring style conventions in PEP 257
[1.188s] -- Added test 'uncrustify' to check C / C++ code style
[1.188s] -- Configured uncrustify additional arguments: 
[1.188s] -- Added test 'xmllint' to check XML markup files
[1.189s] -- Configuring done
[1.196s] -- Generating done
[1.199s] -- Build files have been written to: /home/trungbao/CYBER/cyberruner-main/build/cyberrunner_dynamixel
[1.205s] Invoked command in '/home/trungbao/CYBER/cyberruner-main/build/cyberrunner_dynamixel' returned '0': CMAKE_PREFIX_PATH=/home/trungbao/CYBER/cyberruner-main/install/cyberrunner_interfaces:/home/trungbao/cyberrunner_ws/install/cyberrunner_interfaces:/home/trungbao/cyberrunner_ws/install/cyberrunner_cpp:/home/trungbao/cyberrunner_ws/install/cyberrunner_camera:/home/trungbao/CYBER/cyberruner-main/install/cyberrunner_dynamixel_thomas:/home/trungbao/CYBER/cyberruner-main/install/cyberrunner_dynamixel:/home/trungbao/CYBER/cyberruner-main/install/cyberrunner_camera:/home/trungbao/cyberrunner_ws/install/cyberrunner_vision:/home/trungbao/cyberrunner_ws/install/cyberrunner_state_estimation:/home/trungbao/cyberrunner_ws/install/cyberrunner_pid:/home/trungbao/cyberrunner_ws/install/cyberrunner_dreamer:/home/trungbao/cyberrunner_ws/install/cyberrunner_hiwonder:/home/trungbao/CYBER/cyberruner-main/install/cyberrunner_state_estimation:/home/trungbao/CYBER/cyberruner-main/install/cyberrunner_dreamer_thomas:/home/trungbao/CYBER/cyberruner-main/install/cyberrunner_dreamer:/opt/ros/humble LD_LIBRARY_PATH=/home/trungbao/CYBER/cyberruner-main/install/cyberrunner_interfaces/lib:/home/trungbao/cyberrunner_ws/install/cyberrunner_interfaces/lib:/opt/ros/humble/opt/rviz_ogre_vendor/lib:/opt/ros/humble/lib/x86_64-linux-gnu:/opt/ros/humble/lib /usr/bin/cmake /home/trungbao/CYBER/cyberruner-main/cyberrunner_dynamixel -DAMENT_CMAKE_SYMLINK_INSTALL=1 -DCMAKE_INSTALL_PREFIX=/home/trungbao/CYBER/cyberruner-main/install/cyberrunner_dynamixel
[1.206s] Invoking command in '/home/trungbao/CYBER/cyberruner-main/build/cyberrunner_dynamixel': CMAKE_PREFIX_PATH=/home/trungbao/CYBER/cyberruner-main/install/cyberrunner_interfaces:/home/trungbao/cyberrunner_ws/install/cyberrunner_interfaces:/home/trungbao/cyberrunner_ws/install/cyberrunner_cpp:/home/trungbao/cyberrunner_ws/install/cyberrunner_camera:/home/trungbao/CYBER/cyberruner-main/install/cyberrunner_dynamixel_thomas:/home/trungbao/CYBER/cyberruner-main/install/cyberrunner_dynamixel:/home/trungbao/CYBER/cyberruner-main/install/cyberrunner_camera:/home/trungbao/cyberrunner_ws/install/cyberrunner_vision:/home/trungbao/cyberrunner_ws/install/cyberrunner_state_estimation:/home/trungbao/cyberrunner_ws/install/cyberrunner_pid:/home/trungbao/cyberrunner_ws/install/cyberrunner_dreamer:/home/trungbao/cyberrunner_ws/install/cyberrunner_hiwonder:/home/trungbao/CYBER/cyberruner-main/install/cyberrunner_state_estimation:/home/trungbao/CYBER/cyberruner-main/install/cyberrunner_dreamer_thomas:/home/trungbao/CYBER/cyberruner-main/install/cyberrunner_dreamer:/opt/ros/humble LD_LIBRARY_PATH=/home/trungbao/CYBER/cyberruner-main/install/cyberrunner_interfaces/lib:/home/trungbao/cyberrunner_ws/install/cyberrunner_interfaces/lib:/opt/ros/humble/opt/rviz_ogre_vendor/lib:/opt/ros/humble/lib/x86_64-linux-gnu:/opt/ros/humble/lib /usr/bin/cmake --build /home/trungbao/CYBER/cyberruner-main/build/cyberrunner_dynamixel -- -j24 -l24
[1.245s] [ 40%] [32mBuilding CXX object CMakeFiles/cyberrunner_dynamixel.dir/src/dynamixel_controller.cpp.o[0m
[1.245s] [ 40%] [32mBuilding CXX object CMakeFiles/cyberrunner_dynamixel.dir/src/cyberrunner_dynamixel.cpp.o[0m
[1.246s] [ 60%] [32mBuilding CXX object CMakeFiles/dynamixel_config.dir/src/dynamixel_config.cpp.o[0m
[1.346s] [01m[K/home/trungbao/CYBER/cyberruner-main/cyberrunner_dynamixel/src/dynamixel_controller.cpp:[m[K In function ‘[01m[Kint dynamixel_init(const char*, int, int*, int, uint16_t, uint32_t*)[m[K’:
[1.346s] [01m[K/home/trungbao/CYBER/cyberruner-main/cyberrunner_dynamixel/src/dynamixel_controller.cpp:39:100:[m[K [01;35m[Kwarning: [m[Kunused parameter ‘[01m[Kmax_temp[m[K’ [[01;35m[K]8;;https://gcc.gnu.org/onlinedocs/gcc/Warning-Options.html#index-Wunused-parameter-Wunused-parameter]8;;[m[K]
[1.346s]    39 | int dynamixel_init(const char* port, int num_dynamixel, int* dynamixel_ids, int baudrate, [01;35m[Kuint16_t max_temp[m[K, uint32_t* positions)
[1.346s]       |                                                                                           [01;35m[K~~~~~~~~~^~~~~~~~[m[K
[1.349s] [ 80%] [32m[1mLinking CXX executable dynamixel_config[0m
[1.414s] [ 80%] Built target dynamixel_config
[5.528s] [100%] [32m[1mLinking CXX executable cyberrunner_dynamixel[0m
[5.746s] [100%] Built target cyberrunner_dynamixel
[5.752s] Invoked command in '/home/trungbao/CYBER/cyberruner-main/build/cyberrunner_dynamixel' returned '0': CMAKE_PREFIX_PATH=/home/trungbao/CYBER/cyberruner-main/install/cyberrunner_interfaces:/home/trungbao/cyberrunner_ws/install/cyberrunner_interfaces:/home/trungbao/cyberrunner_ws/install/cyberrunner_cpp:/home/trungbao/cyberrunner_ws/install/cyberrunner_camera:/home/trungbao/CYBER/cyberruner-main/install/cyberrunner_dynamixel_thomas:/home/trungbao/CYBER/cyberruner-main/install/cyberrunner_dynamixel:/home/trungbao/CYBER/cyberruner-main/install/cyberrunner_camera:/home/trungbao/cyberrunner_ws/install/cyberrunner_vision:/home/trungbao/cyberrunner_ws/install/cyberrunner_state_estimation:/home/trungbao/cyberrunner_ws/install/cyberrunner_pid:/home/trungbao/cyberrunner_ws/install/cyberrunner_dreamer:/home/trungbao/cyberrunner_ws/install/cyberrunner_hiwonder:/home/trungbao/CYBER/cyberruner-main/install/cyberrunner_state_estimation:/home/trungbao/CYBER/cyberruner-main/install/cyberrunner_dreamer_thomas:/home/trungbao/CYBER/cyberruner-main/install/cyberrunner_dreamer:/opt/ros/humble LD_LIBRARY_PATH=/home/trungbao/CYBER/cyberruner-main/install/cyberrunner_interfaces/lib:/home/trungbao/cyberrunner_ws/install/cyberrunner_interfaces/lib:/opt/ros/humble/opt/rviz_ogre_vendor/lib:/opt/ros/humble/lib/x86_64-linux-gnu:/opt/ros/humble/lib /usr/bin/cmake --build /home/trungbao/CYBER/cyberruner-main/build/cyberrunner_dynamixel -- -j24 -l24
[5.753s] Invoking command in '/home/trungbao/CYBER/cyberruner-main/build/cyberrunner_dynamixel': CMAKE_PREFIX_PATH=/home/trungbao/CYBER/cyberruner-main/install/cyberrunner_interfaces:/home/trungbao/cyberrunner_ws/install/cyberrunner_interfaces:/home/trungbao/cyberrunner_ws/install/cyberrunner_cpp:/home/trungbao/cyberrunner_ws/install/cyberrunner_camera:/home/trungbao/CYBER/cyberruner-main/install/cyberrunner_dynamixel_thomas:/home/trungbao/CYBER/cyberruner-main/install/cyberrunner_dynamixel:/home/trungbao/CYBER/cyberruner-main/install/cyberrunner_camera:/home/trungbao/cyberrunner_ws/install/cyberrunner_vision:/home/trungbao/cyberrunner_ws/install/cyberrunner_state_estimation:/home/trungbao/cyberrunner_ws/install/cyberrunner_pid:/home/trungbao/cyberrunner_ws/install/cyberrunner_dreamer:/home/trungbao/cyberrunner_ws/install/cyberrunner_hiwonder:/home/trungbao/CYBER/cyberruner-main/install/cyberrunner_state_estimation:/home/trungbao/CYBER/cyberruner-main/install/cyberrunner_dreamer_thomas:/home/trungbao/CYBER/cyberruner-main/install/cyberrunner_dreamer:/opt/ros/humble LD_LIBRARY_PATH=/home/trungbao/CYBER/cyberruner-main/install/cyberrunner_interfaces/lib:/home/trungbao/cyberrunner_ws/install/cyberrunner_interfaces/lib:/opt/ros/humble/opt/rviz_ogre_vendor/lib:/opt/ros/humble/lib/x86_64-linux-gnu:/opt/ros/humble/lib /usr/bin/cmake --install /home/trungbao/CYBER/cyberruner-main/build/cyberrunner_dynamixel
[5.758s] -- Install configuration: ""
[5.758s] -- Execute custom install script
[5.758s] -- Symlinking: /home/trungbao/CYBER/cyberruner-main/install/cyberrunner_dynamixel/lib/cyberrunner_dynamixel/dynamixel_config
[5.766s] -- Symlinking: /home/trungbao/CYBER/cyberruner-main/install/cyberrunner_dynamixel/lib/cyberrunner_dynamixel/cyberrunner_dynamixel
[5.773s] -- Symlinking: /home/trungbao/CYBER/cyberruner-main/install/cyberrunner_dynamixel/lib/cyberrunner_dynamixel/pantilt.py
[5.779s] -- Symlinking: /home/trungbao/CYBER/cyberruner-main/install/cyberrunner_dynamixel/lib/cyberrunner_dynamixel/hiwonder_compat_node.py
[5.785s] -- Symlinking: /home/trungbao/CYBER/cyberruner-main/install/cyberrunner_dynamixel/lib/cyberrunner_dynamixel/feetech_vel_node.py
[5.791s] -- Symlinking: /home/trungbao/CYBER/cyberruner-main/install/cyberrunner_dynamixel/lib/cyberrunner_dynamixel/feetech_config.py
[5.797s] -- Symlinking: /home/trungbao/CYBER/cyberruner-main/install/cyberrunner_dynamixel/share/ament_index/resource_index/package_run_dependencies/cyberrunner_dynamixel
[5.804s] -- Symlinking: /home/trungbao/CYBER/cyberruner-main/install/cyberrunner_dynamixel/share/ament_index/resource_index/parent_prefix_path/cyberrunner_dynamixel
[5.810s] -- Symlinking: /home/trungbao/CYBER/cyberruner-main/install/cyberrunner_dynamixel/share/cyberrunner_dynamixel/environment/ament_prefix_path.sh
[5.817s] -- Symlinking: /home/trungbao/CYBER/cyberruner-main/install/cyberrunner_dynamixel/share/cyberrunner_dynamixel/environment/ament_prefix_path.dsv
[5.823s] -- Symlinking: /home/trungbao/CYBER/cyberruner-main/install/cyberrunner_dynamixel/share/cyberrunner_dynamixel/environment/path.sh
[5.829s] -- Symlinking: /home/trungbao/CYBER/cyberruner-main/install/cyberrunner_dynamixel/share/cyberrunner_dynamixel/environment/path.dsv
[5.833s] -- Symlinking: /home/trungbao/CYBER/cyberruner-main/install/cyberrunner_dynamixel/share/cyberrunner_dynamixel/local_setup.bash
[5.839s] -- Symlinking: /home/trungbao/CYBER/cyberruner-main/install/cyberrunner_dynamixel/share/cyberrunner_dynamixel/local_setup.sh
[5.846s] -- Symlinking: /home/trungbao/CYBER/cyberruner-main/install/cyberrunner_dynamixel/share/cyberrunner_dynamixel/local_setup.zsh
[5.852s] -- Symlinking: /home/trungbao/CYBER/cyberruner-main/install/cyberrunner_dynamixel/share/cyberrunner_dynamixel/local_setup.dsv
[5.857s] -- Symlinking: /home/trungbao/CYBER/cyberruner-main/install/cyberrunner_dynamixel/share/cyberrunner_dynamixel/package.dsv
[5.863s] -- Symlinking: /home/trungbao/CYBER/cyberruner-main/install/cyberrunner_dynamixel/share/ament_index/resource_index/packages/cyberrunner_dynamixel
[5.869s] -- Symlinking: /home/trungbao/CYBER/cyberruner-main/install/cyberrunner_dynamixel/share/cyberrunner_dynamixel/cmake/cyberrunner_dynamixelConfig.cmake
[5.877s] -- Symlinking: /home/trungbao/CYBER/cyberruner-main/install/cyberrunner_dynamixel/share/cyberrunner_dynamixel/cmake/cyberrunner_dynamixelConfig-version.cmake
[5.884s] -- Symlinking: /home/trungbao/CYBER/cyberruner-main/install/cyberrunner_dynamixel/share/cyberrunner_dynamixel/package.xml
[5.892s] Invoked command in '/home/trungbao/CYBER/cyberruner-main/build/cyberrunner_dynamixel' returned '0': CMAKE_PREFIX_PATH=/home/trungbao/CYBER/cyberruner-main/install/cyberrunner_interfaces:/home/trungbao/cyberrunner_ws/install/cyberrunner_interfaces:/home/trungbao/cyberrunner_ws/install/cyberrunner_cpp:/home/trungbao/cyberrunner_ws/install/cyberrunner_camera:/home/trungbao/CYBER/cyberruner-main/install/cyberrunner_dynamixel_thomas:/home/trungbao/CYBER/cyberruner-main/install/cyberrunner_dynamixel:/home/trungbao/CYBER/cyberruner-main/install/cyberrunner_camera:/home/trungbao/cyberrunner_ws/install/cyberrunner_vision:/home/trungbao/cyberrunner_ws/install/cyberrunner_state_estimation:/home/trungbao/cyberrunner_ws/install/cyberrunner_pid:/home/trungbao/cyberrunner_ws/install/cyberrunner_dreamer:/home/trungbao/cyberrunner_ws/install/cyberrunner_hiwonder:/home/trungbao/CYBER/cyberruner-main/install/cyberrunner_state_estimation:/home/trungbao/CYBER/cyberruner-main/install/cyberrunner_dreamer_thomas:/home/trungbao/CYBER/cyberruner-main/install/cyberrunner_dreamer:/opt/ros/humble LD_LIBRARY_PATH=/home/trungbao/CYBER/cyberruner-main/install/cyberrunner_interfaces/lib:/home/trungbao/cyberrunner_ws/install/cyberrunner_interfaces/lib:/opt/ros/humble/opt/rviz_ogre_vendor/lib:/opt/ros/humble/lib/x86_64-linux-gnu:/opt/ros/humble/lib /usr/bin/cmake --install /home/trungbao/CYBER/cyberruner-main/build/cyberrunner_dynamixel
