/home/trungbao/.local/lib/python3.10/site-packages/setuptools/_distutils/dist.py:289: UserWarning: Unknown distribution option: 'tests_require'
  warnings.warn(msg)
running develop
running egg_info
creating cyberrunner_dreamer_thomas.egg-info
writing cyberrunner_dreamer_thomas.egg-info/PKG-INFO
writing dependency_links to cyberrunner_dreamer_thomas.egg-info/dependency_links.txt
writing entry points to cyberrunner_dreamer_thomas.egg-info/entry_points.txt
writing requirements to cyberrunner_dreamer_thomas.egg-info/requires.txt
writing top-level names to cyberrunner_dreamer_thomas.egg-info/top_level.txt
writing manifest file 'cyberrunner_dreamer_thomas.egg-info/SOURCES.txt'
reading manifest file 'cyberrunner_dreamer_thomas.egg-info/SOURCES.txt'
writing manifest file 'cyberrunner_dreamer_thomas.egg-info/SOURCES.txt'
running build_ext
Creating /home/trungbao/CYBER/cyberruner-main/install/cyberrunner_dreamer_thomas/lib/python3.10/site-packages/cyberrunner-dreamer-thomas.egg-link (link to .)
Installing eval_thomas script to /home/trungbao/CYBER/cyberruner-main/install/cyberrunner_dreamer_thomas/lib/cyberrunner_dreamer_thomas
Installing test_thomas script to /home/trungbao/CYBER/cyberruner-main/install/cyberrunner_dreamer_thomas/lib/cyberrunner_dreamer_thomas
Installing train_parallel_thomas script to /home/trungbao/CYBER/cyberruner-main/install/cyberrunner_dreamer_thomas/lib/cyberrunner_dreamer_thomas
Installing train_tcp_dreamer4_thomas script to /home/trungbao/CYBER/cyberruner-main/install/cyberrunner_dreamer_thomas/lib/cyberrunner_dreamer_thomas
Installing train_tcp_thomas script to /home/trungbao/CYBER/cyberruner-main/install/cyberrunner_dreamer_thomas/lib/cyberrunner_dreamer_thomas
Installing train_thomas script to /home/trungbao/CYBER/cyberruner-main/install/cyberrunner_dreamer_thomas/lib/cyberrunner_dreamer_thomas

Installed /home/trungbao/CYBER/cyberruner-main/build/cyberrunner_dreamer_thomas
running symlink_data
creating /home/trungbao/CYBER/cyberruner-main/install/cyberrunner_dreamer_thomas/share/ament_index/resource_index/packages
symbolically linking /home/trungbao/CYBER/cyberruner-main/build/cyberrunner_dreamer_thomas/resource/cyberrunner_dreamer_thomas -> /home/trungbao/CYBER/cyberruner-main/install/cyberrunner_dreamer_thomas/share/ament_index/resource_index/packages
symbolically linking /home/trungbao/CYBER/cyberruner-main/build/cyberrunner_dreamer_thomas/package.xml -> /home/trungbao/CYBER/cyberruner-main/install/cyberrunner_dreamer_thomas/share/cyberrunner_dreamer_thomas
symbolically linking /home/trungbao/CYBER/cyberruner-main/build/cyberrunner_dreamer_thomas/data/path_0002_hard.pkl -> /home/trungbao/CYBER/cyberruner-main/install/cyberrunner_dreamer_thomas/share/cyberrunner_dreamer_thomas
