[0.905s] Invoking command in '/home/trungbao/CYBER/cyberruner-main/build/cyberrunner_dreamer_thomas': CMAKE_PREFIX_PATH=/home/trungbao/CYBER/cyberruner-main/install/cyberrunner_interfaces:/home/trungbao/cyberrunner_ws/install/cyberrunner_interfaces:/home/trungbao/cyberrunner_ws/install/cyberrunner_cpp:/home/trungbao/cyberrunner_ws/install/cyberrunner_camera:/home/trungbao/CYBER/cyberruner-main/install/cyberrunner_dynamixel_thomas:/home/trungbao/CYBER/cyberruner-main/install/cyberrunner_dynamixel:/home/trungbao/CYBER/cyberruner-main/install/cyberrunner_camera LD_LIBRARY_PATH=/home/trungbao/CYBER/cyberruner-main/install/cyberrunner_interfaces/lib:/home/trungbao/cyberrunner_ws/install/cyberrunner_interfaces/lib:/opt/ros/humble/opt/rviz_ogre_vendor/lib:/opt/ros/humble/lib/x86_64-linux-gnu:/opt/ros/humble/lib PYTHONPATH=/home/trungbao/CYBER/cyberruner-main/build/cyberrunner_dreamer_thomas/prefix_override:/usr/lib/python3/dist-packages/colcon_core/task/python/colcon_distutils_commands:/home/trungbao/CYBER/cyberruner-main/install/cyberrunner_dreamer_thomas/lib/python3.10/site-packages:${PYTHONPATH} /usr/bin/python3 -W ignore:setup.py install is deprecated -W ignore:easy_install command is deprecated setup.py develop --editable --build-directory /home/trungbao/CYBER/cyberruner-main/build/cyberrunner_dreamer_thomas/build --no-deps symlink_data
[1.000s] /home/trungbao/.local/lib/python3.10/site-packages/setuptools/_distutils/dist.py:289: UserWarning: Unknown distribution option: 'tests_require'
[1.000s]   warnings.warn(msg)
[1.093s] running develop
[1.210s] running egg_info
[1.218s] creating cyberrunner_dreamer_thomas.egg-info
[1.218s] writing cyberrunner_dreamer_thomas.egg-info/PKG-INFO
[1.219s] writing dependency_links to cyberrunner_dreamer_thomas.egg-info/dependency_links.txt
[1.219s] writing entry points to cyberrunner_dreamer_thomas.egg-info/entry_points.txt
[1.219s] writing requirements to cyberrunner_dreamer_thomas.egg-info/requires.txt
[1.219s] writing top-level names to cyberrunner_dreamer_thomas.egg-info/top_level.txt
[1.219s] writing manifest file 'cyberrunner_dreamer_thomas.egg-info/SOURCES.txt'
[1.238s] reading manifest file 'cyberrunner_dreamer_thomas.egg-info/SOURCES.txt'
[1.238s] writing manifest file 'cyberrunner_dreamer_thomas.egg-info/SOURCES.txt'
[1.248s] running build_ext
[1.249s] Creating /home/trungbao/CYBER/cyberruner-main/install/cyberrunner_dreamer_thomas/lib/python3.10/site-packages/cyberrunner-dreamer-thomas.egg-link (link to .)
[1.249s] Installing eval_thomas script to /home/trungbao/CYBER/cyberruner-main/install/cyberrunner_dreamer_thomas/lib/cyberrunner_dreamer_thomas
[1.249s] Installing test_thomas script to /home/trungbao/CYBER/cyberruner-main/install/cyberrunner_dreamer_thomas/lib/cyberrunner_dreamer_thomas
[1.249s] Installing train_parallel_thomas script to /home/trungbao/CYBER/cyberruner-main/install/cyberrunner_dreamer_thomas/lib/cyberrunner_dreamer_thomas
[1.249s] Installing train_tcp_dreamer4_thomas script to /home/trungbao/CYBER/cyberruner-main/install/cyberrunner_dreamer_thomas/lib/cyberrunner_dreamer_thomas
[1.249s] Installing train_tcp_thomas script to /home/trungbao/CYBER/cyberruner-main/install/cyberrunner_dreamer_thomas/lib/cyberrunner_dreamer_thomas
[1.249s] Installing train_thomas script to /home/trungbao/CYBER/cyberruner-main/install/cyberrunner_dreamer_thomas/lib/cyberrunner_dreamer_thomas
[1.249s] 
[1.249s] Installed /home/trungbao/CYBER/cyberruner-main/build/cyberrunner_dreamer_thomas
[1.250s] running symlink_data
[1.250s] creating /home/trungbao/CYBER/cyberruner-main/install/cyberrunner_dreamer_thomas/share/ament_index/resource_index/packages
[1.250s] symbolically linking /home/trungbao/CYBER/cyberruner-main/build/cyberrunner_dreamer_thomas/resource/cyberrunner_dreamer_thomas -> /home/trungbao/CYBER/cyberruner-main/install/cyberrunner_dreamer_thomas/share/ament_index/resource_index/packages
[1.250s] symbolically linking /home/trungbao/CYBER/cyberruner-main/build/cyberrunner_dreamer_thomas/package.xml -> /home/trungbao/CYBER/cyberruner-main/install/cyberrunner_dreamer_thomas/share/cyberrunner_dreamer_thomas
[1.250s] symbolically linking /home/trungbao/CYBER/cyberruner-main/build/cyberrunner_dreamer_thomas/data/path_0002_hard.pkl -> /home/trungbao/CYBER/cyberruner-main/install/cyberrunner_dreamer_thomas/share/cyberrunner_dreamer_thomas
[1.271s] Invoked command in '/home/trungbao/CYBER/cyberruner-main/build/cyberrunner_dreamer_thomas' returned '0': CMAKE_PREFIX_PATH=/home/trungbao/CYBER/cyberruner-main/install/cyberrunner_interfaces:/home/trungbao/cyberrunner_ws/install/cyberrunner_interfaces:/home/trungbao/cyberrunner_ws/install/cyberrunner_cpp:/home/trungbao/cyberrunner_ws/install/cyberrunner_camera:/home/trungbao/CYBER/cyberruner-main/install/cyberrunner_dynamixel_thomas:/home/trungbao/CYBER/cyberruner-main/install/cyberrunner_dynamixel:/home/trungbao/CYBER/cyberruner-main/install/cyberrunner_camera LD_LIBRARY_PATH=/home/trungbao/CYBER/cyberruner-main/install/cyberrunner_interfaces/lib:/home/trungbao/cyberrunner_ws/install/cyberrunner_interfaces/lib:/opt/ros/humble/opt/rviz_ogre_vendor/lib:/opt/ros/humble/lib/x86_64-linux-gnu:/opt/ros/humble/lib PYTHONPATH=/home/trungbao/CYBER/cyberruner-main/build/cyberrunner_dreamer_thomas/prefix_override:/usr/lib/python3/dist-packages/colcon_core/task/python/colcon_distutils_commands:/home/trungbao/CYBER/cyberruner-main/install/cyberrunner_dreamer_thomas/lib/python3.10/site-packages:${PYTHONPATH} /usr/bin/python3 -W ignore:setup.py install is deprecated -W ignore:easy_install command is deprecated setup.py develop --editable --build-directory /home/trungbao/CYBER/cyberruner-main/build/cyberrunner_dreamer_thomas/build --no-deps symlink_data
