[INFO] [1779468221.149887138] [cyberrunner_camera]: Using OpenCV OpenCL/UMat for camera resize/border.
[INFO] [1779468221.255289954] [cyberrunner_camera]: Requested FOURCC: MJPG
[INFO] [1779468221.255478152] [cyberrunner_camera]: Actual FOURCC: MJPG
[INFO] [1779468221.255639659] [cyberrunner_camera]: Actual camera size: 1280x720
[INFO] [1779468221.255781853] [cyberrunner_camera]: Actual camera FPS: 60.0
[INFO] [1779468221.256226710] [cyberrunner_camera]: Publishing /dev/video2 target 60.0 Hz, output 640x400
[WARN] [1779468221.273159307] [cyberrunner_camera]: No camera frame available yet
[WARN] [1779468221.526606926] [cyberrunner_camera]: Slow camera publish period=0.2703s fps=3.7 total=0.0035s frame_age=0.0083s copy=0.0007s resize=0.0020s border=0.0001s msg=0.0005s pub=0.0001s
Using device: /dev/video2. To use a different device use:
ros2 run cyberrunner_camera cam_publisher.py /dev/video*
Traceback (most recent call last):
  File "/home/trungbao/CYBER/cyberruner-main/install/cyberrunner_camera/lib/cyberrunner_camera/cam_publisher.py", line 339, in main
    rclpy.spin(node)
  File "/opt/ros/humble/local/lib/python3.10/dist-packages/rclpy/__init__.py", line 229, in spin
    executor.spin_once()
  File "/opt/ros/humble/local/lib/python3.10/dist-packages/rclpy/executors.py", line 808, in spin_once
    self._spin_once_impl(timeout_sec)
  File "/opt/ros/humble/local/lib/python3.10/dist-packages/rclpy/executors.py", line 797, in _spin_once_impl
    handler, entity, node = self.wait_for_ready_callbacks(timeout_sec=timeout_sec)
  File "/opt/ros/humble/local/lib/python3.10/dist-packages/rclpy/executors.py", line 780, in wait_for_ready_callbacks
    return next(self._cb_iter)
  File "/opt/ros/humble/local/lib/python3.10/dist-packages/rclpy/executors.py", line 681, in _wait_for_ready_callbacks
    raise ExternalShutdownException()
rclpy.executors.ExternalShutdownException

During handling of the above exception, another exception occurred:

Traceback (most recent call last):
  File "/home/trungbao/CYBER/cyberruner-main/install/cyberrunner_camera/lib/cyberrunner_camera/cam_publisher.py", line 346, in <module>
    main()
  File "/home/trungbao/CYBER/cyberruner-main/install/cyberrunner_camera/lib/cyberrunner_camera/cam_publisher.py", line 342, in main
    rclpy.shutdown()
  File "/opt/ros/humble/local/lib/python3.10/dist-packages/rclpy/__init__.py", line 130, in shutdown
    _shutdown(context=context)
  File "/opt/ros/humble/local/lib/python3.10/dist-packages/rclpy/utilities.py", line 58, in shutdown
    return context.shutdown()
  File "/opt/ros/humble/local/lib/python3.10/dist-packages/rclpy/context.py", line 102, in shutdown
    self.__context.shutdown()
rclpy._rclpy_pybind11.RCLError: failed to shutdown: rcl_shutdown already called on the given context, at ./src/rcl/init.c:241
