[INFO] [1779468716.099117217] [cyberrunner_hiwonder_compat]: Opened Hiwonder HID 0483:5750
[INFO] [1779468871.805448786] [cyberrunner_hiwonder_compat]: target=(500.0, 500.0) pos=(500, 500)
[WARN] [1779468872.803825864] [cyberrunner_hiwonder_compat]: Command timeout; returning Hiwonder servos home
[INFO] [1779468873.805603764] [cyberrunner_hiwonder_compat]: target=(590.0, 573.0) pos=(495, 503)
[INFO] [1779468875.805620430] [cyberrunner_hiwonder_compat]: target=(499.0, 529.0) pos=(499, 529)
[INFO] [1779468877.839450196] [cyberrunner_hiwonder_compat]: target=(494.0, 487.0) pos=(494, 487)
[INFO] [1779468879.871429303] [cyberrunner_hiwonder_compat]: target=(466.0, 469.0) pos=(444, 469)
[INFO] [1779468881.871537503] [cyberrunner_hiwonder_compat]: target=(568.0, 574.0) pos=(544, 583)
[INFO] [1779468883.905394460] [cyberrunner_hiwonder_compat]: target=(548.0, 395.0) pos=(548, 551)
[INFO] [1779468885.905411798] [cyberrunner_hiwonder_compat]: target=(380.0, 417.0) pos=(395, 478)
[INFO] [1779468887.937285232] [cyberrunner_hiwonder_compat]: target=(460.0, 491.0) pos=(550, 551)
[INFO] [1779468889.939572353] [cyberrunner_hiwonder_compat]: target=(446.0, 518.0) pos=(446, 528)
[INFO] [1779468891.971560736] [cyberrunner_hiwonder_compat]: target=(475.0, 469.0) pos=(475, 469)
[INFO] [1779468894.005369678] [cyberrunner_hiwonder_compat]: target=(429.0, 590.0) pos=(429, 527)
[INFO] [1779468896.005532874] [cyberrunner_hiwonder_compat]: target=(507.0, 534.0) pos=(517, 534)
[INFO] [1779468898.005578110] [cyberrunner_hiwonder_compat]: target=(494.0, 438.0) pos=(494, 438)
[INFO] [1779468900.005750013] [cyberrunner_hiwonder_compat]: target=(411.0, 458.0) pos=(515, 545)
[INFO] [1779468902.039603367] [cyberrunner_hiwonder_compat]: target=(602.0, 543.0) pos=(602, 417)
[INFO] [1779468904.071543951] [cyberrunner_hiwonder_compat]: target=(470.0, 562.0) pos=(470, 489)
[INFO] [1779468906.071569894] [cyberrunner_hiwonder_compat]: target=(602.0, 425.0) pos=(567, 425)
[INFO] [1779468908.071579952] [cyberrunner_hiwonder_compat]: target=(460.0, 600.0) pos=(460, 528)
[INFO] [1779468910.105334518] [cyberrunner_hiwonder_compat]: target=(470.0, 484.0) pos=(470, 484)
[INFO] [1779468912.139371552] [cyberrunner_hiwonder_compat]: target=(467.0, 500.0) pos=(457, 515)
[INFO] [1779468914.139419710] [cyberrunner_hiwonder_compat]: target=(529.0, 588.0) pos=(529, 479)
[INFO] [1779468916.139460253] [cyberrunner_hiwonder_compat]: target=(420.0, 606.0) pos=(421, 528)
[INFO] [1779468918.171272786] [cyberrunner_hiwonder_compat]: target=(399.0, 515.0) pos=(551, 500)
[INFO] [1779468920.171479643] [cyberrunner_hiwonder_compat]: target=(570.0, 462.0) pos=(557, 462)
[INFO] [1779468922.171496390] [cyberrunner_hiwonder_compat]: target=(582.0, 477.0) pos=(426, 510)
[INFO] [1779468924.171532180] [cyberrunner_hiwonder_compat]: target=(426.0, 609.0) pos=(500, 569)
[INFO] [1779468926.205422392] [cyberrunner_hiwonder_compat]: target=(413.0, 569.0) pos=(431, 502)
[INFO] [1779468928.205490789] [cyberrunner_hiwonder_compat]: target=(522.0, 601.0) pos=(474, 500)
[INFO] [1779468930.239259165] [cyberrunner_hiwonder_compat]: target=(571.0, 568.0) pos=(539, 516)
[INFO] [1779468932.239261214] [cyberrunner_hiwonder_compat]: target=(601.0, 607.0) pos=(517, 607)
[INFO] [1779468934.239416006] [cyberrunner_hiwonder_compat]: target=(525.0, 549.0) pos=(525, 527)
[INFO] [1779468936.271338485] [cyberrunner_hiwonder_compat]: target=(414.0, 534.0) pos=(563, 534)
[INFO] [1779468938.271384579] [cyberrunner_hiwonder_compat]: target=(384.0, 594.0) pos=(527, 572)
[INFO] [1779468940.305168554] [cyberrunner_hiwonder_compat]: target=(398.0, 515.0) pos=(488, 544)
[INFO] [1779468942.305390031] [cyberrunner_hiwonder_compat]: target=(483.0, 618.0) pos=(459, 498)
[INFO] [1779468944.339377792] [cyberrunner_hiwonder_compat]: target=(515.0, 535.0) pos=(477, 522)
[INFO] [1779468946.371309067] [cyberrunner_hiwonder_compat]: target=(516.0, 459.0) pos=(510, 493)
[INFO] [1779468948.371393830] [cyberrunner_hiwonder_compat]: target=(544.0, 450.0) pos=(529, 474)
[INFO] [1779468950.405472305] [cyberrunner_hiwonder_compat]: target=(603.0, 392.0) pos=(536, 489)
[INFO] [1779468952.439422987] [cyberrunner_hiwonder_compat]: target=(535.0, 436.0) pos=(535, 437)
[INFO] [1779468954.439419937] [cyberrunner_hiwonder_compat]: target=(453.0, 614.0) pos=(477, 577)
[INFO] [1779468956.471250949] [cyberrunner_hiwonder_compat]: target=(417.0, 481.0) pos=(453, 481)
[INFO] [1779468958.471443891] [cyberrunner_hiwonder_compat]: target=(473.0, 434.0) pos=(463, 442)
[INFO] [1779468960.539233414] [cyberrunner_hiwonder_compat]: target=(611.0, 618.0) pos=(517, 531)
[INFO] [1779468962.571341586] [cyberrunner_hiwonder_compat]: target=(475.0, 503.0) pos=(475, 503)
[INFO] [1779468964.605220641] [cyberrunner_hiwonder_compat]: target=(483.0, 569.0) pos=(483, 497)
[INFO] [1779468966.605300457] [cyberrunner_hiwonder_compat]: target=(453.0, 496.0) pos=(453, 496)
[INFO] [1779468968.605377795] [cyberrunner_hiwonder_compat]: target=(597.0, 468.0) pos=(544, 441)
[INFO] [1779468970.605385254] [cyberrunner_hiwonder_compat]: target=(536.0, 455.0) pos=(519, 468)
[INFO] [1779468972.605394185] [cyberrunner_hiwonder_compat]: target=(542.0, 450.0) pos=(479, 479)
[INFO] [1779468974.639081572] [cyberrunner_hiwonder_compat]: target=(478.0, 541.0) pos=(577, 541)
[INFO] [1779468976.639397301] [cyberrunner_hiwonder_compat]: target=(437.0, 416.0) pos=(436, 527)
[INFO] [1779468978.639429545] [cyberrunner_hiwonder_compat]: target=(613.0, 557.0) pos=(488, 557)
[INFO] [1779468980.671377101] [cyberrunner_hiwonder_compat]: target=(540.0, 402.0) pos=(534, 449)
[INFO] [1779468982.705274388] [cyberrunner_hiwonder_compat]: target=(534.0, 494.0) pos=(534, 494)
[INFO] [1779468984.705333410] [cyberrunner_hiwonder_compat]: target=(486.0, 398.0) pos=(486, 399)
[INFO] [1779468986.739167636] [cyberrunner_hiwonder_compat]: target=(588.0, 568.0) pos=(482, 498)
[INFO] [1779468988.739269302] [cyberrunner_hiwonder_compat]: target=(401.0, 501.0) pos=(521, 501)
[INFO] [1779468990.739274356] [cyberrunner_hiwonder_compat]: target=(521.0, 407.0) pos=(506, 525)
[INFO] [1779468992.771158342] [cyberrunner_hiwonder_compat]: target=(564.0, 524.0) pos=(517, 485)
[INFO] [1779468994.805192547] [cyberrunner_hiwonder_compat]: target=(585.0, 584.0) pos=(504, 565)
[INFO] [1779468996.805359314] [cyberrunner_hiwonder_compat]: target=(548.0, 438.0) pos=(453, 472)
[INFO] [1779468998.805423911] [cyberrunner_hiwonder_compat]: target=(601.0, 508.0) pos=(584, 567)
[INFO] [1779469000.805430183] [cyberrunner_hiwonder_compat]: target=(574.0, 470.0) pos=(574, 470)
[INFO] [1779469002.871112323] [cyberrunner_hiwonder_compat]: target=(549.0, 572.0) pos=(549, 547)
[INFO] [1779469004.871442984] [cyberrunner_hiwonder_compat]: target=(417.0, 440.0) pos=(417, 440)
[INFO] [1779469006.905130317] [cyberrunner_hiwonder_compat]: target=(464.0, 491.0) pos=(590, 536)
[INFO] [1779469008.939110400] [cyberrunner_hiwonder_compat]: target=(569.0, 484.0) pos=(545, 484)
[INFO] [1779469010.939122970] [cyberrunner_hiwonder_compat]: target=(599.0, 528.0) pos=(587, 528)
[INFO] [1779469012.971042791] [cyberrunner_hiwonder_compat]: target=(597.0, 381.0) pos=(490, 511)
[INFO] [1779469014.971115588] [cyberrunner_hiwonder_compat]: target=(469.0, 396.0) pos=(469, 443)
[INFO] [1779469017.005086058] [cyberrunner_hiwonder_compat]: target=(415.0, 387.0) pos=(472, 398)
[INFO] [1779469019.005319154] [cyberrunner_hiwonder_compat]: target=(417.0, 435.0) pos=(417, 502)
[INFO] [1779469021.039204227] [cyberrunner_hiwonder_compat]: target=(483.0, 505.0) pos=(483, 498)
[INFO] [1779469023.071114018] [cyberrunner_hiwonder_compat]: target=(531.0, 403.0) pos=(468, 446)
[INFO] [1779469025.105105632] [cyberrunner_hiwonder_compat]: target=(550.0, 401.0) pos=(475, 448)
[INFO] [1779469027.105284837] [cyberrunner_hiwonder_compat]: target=(442.0, 519.0) pos=(524, 525)
[INFO] [1779469029.139019325] [cyberrunner_hiwonder_compat]: target=(451.0, 599.0) pos=(555, 526)
[INFO] [1779469031.139078682] [cyberrunner_hiwonder_compat]: target=(614.0, 394.0) pos=(547, 410)
[INFO] [1779469033.139203944] [cyberrunner_hiwonder_compat]: target=(440.0, 561.0) pos=(441, 561)
[INFO] [1779469035.139262247] [cyberrunner_hiwonder_compat]: target=(619.0, 536.0) pos=(543, 536)
[INFO] [1779469037.170986613] [cyberrunner_hiwonder_compat]: target=(545.0, 451.0) pos=(545, 512)
[INFO] [1779469039.171236944] [cyberrunner_hiwonder_compat]: target=(463.0, 566.0) pos=(463, 523)
[INFO] [1779469041.205120138] [cyberrunner_hiwonder_compat]: target=(597.0, 478.0) pos=(597, 466)
[INFO] [1779469043.238925919] [cyberrunner_hiwonder_compat]: target=(561.0, 540.0) pos=(554, 540)
[INFO] [1779469045.238994773] [cyberrunner_hiwonder_compat]: target=(463.0, 546.0) pos=(545, 462)
[INFO] [1779469047.239058557] [cyberrunner_hiwonder_compat]: target=(401.0, 394.0) pos=(401, 506)
[WARN] [1779469049.008989011] [cyberrunner_hiwonder_compat]: Hiwonder command failed; will reconnect
[INFO] [1779469050.256123214] [cyberrunner_hiwonder_compat]: Reconnected to Hiwonder HID
[INFO] [1779469050.361049668] [cyberrunner_hiwonder_compat]: target=(500.0, 500.0) pos=(500, 500)
[INFO] [1779469052.370990162] [cyberrunner_hiwonder_compat]: target=(573.0, 433.0) pos=(573, 488)
[WARN] [1779469053.736787880] [cyberrunner_hiwonder_compat]: Command timeout; returning Hiwonder servos home
[WARN] [1779469054.770095249] [cyberrunner_hiwonder_compat]: Command timeout; returning Hiwonder servos home
[INFO] [1779469055.405103387] [cyberrunner_hiwonder_compat]: target=(408.0, 579.0) pos=(470, 530)
[INFO] [1779469057.438935602] [cyberrunner_hiwonder_compat]: target=(423.0, 558.0) pos=(419, 483)
[INFO] [1779469059.471001471] [cyberrunner_hiwonder_compat]: target=(473.0, 561.0) pos=(473, 486)
[WARN] [1779469062.403442501] [cyberrunner_hiwonder_compat]: Command timeout; returning Hiwonder servos home
[INFO] [1779469062.404913957] [cyberrunner_hiwonder_compat]: target=(500.0, 500.0) pos=(470, 499)
[INFO] [1779469066.038914944] [cyberrunner_hiwonder_compat]: target=(380.0, 620.0) pos=(470, 530)
[INFO] [1779469068.070956158] [cyberrunner_hiwonder_compat]: target=(526.0, 380.0) pos=(440, 440)
[INFO] [1779469070.071159239] [cyberrunner_hiwonder_compat]: target=(380.0, 402.0) pos=(380, 459)
[INFO] [1779469072.104962079] [cyberrunner_hiwonder_compat]: target=(474.0, 389.0) pos=(546, 389)
[WARN] [1779469073.903761987] [cyberrunner_hiwonder_compat]: Command timeout; returning Hiwonder servos home
[WARN] [1779469116.203547984] [cyberrunner_hiwonder_compat]: Command timeout; returning Hiwonder servos home
[INFO] [1779469116.872827963] [cyberrunner_hiwonder_compat]: target=(395.0, 416.0) pos=(470, 470)
[WARN] [1779469118.070417703] [cyberrunner_hiwonder_compat]: Command timeout; returning Hiwonder servos home
[WARN] [1779469163.003670988] [cyberrunner_hiwonder_compat]: Command timeout; returning Hiwonder servos home
[WARN] [1779469321.403410211] [cyberrunner_hiwonder_compat]: Command timeout; returning Hiwonder servos home
