[INFO] [1779468223.390498170] [cyberrunner_state_estimation]: Image subscriber has been initialized.
camera localization: getting T__C_W
T^W_C:
[[ 0.998  0.022  0.055  0.138]
 [ 0.024 -0.999 -0.029  0.15 ]
 [ 0.054  0.031 -0.998  0.475]
 [ 0.     0.     0.     1.   ]]


Traceback (most recent call last):
  File "/home/trungbao/CYBER/cyberruner-main/install/cyberrunner_state_estimation/lib/cyberrunner_state_estimation/estimator_sub", line 33, in <module>
    sys.exit(load_entry_point('cyberrunner-state-estimation', 'console_scripts', 'estimator_sub')())
  File "/home/trungbao/CYBER/cyberruner-main/build/cyberrunner_state_estimation/cyberrunner_state_estimation/cyberrunner_state_estimation_subimg.py", line 126, in main
    # self.a[-1] = msg.state.alpha
  File "/opt/ros/humble/local/lib/python3.10/dist-packages/rclpy/__init__.py", line 229, in spin
    executor.spin_once()
  File "/opt/ros/humble/local/lib/python3.10/dist-packages/rclpy/executors.py", line 808, in spin_once
    self._spin_once_impl(timeout_sec)
  File "/opt/ros/humble/local/lib/python3.10/dist-packages/rclpy/executors.py", line 797, in _spin_once_impl
    handler, entity, node = self.wait_for_ready_callbacks(timeout_sec=timeout_sec)
  File "/opt/ros/humble/local/lib/python3.10/dist-packages/rclpy/executors.py", line 780, in wait_for_ready_callbacks
    return next(self._cb_iter)
  File "/opt/ros/humble/local/lib/python3.10/dist-packages/rclpy/executors.py", line 653, in _wait_for_ready_callbacks
    wait_set = _rclpy.WaitSet(
rclpy._rclpy_pybind11.RCLError: failed to initialize wait set: the given context is not valid, either rcl_init() was not called or rcl_shutdown() was called., at ./src/rcl/wait.c:130
