[INFO] [1779469152.180160715] [tcp_ros_bridge]: TCP ROS bridge will connect to 127.0.0.1:5555
[INFO] [1779469152.182009385] [tcp_ros_bridge]: Connecting to server 127.0.0.1:5555 ...
[INFO] [1779469152.182277795] [tcp_ros_bridge]: Connected to TCP training server.
Exception in thread Thread-1 (spin_loop):
Traceback (most recent call last):
  File "/usr/lib/python3.10/threading.py", line 1016, in _bootstrap_inner
    self.run()
  File "/usr/lib/python3.10/threading.py", line 953, in run
    self._target(*self._args, **self._kwargs)
  File "/home/trungbao/CYBER/cyberruner-main/tcp_ros_bridge.py", line 86, in spin_loop
    rclpy.spin_once(self, timeout_sec=0.01)
  File "/opt/ros/humble/local/lib/python3.10/dist-packages/rclpy/__init__.py", line 208, in spin_once
    executor.spin_once(timeout_sec=timeout_sec)
  File "/opt/ros/humble/local/lib/python3.10/dist-packages/rclpy/executors.py", line 808, in spin_once
    self._spin_once_impl(timeout_sec)
  File "/opt/ros/humble/local/lib/python3.10/dist-packages/rclpy/executors.py", line 797, in _spin_once_impl
    handler, entity, node = self.wait_for_ready_callbacks(timeout_sec=timeout_sec)
  File "/opt/ros/humble/local/lib/python3.10/dist-packages/rclpy/executors.py", line 780, in wait_for_ready_callbacks
    return next(self._cb_iter)
  File "/opt/ros/humble/local/lib/python3.10/dist-packages/rclpy/executors.py", line 681, in _wait_for_ready_callbacks
    raise ExternalShutdownException()
rclpy.executors.ExternalShutdownException
Traceback (most recent call last):
  File "/home/trungbao/CYBER/cyberruner-main/tcp_ros_bridge.py", line 216, in <module>
    except Exception:
  File "/home/trungbao/CYBER/cyberruner-main/tcp_ros_bridge.py", line 212, in main
    except Exception as e:
  File "/opt/ros/humble/local/lib/python3.10/dist-packages/rclpy/__init__.py", line 130, in shutdown
    _shutdown(context=context)
  File "/opt/ros/humble/local/lib/python3.10/dist-packages/rclpy/utilities.py", line 58, in shutdown
    return context.shutdown()
  File "/opt/ros/humble/local/lib/python3.10/dist-packages/rclpy/context.py", line 102, in shutdown
    self.__context.shutdown()
rclpy._rclpy_pybind11.RCLError: failed to shutdown: rcl_shutdown already called on the given context, at ./src/rcl/init.c:241
