-- The C compiler identification is GNU 11.4.0
-- The CXX compiler identification is GNU 11.4.0
-- Detecting C compiler ABI info
-- Detecting C compiler ABI info - done
-- Check for working C compiler: /usr/bin/cc - skipped
-- Detecting C compile features
-- Detecting C compile features - done
-- Detecting CXX compiler ABI info
-- Detecting CXX compiler ABI info - done
-- Check for working CXX compiler: /usr/bin/c++ - skipped
-- Detecting CXX compile features
-- Detecting CXX compile features - done
-- Found ament_cmake: 1.3.14 (/opt/ros/humble/share/ament_cmake/cmake)
-- Found Python3: /usr/bin/python3 (found version "3.10.12") found components: Interpreter 
-- Override CMake install command with custom implementation using symlinks instead of copying resources
-- Found rclcpp: 16.0.19 (/opt/ros/humble/share/rclcpp/cmake)
-- Found rosidl_generator_c: 3.1.8 (/opt/ros/humble/share/rosidl_generator_c/cmake)
-- Found rosidl_adapter: 3.1.8 (/opt/ros/humble/share/rosidl_adapter/cmake)
-- Found rosidl_generator_cpp: 3.1.8 (/opt/ros/humble/share/rosidl_generator_cpp/cmake)
-- Using all available rosidl_typesupport_c: rosidl_typesupport_fastrtps_c;rosidl_typesupport_introspection_c
-- Using all available rosidl_typesupport_cpp: rosidl_typesupport_fastrtps_cpp;rosidl_typesupport_introspection_cpp
-- Found rmw_implementation_cmake: 6.1.2 (/opt/ros/humble/share/rmw_implementation_cmake/cmake)
-- Found rmw_fastrtps_cpp: 6.2.10 (/opt/ros/humble/share/rmw_fastrtps_cpp/cmake)
-- Found OpenSSL: /usr/lib/x86_64-linux-gnu/libcrypto.so (found version "3.0.2")  
-- Found FastRTPS: /opt/ros/humble/include  
-- Using RMW implementation 'rmw_fastrtps_cpp' as default
-- Looking for pthread.h
-- Looking for pthread.h - found
-- Performing Test CMAKE_HAVE_LIBC_PTHREAD
-- Performing Test CMAKE_HAVE_LIBC_PTHREAD - Success
-- Found Threads: TRUE  
-- Found cyberrunner_interfaces: 0.0.0 (/home/trungbao/CYBER/cyberruner-main/install/cyberrunner_interfaces/share/cyberrunner_interfaces/cmake)
-- Found dynamixel_sdk: 4.0.3 (/opt/ros/humble/share/dynamixel_sdk/cmake)
-- Found rclpy: 3.3.21 (/opt/ros/humble/share/rclpy/cmake)
-- Found ament_lint_auto: 0.12.15 (/opt/ros/humble/share/ament_lint_auto/cmake)
-- Added test 'copyright' to check source files copyright and LICENSE
-- Added test 'cppcheck' to perform static code analysis on C / C++ code
-- Configured cppcheck include dirs: /home/trungbao/CYBER/cyberruner-main/cyberrunner_dynamixel_thomas/include
-- Configured cppcheck exclude dirs and/or files: 
-- Added test 'cpplint' to check C / C++ code against the Google style
-- Configured cpplint exclude dirs and/or files: 
-- Added test 'flake8' to check Python code syntax and style conventions
-- Added test 'lint_cmake' to check CMake code style
-- Added test 'pep257' to check Python code against some of the docstring style conventions in PEP 257
-- Added test 'uncrustify' to check C / C++ code style
-- Configured uncrustify additional arguments: 
-- Added test 'xmllint' to check XML markup files
-- Configuring done
-- Generating done
-- Build files have been written to: /home/trungbao/CYBER/cyberruner-main/build/cyberrunner_dynamixel_thomas
[ 20%] [32mBuilding CXX object CMakeFiles/cyberrunner_dynamixel_thomas.dir/src/cyberrunner_dynamixel.cpp.o[0m
[ 60%] [32mBuilding CXX object CMakeFiles/cyberrunner_dynamixel_thomas.dir/src/dynamixel_controller.cpp.o[0m
[ 60%] [32mBuilding CXX object CMakeFiles/dynamixel_config_thomas.dir/src/dynamixel_config.cpp.o[0m
[ 80%] [32m[1mLinking CXX executable dynamixel_config_thomas[0m
[01m[K/home/trungbao/CYBER/cyberruner-main/cyberrunner_dynamixel_thomas/src/dynamixel_controller.cpp:[m[K In function ‘[01m[Kint dynamixel_init(const char*, int, int*, int, uint16_t, uint32_t*)[m[K’:
[01m[K/home/trungbao/CYBER/cyberruner-main/cyberrunner_dynamixel_thomas/src/dynamixel_controller.cpp:39:100:[m[K [01;35m[Kwarning: [m[Kunused parameter ‘[01m[Kmax_temp[m[K’ [[01;35m[K]8;;https://gcc.gnu.org/onlinedocs/gcc/Warning-Options.html#index-Wunused-parameter-Wunused-parameter]8;;[m[K]
   39 | int dynamixel_init(const char* port, int num_dynamixel, int* dynamixel_ids, int baudrate, [01;35m[Kuint16_t max_temp[m[K, uint32_t* positions)
      |                                                                                           [01;35m[K~~~~~~~~~^~~~~~~~[m[K
[ 80%] Built target dynamixel_config_thomas
[100%] [32m[1mLinking CXX executable cyberrunner_dynamixel_thomas[0m
[100%] Built target cyberrunner_dynamixel_thomas
-- Install configuration: ""
-- Execute custom install script
-- Symlinking: /home/trungbao/CYBER/cyberruner-main/install/cyberrunner_dynamixel_thomas/lib/cyberrunner_dynamixel_thomas/dynamixel_config_thomas
-- Symlinking: /home/trungbao/CYBER/cyberruner-main/install/cyberrunner_dynamixel_thomas/lib/cyberrunner_dynamixel_thomas/cyberrunner_dynamixel_thomas
-- Symlinking: /home/trungbao/CYBER/cyberruner-main/install/cyberrunner_dynamixel_thomas/lib/cyberrunner_dynamixel_thomas/pantilt.py
-- Symlinking: /home/trungbao/CYBER/cyberruner-main/install/cyberrunner_dynamixel_thomas/share/ament_index/resource_index/package_run_dependencies/cyberrunner_dynamixel_thomas
-- Symlinking: /home/trungbao/CYBER/cyberruner-main/install/cyberrunner_dynamixel_thomas/share/ament_index/resource_index/parent_prefix_path/cyberrunner_dynamixel_thomas
-- Symlinking: /home/trungbao/CYBER/cyberruner-main/install/cyberrunner_dynamixel_thomas/share/cyberrunner_dynamixel_thomas/environment/ament_prefix_path.sh
-- Symlinking: /home/trungbao/CYBER/cyberruner-main/install/cyberrunner_dynamixel_thomas/share/cyberrunner_dynamixel_thomas/environment/ament_prefix_path.dsv
-- Symlinking: /home/trungbao/CYBER/cyberruner-main/install/cyberrunner_dynamixel_thomas/share/cyberrunner_dynamixel_thomas/environment/path.sh
-- Symlinking: /home/trungbao/CYBER/cyberruner-main/install/cyberrunner_dynamixel_thomas/share/cyberrunner_dynamixel_thomas/environment/path.dsv
-- Symlinking: /home/trungbao/CYBER/cyberruner-main/install/cyberrunner_dynamixel_thomas/share/cyberrunner_dynamixel_thomas/local_setup.bash
-- Symlinking: /home/trungbao/CYBER/cyberruner-main/install/cyberrunner_dynamixel_thomas/share/cyberrunner_dynamixel_thomas/local_setup.sh
-- Symlinking: /home/trungbao/CYBER/cyberruner-main/install/cyberrunner_dynamixel_thomas/share/cyberrunner_dynamixel_thomas/local_setup.zsh
-- Symlinking: /home/trungbao/CYBER/cyberruner-main/install/cyberrunner_dynamixel_thomas/share/cyberrunner_dynamixel_thomas/local_setup.dsv
-- Symlinking: /home/trungbao/CYBER/cyberruner-main/install/cyberrunner_dynamixel_thomas/share/cyberrunner_dynamixel_thomas/package.dsv
-- Symlinking: /home/trungbao/CYBER/cyberruner-main/install/cyberrunner_dynamixel_thomas/share/ament_index/resource_index/packages/cyberrunner_dynamixel_thomas
-- Symlinking: /home/trungbao/CYBER/cyberruner-main/install/cyberrunner_dynamixel_thomas/share/cyberrunner_dynamixel_thomas/cmake/cyberrunner_dynamixel_thomasConfig.cmake
-- Symlinking: /home/trungbao/CYBER/cyberruner-main/install/cyberrunner_dynamixel_thomas/share/cyberrunner_dynamixel_thomas/cmake/cyberrunner_dynamixel_thomasConfig-version.cmake
-- Symlinking: /home/trungbao/CYBER/cyberruner-main/install/cyberrunner_dynamixel_thomas/share/cyberrunner_dynamixel_thomas/package.xml
