[0.239s] Invoking command in '/home/trungbao/CYBER/cyberruner-main/build/cyberrunner_dynamixel_thomas': CMAKE_PREFIX_PATH=/home/trungbao/CYBER/cyberruner-main/install/cyberrunner_interfaces:/home/trungbao/cyberrunner_ws/install/cyberrunner_interfaces:/home/trungbao/cyberrunner_ws/install/cyberrunner_cpp:/home/trungbao/cyberrunner_ws/install/cyberrunner_camera:/home/trungbao/CYBER/cyberruner-main/install/cyberrunner_dynamixel_thomas:/home/trungbao/CYBER/cyberruner-main/install/cyberrunner_dynamixel:/home/trungbao/CYBER/cyberruner-main/install/cyberrunner_camera:/home/trungbao/cyberrunner_ws/install/cyberrunner_vision:/home/trungbao/cyberrunner_ws/install/cyberrunner_state_estimation:/home/trungbao/cyberrunner_ws/install/cyberrunner_pid:/home/trungbao/cyberrunner_ws/install/cyberrunner_dreamer:/home/trungbao/cyberrunner_ws/install/cyberrunner_hiwonder:/home/trungbao/CYBER/cyberruner-main/install/cyberrunner_state_estimation:/home/trungbao/CYBER/cyberruner-main/install/cyberrunner_dreamer_thomas:/home/trungbao/CYBER/cyberruner-main/install/cyberrunner_dreamer:/opt/ros/humble LD_LIBRARY_PATH=/home/trungbao/CYBER/cyberruner-main/install/cyberrunner_interfaces/lib:/home/trungbao/cyberrunner_ws/install/cyberrunner_interfaces/lib:/opt/ros/humble/opt/rviz_ogre_vendor/lib:/opt/ros/humble/lib/x86_64-linux-gnu:/opt/ros/humble/lib /usr/bin/cmake /home/trungbao/CYBER/cyberruner-main/cyberrunner_dynamixel_thomas -DAMENT_CMAKE_SYMLINK_INSTALL=1 -DCMAKE_INSTALL_PREFIX=/home/trungbao/CYBER/cyberruner-main/install/cyberrunner_dynamixel_thomas
[0.274s] -- The C compiler identification is GNU 11.4.0
[0.306s] -- The CXX compiler identification is GNU 11.4.0
[0.311s] -- Detecting C compiler ABI info
[0.357s] -- Detecting C compiler ABI info - done
[0.361s] -- Check for working C compiler: /usr/bin/cc - skipped
[0.361s] -- Detecting C compile features
[0.361s] -- Detecting C compile features - done
[0.362s] -- Detecting CXX compiler ABI info
[0.416s] -- Detecting CXX compiler ABI info - done
[0.420s] -- Check for working CXX compiler: /usr/bin/c++ - skipped
[0.420s] -- Detecting CXX compile features
[0.420s] -- Detecting CXX compile features - done
[0.422s] -- Found ament_cmake: 1.3.14 (/opt/ros/humble/share/ament_cmake/cmake)
[0.653s] -- Found Python3: /usr/bin/python3 (found version "3.10.12") found components: Interpreter 
[0.694s] -- Override CMake install command with custom implementation using symlinks instead of copying resources
[0.717s] -- Found rclcpp: 16.0.19 (/opt/ros/humble/share/rclcpp/cmake)
[0.750s] -- Found rosidl_generator_c: 3.1.8 (/opt/ros/humble/share/rosidl_generator_c/cmake)
[0.753s] -- Found rosidl_adapter: 3.1.8 (/opt/ros/humble/share/rosidl_adapter/cmake)
[0.758s] -- Found rosidl_generator_cpp: 3.1.8 (/opt/ros/humble/share/rosidl_generator_cpp/cmake)
[0.766s] -- Using all available rosidl_typesupport_c: rosidl_typesupport_fastrtps_c;rosidl_typesupport_introspection_c
[0.775s] -- Using all available rosidl_typesupport_cpp: rosidl_typesupport_fastrtps_cpp;rosidl_typesupport_introspection_cpp
[0.803s] -- Found rmw_implementation_cmake: 6.1.2 (/opt/ros/humble/share/rmw_implementation_cmake/cmake)
[0.805s] -- Found rmw_fastrtps_cpp: 6.2.10 (/opt/ros/humble/share/rmw_fastrtps_cpp/cmake)
[0.863s] -- Found OpenSSL: /usr/lib/x86_64-linux-gnu/libcrypto.so (found version "3.0.2")  
[0.883s] -- Found FastRTPS: /opt/ros/humble/include  
[0.908s] -- Using RMW implementation 'rmw_fastrtps_cpp' as default
[0.914s] -- Looking for pthread.h
[0.969s] -- Looking for pthread.h - found
[0.969s] -- Performing Test CMAKE_HAVE_LIBC_PTHREAD
[1.027s] -- Performing Test CMAKE_HAVE_LIBC_PTHREAD - Success
[1.028s] -- Found Threads: TRUE  
[1.072s] -- Found cyberrunner_interfaces: 0.0.0 (/home/trungbao/CYBER/cyberruner-main/install/cyberrunner_interfaces/share/cyberrunner_interfaces/cmake)
[1.103s] -- Found dynamixel_sdk: 4.0.3 (/opt/ros/humble/share/dynamixel_sdk/cmake)
[1.107s] -- Found rclpy: 3.3.21 (/opt/ros/humble/share/rclpy/cmake)
[1.113s] -- Found ament_lint_auto: 0.12.15 (/opt/ros/humble/share/ament_lint_auto/cmake)
[1.194s] -- Added test 'copyright' to check source files copyright and LICENSE
[1.195s] -- Added test 'cppcheck' to perform static code analysis on C / C++ code
[1.195s] -- Configured cppcheck include dirs: /home/trungbao/CYBER/cyberruner-main/cyberrunner_dynamixel_thomas/include
[1.195s] -- Configured cppcheck exclude dirs and/or files: 
[1.196s] -- Added test 'cpplint' to check C / C++ code against the Google style
[1.196s] -- Configured cpplint exclude dirs and/or files: 
[1.196s] -- Added test 'flake8' to check Python code syntax and style conventions
[1.197s] -- Added test 'lint_cmake' to check CMake code style
[1.197s] -- Added test 'pep257' to check Python code against some of the docstring style conventions in PEP 257
[1.198s] -- Added test 'uncrustify' to check C / C++ code style
[1.198s] -- Configured uncrustify additional arguments: 
[1.198s] -- Added test 'xmllint' to check XML markup files
[1.199s] -- Configuring done
[1.206s] -- Generating done
[1.209s] -- Build files have been written to: /home/trungbao/CYBER/cyberruner-main/build/cyberrunner_dynamixel_thomas
[1.215s] Invoked command in '/home/trungbao/CYBER/cyberruner-main/build/cyberrunner_dynamixel_thomas' returned '0': CMAKE_PREFIX_PATH=/home/trungbao/CYBER/cyberruner-main/install/cyberrunner_interfaces:/home/trungbao/cyberrunner_ws/install/cyberrunner_interfaces:/home/trungbao/cyberrunner_ws/install/cyberrunner_cpp:/home/trungbao/cyberrunner_ws/install/cyberrunner_camera:/home/trungbao/CYBER/cyberruner-main/install/cyberrunner_dynamixel_thomas:/home/trungbao/CYBER/cyberruner-main/install/cyberrunner_dynamixel:/home/trungbao/CYBER/cyberruner-main/install/cyberrunner_camera:/home/trungbao/cyberrunner_ws/install/cyberrunner_vision:/home/trungbao/cyberrunner_ws/install/cyberrunner_state_estimation:/home/trungbao/cyberrunner_ws/install/cyberrunner_pid:/home/trungbao/cyberrunner_ws/install/cyberrunner_dreamer:/home/trungbao/cyberrunner_ws/install/cyberrunner_hiwonder:/home/trungbao/CYBER/cyberruner-main/install/cyberrunner_state_estimation:/home/trungbao/CYBER/cyberruner-main/install/cyberrunner_dreamer_thomas:/home/trungbao/CYBER/cyberruner-main/install/cyberrunner_dreamer:/opt/ros/humble LD_LIBRARY_PATH=/home/trungbao/CYBER/cyberruner-main/install/cyberrunner_interfaces/lib:/home/trungbao/cyberrunner_ws/install/cyberrunner_interfaces/lib:/opt/ros/humble/opt/rviz_ogre_vendor/lib:/opt/ros/humble/lib/x86_64-linux-gnu:/opt/ros/humble/lib /usr/bin/cmake /home/trungbao/CYBER/cyberruner-main/cyberrunner_dynamixel_thomas -DAMENT_CMAKE_SYMLINK_INSTALL=1 -DCMAKE_INSTALL_PREFIX=/home/trungbao/CYBER/cyberruner-main/install/cyberrunner_dynamixel_thomas
[1.217s] Invoking command in '/home/trungbao/CYBER/cyberruner-main/build/cyberrunner_dynamixel_thomas': CMAKE_PREFIX_PATH=/home/trungbao/CYBER/cyberruner-main/install/cyberrunner_interfaces:/home/trungbao/cyberrunner_ws/install/cyberrunner_interfaces:/home/trungbao/cyberrunner_ws/install/cyberrunner_cpp:/home/trungbao/cyberrunner_ws/install/cyberrunner_camera:/home/trungbao/CYBER/cyberruner-main/install/cyberrunner_dynamixel_thomas:/home/trungbao/CYBER/cyberruner-main/install/cyberrunner_dynamixel:/home/trungbao/CYBER/cyberruner-main/install/cyberrunner_camera:/home/trungbao/cyberrunner_ws/install/cyberrunner_vision:/home/trungbao/cyberrunner_ws/install/cyberrunner_state_estimation:/home/trungbao/cyberrunner_ws/install/cyberrunner_pid:/home/trungbao/cyberrunner_ws/install/cyberrunner_dreamer:/home/trungbao/cyberrunner_ws/install/cyberrunner_hiwonder:/home/trungbao/CYBER/cyberruner-main/install/cyberrunner_state_estimation:/home/trungbao/CYBER/cyberruner-main/install/cyberrunner_dreamer_thomas:/home/trungbao/CYBER/cyberruner-main/install/cyberrunner_dreamer:/opt/ros/humble LD_LIBRARY_PATH=/home/trungbao/CYBER/cyberruner-main/install/cyberrunner_interfaces/lib:/home/trungbao/cyberrunner_ws/install/cyberrunner_interfaces/lib:/opt/ros/humble/opt/rviz_ogre_vendor/lib:/opt/ros/humble/lib/x86_64-linux-gnu:/opt/ros/humble/lib /usr/bin/cmake --build /home/trungbao/CYBER/cyberruner-main/build/cyberrunner_dynamixel_thomas -- -j24 -l24
[1.252s] [ 20%] [32mBuilding CXX object CMakeFiles/cyberrunner_dynamixel_thomas.dir/src/cyberrunner_dynamixel.cpp.o[0m
[1.253s] [ 60%] [32mBuilding CXX object CMakeFiles/cyberrunner_dynamixel_thomas.dir/src/dynamixel_controller.cpp.o[0m
[1.253s] [ 60%] [32mBuilding CXX object CMakeFiles/dynamixel_config_thomas.dir/src/dynamixel_config.cpp.o[0m
[1.348s] [ 80%] [32m[1mLinking CXX executable dynamixel_config_thomas[0m
[1.350s] [01m[K/home/trungbao/CYBER/cyberruner-main/cyberrunner_dynamixel_thomas/src/dynamixel_controller.cpp:[m[K In function ‘[01m[Kint dynamixel_init(const char*, int, int*, int, uint16_t, uint32_t*)[m[K’:
[1.350s] [01m[K/home/trungbao/CYBER/cyberruner-main/cyberrunner_dynamixel_thomas/src/dynamixel_controller.cpp:39:100:[m[K [01;35m[Kwarning: [m[Kunused parameter ‘[01m[Kmax_temp[m[K’ [[01;35m[K]8;;https://gcc.gnu.org/onlinedocs/gcc/Warning-Options.html#index-Wunused-parameter-Wunused-parameter]8;;[m[K]
[1.350s]    39 | int dynamixel_init(const char* port, int num_dynamixel, int* dynamixel_ids, int baudrate, [01;35m[Kuint16_t max_temp[m[K, uint32_t* positions)
[1.350s]       |                                                                                           [01;35m[K~~~~~~~~~^~~~~~~~[m[K
[1.407s] [ 80%] Built target dynamixel_config_thomas
[5.481s] [100%] [32m[1mLinking CXX executable cyberrunner_dynamixel_thomas[0m
[5.701s] [100%] Built target cyberrunner_dynamixel_thomas
[5.710s] Invoked command in '/home/trungbao/CYBER/cyberruner-main/build/cyberrunner_dynamixel_thomas' returned '0': CMAKE_PREFIX_PATH=/home/trungbao/CYBER/cyberruner-main/install/cyberrunner_interfaces:/home/trungbao/cyberrunner_ws/install/cyberrunner_interfaces:/home/trungbao/cyberrunner_ws/install/cyberrunner_cpp:/home/trungbao/cyberrunner_ws/install/cyberrunner_camera:/home/trungbao/CYBER/cyberruner-main/install/cyberrunner_dynamixel_thomas:/home/trungbao/CYBER/cyberruner-main/install/cyberrunner_dynamixel:/home/trungbao/CYBER/cyberruner-main/install/cyberrunner_camera:/home/trungbao/cyberrunner_ws/install/cyberrunner_vision:/home/trungbao/cyberrunner_ws/install/cyberrunner_state_estimation:/home/trungbao/cyberrunner_ws/install/cyberrunner_pid:/home/trungbao/cyberrunner_ws/install/cyberrunner_dreamer:/home/trungbao/cyberrunner_ws/install/cyberrunner_hiwonder:/home/trungbao/CYBER/cyberruner-main/install/cyberrunner_state_estimation:/home/trungbao/CYBER/cyberruner-main/install/cyberrunner_dreamer_thomas:/home/trungbao/CYBER/cyberruner-main/install/cyberrunner_dreamer:/opt/ros/humble LD_LIBRARY_PATH=/home/trungbao/CYBER/cyberruner-main/install/cyberrunner_interfaces/lib:/home/trungbao/cyberrunner_ws/install/cyberrunner_interfaces/lib:/opt/ros/humble/opt/rviz_ogre_vendor/lib:/opt/ros/humble/lib/x86_64-linux-gnu:/opt/ros/humble/lib /usr/bin/cmake --build /home/trungbao/CYBER/cyberruner-main/build/cyberrunner_dynamixel_thomas -- -j24 -l24
[5.711s] Invoking command in '/home/trungbao/CYBER/cyberruner-main/build/cyberrunner_dynamixel_thomas': CMAKE_PREFIX_PATH=/home/trungbao/CYBER/cyberruner-main/install/cyberrunner_interfaces:/home/trungbao/cyberrunner_ws/install/cyberrunner_interfaces:/home/trungbao/cyberrunner_ws/install/cyberrunner_cpp:/home/trungbao/cyberrunner_ws/install/cyberrunner_camera:/home/trungbao/CYBER/cyberruner-main/install/cyberrunner_dynamixel_thomas:/home/trungbao/CYBER/cyberruner-main/install/cyberrunner_dynamixel:/home/trungbao/CYBER/cyberruner-main/install/cyberrunner_camera:/home/trungbao/cyberrunner_ws/install/cyberrunner_vision:/home/trungbao/cyberrunner_ws/install/cyberrunner_state_estimation:/home/trungbao/cyberrunner_ws/install/cyberrunner_pid:/home/trungbao/cyberrunner_ws/install/cyberrunner_dreamer:/home/trungbao/cyberrunner_ws/install/cyberrunner_hiwonder:/home/trungbao/CYBER/cyberruner-main/install/cyberrunner_state_estimation:/home/trungbao/CYBER/cyberruner-main/install/cyberrunner_dreamer_thomas:/home/trungbao/CYBER/cyberruner-main/install/cyberrunner_dreamer:/opt/ros/humble LD_LIBRARY_PATH=/home/trungbao/CYBER/cyberruner-main/install/cyberrunner_interfaces/lib:/home/trungbao/cyberrunner_ws/install/cyberrunner_interfaces/lib:/opt/ros/humble/opt/rviz_ogre_vendor/lib:/opt/ros/humble/lib/x86_64-linux-gnu:/opt/ros/humble/lib /usr/bin/cmake --install /home/trungbao/CYBER/cyberruner-main/build/cyberrunner_dynamixel_thomas
[5.718s] -- Install configuration: ""
[5.718s] -- Execute custom install script
[5.718s] -- Symlinking: /home/trungbao/CYBER/cyberruner-main/install/cyberrunner_dynamixel_thomas/lib/cyberrunner_dynamixel_thomas/dynamixel_config_thomas
[5.725s] -- Symlinking: /home/trungbao/CYBER/cyberruner-main/install/cyberrunner_dynamixel_thomas/lib/cyberrunner_dynamixel_thomas/cyberrunner_dynamixel_thomas
[5.732s] -- Symlinking: /home/trungbao/CYBER/cyberruner-main/install/cyberrunner_dynamixel_thomas/lib/cyberrunner_dynamixel_thomas/pantilt.py
[5.737s] -- Symlinking: /home/trungbao/CYBER/cyberruner-main/install/cyberrunner_dynamixel_thomas/share/ament_index/resource_index/package_run_dependencies/cyberrunner_dynamixel_thomas
[5.744s] -- Symlinking: /home/trungbao/CYBER/cyberruner-main/install/cyberrunner_dynamixel_thomas/share/ament_index/resource_index/parent_prefix_path/cyberrunner_dynamixel_thomas
[5.750s] -- Symlinking: /home/trungbao/CYBER/cyberruner-main/install/cyberrunner_dynamixel_thomas/share/cyberrunner_dynamixel_thomas/environment/ament_prefix_path.sh
[5.757s] -- Symlinking: /home/trungbao/CYBER/cyberruner-main/install/cyberrunner_dynamixel_thomas/share/cyberrunner_dynamixel_thomas/environment/ament_prefix_path.dsv
[5.764s] -- Symlinking: /home/trungbao/CYBER/cyberruner-main/install/cyberrunner_dynamixel_thomas/share/cyberrunner_dynamixel_thomas/environment/path.sh
[5.769s] -- Symlinking: /home/trungbao/CYBER/cyberruner-main/install/cyberrunner_dynamixel_thomas/share/cyberrunner_dynamixel_thomas/environment/path.dsv
[5.773s] -- Symlinking: /home/trungbao/CYBER/cyberruner-main/install/cyberrunner_dynamixel_thomas/share/cyberrunner_dynamixel_thomas/local_setup.bash
[5.779s] -- Symlinking: /home/trungbao/CYBER/cyberruner-main/install/cyberrunner_dynamixel_thomas/share/cyberrunner_dynamixel_thomas/local_setup.sh
[5.784s] -- Symlinking: /home/trungbao/CYBER/cyberruner-main/install/cyberrunner_dynamixel_thomas/share/cyberrunner_dynamixel_thomas/local_setup.zsh
[5.789s] -- Symlinking: /home/trungbao/CYBER/cyberruner-main/install/cyberrunner_dynamixel_thomas/share/cyberrunner_dynamixel_thomas/local_setup.dsv
[5.794s] -- Symlinking: /home/trungbao/CYBER/cyberruner-main/install/cyberrunner_dynamixel_thomas/share/cyberrunner_dynamixel_thomas/package.dsv
[5.799s] -- Symlinking: /home/trungbao/CYBER/cyberruner-main/install/cyberrunner_dynamixel_thomas/share/ament_index/resource_index/packages/cyberrunner_dynamixel_thomas
[5.805s] -- Symlinking: /home/trungbao/CYBER/cyberruner-main/install/cyberrunner_dynamixel_thomas/share/cyberrunner_dynamixel_thomas/cmake/cyberrunner_dynamixel_thomasConfig.cmake
[5.810s] -- Symlinking: /home/trungbao/CYBER/cyberruner-main/install/cyberrunner_dynamixel_thomas/share/cyberrunner_dynamixel_thomas/cmake/cyberrunner_dynamixel_thomasConfig-version.cmake
[5.816s] -- Symlinking: /home/trungbao/CYBER/cyberruner-main/install/cyberrunner_dynamixel_thomas/share/cyberrunner_dynamixel_thomas/package.xml
[5.821s] Invoked command in '/home/trungbao/CYBER/cyberruner-main/build/cyberrunner_dynamixel_thomas' returned '0': CMAKE_PREFIX_PATH=/home/trungbao/CYBER/cyberruner-main/install/cyberrunner_interfaces:/home/trungbao/cyberrunner_ws/install/cyberrunner_interfaces:/home/trungbao/cyberrunner_ws/install/cyberrunner_cpp:/home/trungbao/cyberrunner_ws/install/cyberrunner_camera:/home/trungbao/CYBER/cyberruner-main/install/cyberrunner_dynamixel_thomas:/home/trungbao/CYBER/cyberruner-main/install/cyberrunner_dynamixel:/home/trungbao/CYBER/cyberruner-main/install/cyberrunner_camera:/home/trungbao/cyberrunner_ws/install/cyberrunner_vision:/home/trungbao/cyberrunner_ws/install/cyberrunner_state_estimation:/home/trungbao/cyberrunner_ws/install/cyberrunner_pid:/home/trungbao/cyberrunner_ws/install/cyberrunner_dreamer:/home/trungbao/cyberrunner_ws/install/cyberrunner_hiwonder:/home/trungbao/CYBER/cyberruner-main/install/cyberrunner_state_estimation:/home/trungbao/CYBER/cyberruner-main/install/cyberrunner_dreamer_thomas:/home/trungbao/CYBER/cyberruner-main/install/cyberrunner_dreamer:/opt/ros/humble LD_LIBRARY_PATH=/home/trungbao/CYBER/cyberruner-main/install/cyberrunner_interfaces/lib:/home/trungbao/cyberrunner_ws/install/cyberrunner_interfaces/lib:/opt/ros/humble/opt/rviz_ogre_vendor/lib:/opt/ros/humble/lib/x86_64-linux-gnu:/opt/ros/humble/lib /usr/bin/cmake --install /home/trungbao/CYBER/cyberruner-main/build/cyberrunner_dynamixel_thomas
