[0.870s] Invoking command in '/home/trungbao/CYBER/cyberruner-main/build/cyberrunner_state_estimation': CMAKE_PREFIX_PATH=/home/trungbao/CYBER/cyberruner-main/install/cyberrunner_interfaces:/home/trungbao/cyberrunner_ws/install/cyberrunner_interfaces:/home/trungbao/cyberrunner_ws/install/cyberrunner_cpp:/home/trungbao/cyberrunner_ws/install/cyberrunner_camera:/home/trungbao/CYBER/cyberruner-main/install/cyberrunner_dynamixel_thomas:/home/trungbao/CYBER/cyberruner-main/install/cyberrunner_dynamixel:/home/trungbao/CYBER/cyberruner-main/install/cyberrunner_camera LD_LIBRARY_PATH=/home/trungbao/CYBER/cyberruner-main/install/cyberrunner_interfaces/lib:/home/trungbao/cyberrunner_ws/install/cyberrunner_interfaces/lib:/opt/ros/humble/opt/rviz_ogre_vendor/lib:/opt/ros/humble/lib/x86_64-linux-gnu:/opt/ros/humble/lib PYTHONPATH=/home/trungbao/CYBER/cyberruner-main/build/cyberrunner_state_estimation/prefix_override:/usr/lib/python3/dist-packages/colcon_core/task/python/colcon_distutils_commands:/home/trungbao/CYBER/cyberruner-main/install/cyberrunner_state_estimation/lib/python3.10/site-packages:${PYTHONPATH} /usr/bin/python3 -W ignore:setup.py install is deprecated -W ignore:easy_install command is deprecated setup.py develop --editable --build-directory /home/trungbao/CYBER/cyberruner-main/build/cyberrunner_state_estimation/build --no-deps symlink_data
[0.966s] /home/trungbao/.local/lib/python3.10/site-packages/setuptools/_distutils/dist.py:289: UserWarning: Unknown distribution option: 'tests_require'
[0.966s]   warnings.warn(msg)
[1.058s] running develop
[1.175s] running egg_info
[1.183s] creating cyberrunner_state_estimation.egg-info
[1.183s] writing cyberrunner_state_estimation.egg-info/PKG-INFO
[1.183s] writing dependency_links to cyberrunner_state_estimation.egg-info/dependency_links.txt
[1.184s] writing entry points to cyberrunner_state_estimation.egg-info/entry_points.txt
[1.184s] writing requirements to cyberrunner_state_estimation.egg-info/requires.txt
[1.184s] writing top-level names to cyberrunner_state_estimation.egg-info/top_level.txt
[1.184s] writing manifest file 'cyberrunner_state_estimation.egg-info/SOURCES.txt'
[1.202s] reading manifest file 'cyberrunner_state_estimation.egg-info/SOURCES.txt'
[1.202s] writing manifest file 'cyberrunner_state_estimation.egg-info/SOURCES.txt'
[1.212s] running build_ext
[1.212s] Creating /home/trungbao/CYBER/cyberruner-main/install/cyberrunner_state_estimation/lib/python3.10/site-packages/cyberrunner-state-estimation.egg-link (link to .)
[1.213s] Installing estimator script to /home/trungbao/CYBER/cyberruner-main/install/cyberrunner_state_estimation/lib/cyberrunner_state_estimation
[1.213s] Installing estimator_sub script to /home/trungbao/CYBER/cyberruner-main/install/cyberrunner_state_estimation/lib/cyberrunner_state_estimation
[1.213s] Installing select_markers script to /home/trungbao/CYBER/cyberruner-main/install/cyberrunner_state_estimation/lib/cyberrunner_state_estimation
[1.213s] 
[1.213s] Installed /home/trungbao/CYBER/cyberruner-main/build/cyberrunner_state_estimation
[1.213s] running symlink_data
[1.213s] creating /home/trungbao/CYBER/cyberruner-main/install/cyberrunner_state_estimation/share/ament_index/resource_index/packages
[1.213s] symbolically linking /home/trungbao/CYBER/cyberruner-main/build/cyberrunner_state_estimation/resource/cyberrunner_state_estimation -> /home/trungbao/CYBER/cyberruner-main/install/cyberrunner_state_estimation/share/ament_index/resource_index/packages
[1.213s] symbolically linking /home/trungbao/CYBER/cyberruner-main/build/cyberrunner_state_estimation/package.xml -> /home/trungbao/CYBER/cyberruner-main/install/cyberrunner_state_estimation/share/cyberrunner_state_estimation
[1.213s] symbolically linking /home/trungbao/CYBER/cyberruner-main/build/cyberrunner_state_estimation/calib/calib_results_cyberrunner.txt -> /home/trungbao/CYBER/cyberruner-main/install/cyberrunner_state_estimation/share/cyberrunner_state_estimation
[1.213s] symbolically linking /home/trungbao/CYBER/cyberruner-main/build/cyberrunner_state_estimation/markers.csv -> /home/trungbao/CYBER/cyberruner-main/install/cyberrunner_state_estimation/share/cyberrunner_state_estimation
[1.235s] Invoked command in '/home/trungbao/CYBER/cyberruner-main/build/cyberrunner_state_estimation' returned '0': CMAKE_PREFIX_PATH=/home/trungbao/CYBER/cyberruner-main/install/cyberrunner_interfaces:/home/trungbao/cyberrunner_ws/install/cyberrunner_interfaces:/home/trungbao/cyberrunner_ws/install/cyberrunner_cpp:/home/trungbao/cyberrunner_ws/install/cyberrunner_camera:/home/trungbao/CYBER/cyberruner-main/install/cyberrunner_dynamixel_thomas:/home/trungbao/CYBER/cyberruner-main/install/cyberrunner_dynamixel:/home/trungbao/CYBER/cyberruner-main/install/cyberrunner_camera LD_LIBRARY_PATH=/home/trungbao/CYBER/cyberruner-main/install/cyberrunner_interfaces/lib:/home/trungbao/cyberrunner_ws/install/cyberrunner_interfaces/lib:/opt/ros/humble/opt/rviz_ogre_vendor/lib:/opt/ros/humble/lib/x86_64-linux-gnu:/opt/ros/humble/lib PYTHONPATH=/home/trungbao/CYBER/cyberruner-main/build/cyberrunner_state_estimation/prefix_override:/usr/lib/python3/dist-packages/colcon_core/task/python/colcon_distutils_commands:/home/trungbao/CYBER/cyberruner-main/install/cyberrunner_state_estimation/lib/python3.10/site-packages:${PYTHONPATH} /usr/bin/python3 -W ignore:setup.py install is deprecated -W ignore:easy_install command is deprecated setup.py develop --editable --build-directory /home/trungbao/CYBER/cyberruner-main/build/cyberrunner_state_estimation/build --no-deps symlink_data
