-- The C compiler identification is GNU 11.4.0
-- The CXX compiler identification is GNU 11.4.0
-- Detecting C compiler ABI info
-- Detecting C compiler ABI info - done
-- Check for working C compiler: /usr/bin/cc - skipped
-- Detecting C compile features
-- Detecting C compile features - done
-- Detecting CXX compiler ABI info
-- Detecting CXX compiler ABI info - done
-- Check for working CXX compiler: /usr/bin/c++ - skipped
-- Detecting CXX compile features
-- Detecting CXX compile features - done
-- Found ament_cmake: 1.3.14 (/opt/ros/humble/share/ament_cmake/cmake)
-- Found Python3: /usr/bin/python3 (found version "3.10.12") found components: Interpreter 
-- Override CMake install command with custom implementation using symlinks instead of copying resources
-- Found rosidl_default_generators: 1.2.1 (/opt/ros/humble/share/rosidl_default_generators/cmake)
-- Using all available rosidl_typesupport_c: rosidl_typesupport_fastrtps_c;rosidl_typesupport_introspection_c
-- Found rosidl_adapter: 3.1.8 (/opt/ros/humble/share/rosidl_adapter/cmake)
-- Using all available rosidl_typesupport_cpp: rosidl_typesupport_fastrtps_cpp;rosidl_typesupport_introspection_cpp
-- Found sensor_msgs: 4.9.1 (/opt/ros/humble/share/sensor_msgs/cmake)
-- Found ament_cmake_ros: 0.10.0 (/opt/ros/humble/share/ament_cmake_ros/cmake)
-- Using all available rosidl_typesupport_c: rosidl_typesupport_fastrtps_c;rosidl_typesupport_introspection_c
-- Using all available rosidl_typesupport_cpp: rosidl_typesupport_fastrtps_cpp;rosidl_typesupport_introspection_cpp
-- Found PythonInterp: /usr/bin/python3 (found suitable version "3.10.12", minimum required is "3.6") 
-- Found python_cmake_module: 0.10.0 (/opt/ros/humble/share/python_cmake_module/cmake)
-- Found PythonLibs: /usr/lib/x86_64-linux-gnu/libpython3.10.so (found suitable version "3.10.12", minimum required is "3.5") 
-- Using PYTHON_EXECUTABLE: /usr/bin/python3
-- Using PYTHON_INCLUDE_DIRS: /usr/include/python3.10
-- Using PYTHON_LIBRARIES: /usr/lib/x86_64-linux-gnu/libpython3.10.so
-- Found PythonExtra: .so  
-- Found ament_lint_auto: 0.12.15 (/opt/ros/humble/share/ament_lint_auto/cmake)
-- Added test 'copyright' to check source files copyright and LICENSE
-- Added test 'lint_cmake' to check CMake code style
-- Added test 'xmllint' to check XML markup files
-- Configuring done
-- Generating done
-- Build files have been written to: /home/trungbao/CYBER/cyberruner-main/build/cyberrunner_interfaces
[  1%] [34m[1mGenerating C code for ROS interfaces[0m
[  3%] [34m[1mGenerating C++ code for ROS interfaces[0m
[  5%] [34m[1mGenerating Rust code for ROS interfaces[0m
[  5%] Built target ament_cmake_python_symlink_cyberrunner_interfaces
running egg_info
creating cyberrunner_interfaces.egg-info
writing cyberrunner_interfaces.egg-info/PKG-INFO
writing dependency_links to cyberrunner_interfaces.egg-info/dependency_links.txt
writing top-level names to cyberrunner_interfaces.egg-info/top_level.txt
writing manifest file 'cyberrunner_interfaces.egg-info/SOURCES.txt'
[  5%] Built target cyberrunner_interfaces__rs
reading manifest file 'cyberrunner_interfaces.egg-info/SOURCES.txt'
writing manifest file 'cyberrunner_interfaces.egg-info/SOURCES.txt'
[  5%] Built target ament_cmake_python_build_cyberrunner_interfaces_egg
[  7%] [32mBuilding C object CMakeFiles/cyberrunner_interfaces__rosidl_generator_c.dir/rosidl_generator_c/cyberrunner_interfaces/srv/detail/dynamixel_reset__functions.c.o[0m
[  7%] Built target cyberrunner_interfaces__cpp
[  8%] [32mBuilding C object CMakeFiles/cyberrunner_interfaces__rosidl_generator_c.dir/rosidl_generator_c/cyberrunner_interfaces/msg/detail/state_estimate__functions.c.o[0m
[ 10%] [32mBuilding C object CMakeFiles/cyberrunner_interfaces__rosidl_generator_c.dir/rosidl_generator_c/cyberrunner_interfaces/msg/detail/state_estimate_sub__functions.c.o[0m
[ 12%] [32mBuilding C object CMakeFiles/cyberrunner_interfaces__rosidl_generator_c.dir/rosidl_generator_c/cyberrunner_interfaces/msg/detail/dynamixel_vel__functions.c.o[0m
[ 14%] [34m[1mGenerating C++ type support dispatch for ROS interfaces[0m
[ 16%] [34m[1mGenerating C++ introspection for ROS interfaces[0m
[ 17%] [34m[1mGenerating C++ type support for eProsima Fast-RTPS[0m
[ 19%] [32m[1mLinking C shared library libcyberrunner_interfaces__rosidl_generator_c.so[0m
[ 19%] Built target cyberrunner_interfaces__rosidl_generator_c
[ 21%] [34m[1mGenerating C type support for eProsima Fast-RTPS[0m
[ 25%] [34m[1mGenerating C type support dispatch for ROS interfaces[0m
[ 25%] [34m[1mGenerating C introspection for ROS interfaces[0m
[ 26%] [32mBuilding CXX object CMakeFiles/cyberrunner_interfaces__rosidl_typesupport_cpp.dir/rosidl_typesupport_cpp/cyberrunner_interfaces/msg/dynamixel_vel__type_support.cpp.o[0m
[ 28%] [32mBuilding CXX object CMakeFiles/cyberrunner_interfaces__rosidl_typesupport_cpp.dir/rosidl_typesupport_cpp/cyberrunner_interfaces/srv/dynamixel_reset__type_support.cpp.o[0m
[ 32%] [32mBuilding CXX object CMakeFiles/cyberrunner_interfaces__rosidl_typesupport_cpp.dir/rosidl_typesupport_cpp/cyberrunner_interfaces/msg/state_estimate__type_support.cpp.o[0m
[ 32%] [32mBuilding CXX object CMakeFiles/cyberrunner_interfaces__rosidl_typesupport_cpp.dir/rosidl_typesupport_cpp/cyberrunner_interfaces/msg/state_estimate_sub__type_support.cpp.o[0m
[ 37%] [32mBuilding CXX object CMakeFiles/cyberrunner_interfaces__rosidl_typesupport_introspection_cpp.dir/rosidl_typesupport_introspection_cpp/cyberrunner_interfaces/srv/detail/dynamixel_reset__type_support.cpp.o[0m
[ 37%] [32mBuilding CXX object CMakeFiles/cyberrunner_interfaces__rosidl_typesupport_introspection_cpp.dir/rosidl_typesupport_introspection_cpp/cyberrunner_interfaces/msg/detail/state_estimate__type_support.cpp.o[0m
[ 37%] [32mBuilding CXX object CMakeFiles/cyberrunner_interfaces__rosidl_typesupport_introspection_cpp.dir/rosidl_typesupport_introspection_cpp/cyberrunner_interfaces/msg/detail/state_estimate_sub__type_support.cpp.o[0m
[ 39%] [32mBuilding CXX object CMakeFiles/cyberrunner_interfaces__rosidl_typesupport_introspection_cpp.dir/rosidl_typesupport_introspection_cpp/cyberrunner_interfaces/msg/detail/dynamixel_vel__type_support.cpp.o[0m
[ 44%] [32mBuilding CXX object CMakeFiles/cyberrunner_interfaces__rosidl_typesupport_fastrtps_cpp.dir/rosidl_typesupport_fastrtps_cpp/cyberrunner_interfaces/srv/detail/dds_fastrtps/dynamixel_reset__type_support.cpp.o[0m
[ 44%] [32mBuilding CXX object CMakeFiles/cyberrunner_interfaces__rosidl_typesupport_fastrtps_cpp.dir/rosidl_typesupport_fastrtps_cpp/cyberrunner_interfaces/msg/detail/dds_fastrtps/state_estimate__type_support.cpp.o[0m
[ 44%] [32mBuilding CXX object CMakeFiles/cyberrunner_interfaces__rosidl_typesupport_fastrtps_cpp.dir/rosidl_typesupport_fastrtps_cpp/cyberrunner_interfaces/msg/detail/dds_fastrtps/state_estimate_sub__type_support.cpp.o[0m
[ 46%] [32mBuilding CXX object CMakeFiles/cyberrunner_interfaces__rosidl_typesupport_fastrtps_cpp.dir/rosidl_typesupport_fastrtps_cpp/cyberrunner_interfaces/msg/detail/dds_fastrtps/dynamixel_vel__type_support.cpp.o[0m
[ 48%] [32mBuilding CXX object CMakeFiles/cyberrunner_interfaces__rosidl_typesupport_c.dir/rosidl_typesupport_c/cyberrunner_interfaces/msg/state_estimate_sub__type_support.cpp.o[0m
[ 50%] [32mBuilding CXX object CMakeFiles/cyberrunner_interfaces__rosidl_typesupport_c.dir/rosidl_typesupport_c/cyberrunner_interfaces/srv/dynamixel_reset__type_support.cpp.o[0m
[ 53%] [32mBuilding CXX object CMakeFiles/cyberrunner_interfaces__rosidl_typesupport_c.dir/rosidl_typesupport_c/cyberrunner_interfaces/msg/state_estimate__type_support.cpp.o[0m
[ 53%] [32mBuilding CXX object CMakeFiles/cyberrunner_interfaces__rosidl_typesupport_c.dir/rosidl_typesupport_c/cyberrunner_interfaces/msg/dynamixel_vel__type_support.cpp.o[0m
[ 55%] [32m[1mLinking CXX shared library libcyberrunner_interfaces__rosidl_typesupport_c.so[0m
[ 57%] [32mBuilding CXX object CMakeFiles/cyberrunner_interfaces__rosidl_typesupport_fastrtps_c.dir/rosidl_typesupport_fastrtps_c/cyberrunner_interfaces/msg/detail/dynamixel_vel__type_support_c.cpp.o[0m
[ 60%] [32mBuilding CXX object CMakeFiles/cyberrunner_interfaces__rosidl_typesupport_fastrtps_c.dir/rosidl_typesupport_fastrtps_c/cyberrunner_interfaces/msg/detail/state_estimate__type_support_c.cpp.o[0m
[ 60%] [32mBuilding CXX object CMakeFiles/cyberrunner_interfaces__rosidl_typesupport_fastrtps_c.dir/rosidl_typesupport_fastrtps_c/cyberrunner_interfaces/msg/detail/state_estimate_sub__type_support_c.cpp.o[0m
[ 62%] [32mBuilding CXX object CMakeFiles/cyberrunner_interfaces__rosidl_typesupport_fastrtps_c.dir/rosidl_typesupport_fastrtps_c/cyberrunner_interfaces/srv/detail/dynamixel_reset__type_support_c.cpp.o[0m
[ 62%] Built target cyberrunner_interfaces__rosidl_typesupport_c
[ 64%] [32mBuilding C object CMakeFiles/cyberrunner_interfaces__rosidl_typesupport_introspection_c.dir/rosidl_typesupport_introspection_c/cyberrunner_interfaces/srv/detail/dynamixel_reset__type_support.c.o[0m
[ 67%] [32mBuilding C object CMakeFiles/cyberrunner_interfaces__rosidl_typesupport_introspection_c.dir/rosidl_typesupport_introspection_c/cyberrunner_interfaces/msg/detail/state_estimate__type_support.c.o[0m
[ 67%] [32mBuilding C object CMakeFiles/cyberrunner_interfaces__rosidl_typesupport_introspection_c.dir/rosidl_typesupport_introspection_c/cyberrunner_interfaces/msg/detail/dynamixel_vel__type_support.c.o[0m
[ 69%] [32mBuilding C object CMakeFiles/cyberrunner_interfaces__rosidl_typesupport_introspection_c.dir/rosidl_typesupport_introspection_c/cyberrunner_interfaces/msg/detail/state_estimate_sub__type_support.c.o[0m
[ 71%] [32m[1mLinking C shared library libcyberrunner_interfaces__rosidl_typesupport_introspection_c.so[0m
[ 71%] Built target cyberrunner_interfaces__rosidl_typesupport_introspection_c
[ 73%] [32m[1mLinking CXX shared library libcyberrunner_interfaces__rosidl_typesupport_cpp.so[0m
[ 73%] Built target cyberrunner_interfaces__rosidl_typesupport_cpp
[ 75%] [32m[1mLinking CXX shared library libcyberrunner_interfaces__rosidl_typesupport_introspection_cpp.so[0m
[ 76%] [32m[1mLinking CXX shared library libcyberrunner_interfaces__rosidl_typesupport_fastrtps_cpp.so[0m
[ 78%] [32m[1mLinking CXX shared library libcyberrunner_interfaces__rosidl_typesupport_fastrtps_c.so[0m
[ 78%] Built target cyberrunner_interfaces__rosidl_typesupport_introspection_cpp
[ 78%] Built target cyberrunner_interfaces__rosidl_typesupport_fastrtps_cpp
[ 78%] Built target cyberrunner_interfaces__rosidl_typesupport_fastrtps_c
[ 78%] Built target cyberrunner_interfaces
[ 80%] [34m[1mGenerating Python code for ROS interfaces[0m
[ 80%] Built target cyberrunner_interfaces__py
[ 82%] [32mBuilding C object CMakeFiles/cyberrunner_interfaces__rosidl_generator_py.dir/rosidl_generator_py/cyberrunner_interfaces/msg/_dynamixel_vel_s.c.o[0m
[ 83%] [32mBuilding C object CMakeFiles/cyberrunner_interfaces__rosidl_generator_py.dir/rosidl_generator_py/cyberrunner_interfaces/srv/_dynamixel_reset_s.c.o[0m
[ 87%] [32mBuilding C object CMakeFiles/cyberrunner_interfaces__rosidl_generator_py.dir/rosidl_generator_py/cyberrunner_interfaces/msg/_state_estimate_s.c.o[0m
[ 87%] [32mBuilding C object CMakeFiles/cyberrunner_interfaces__rosidl_generator_py.dir/rosidl_generator_py/cyberrunner_interfaces/msg/_state_estimate_sub_s.c.o[0m
[ 89%] [32m[1mLinking C shared library rosidl_generator_py/cyberrunner_interfaces/libcyberrunner_interfaces__rosidl_generator_py.so[0m
[ 89%] Built target cyberrunner_interfaces__rosidl_generator_py
[ 91%] [32mBuilding C object CMakeFiles/cyberrunner_interfaces__rosidl_typesupport_introspection_c__pyext.dir/rosidl_generator_py/cyberrunner_interfaces/_cyberrunner_interfaces_s.ep.rosidl_typesupport_introspection_c.c.o[0m
[ 92%] [32mBuilding C object CMakeFiles/cyberrunner_interfaces__rosidl_typesupport_c__pyext.dir/rosidl_generator_py/cyberrunner_interfaces/_cyberrunner_interfaces_s.ep.rosidl_typesupport_c.c.o[0m
[ 94%] [32mBuilding C object CMakeFiles/cyberrunner_interfaces__rosidl_typesupport_fastrtps_c__pyext.dir/rosidl_generator_py/cyberrunner_interfaces/_cyberrunner_interfaces_s.ep.rosidl_typesupport_fastrtps_c.c.o[0m
[ 96%] [32m[1mLinking C shared library rosidl_generator_py/cyberrunner_interfaces/cyberrunner_interfaces_s__rosidl_typesupport_introspection_c.cpython-310-x86_64-linux-gnu.so[0m
[ 98%] [32m[1mLinking C shared library rosidl_generator_py/cyberrunner_interfaces/cyberrunner_interfaces_s__rosidl_typesupport_fastrtps_c.cpython-310-x86_64-linux-gnu.so[0m
[100%] [32m[1mLinking C shared library rosidl_generator_py/cyberrunner_interfaces/cyberrunner_interfaces_s__rosidl_typesupport_c.cpython-310-x86_64-linux-gnu.so[0m
[100%] Built target cyberrunner_interfaces__rosidl_typesupport_introspection_c__pyext
[100%] Built target cyberrunner_interfaces__rosidl_typesupport_fastrtps_c__pyext
[100%] Built target cyberrunner_interfaces__rosidl_typesupport_c__pyext
-- Install configuration: ""
-- Execute custom install script
-- Symlinking: /home/trungbao/CYBER/cyberruner-main/install/cyberrunner_interfaces/share/ament_index/resource_index/rosidl_interfaces/cyberrunner_interfaces
-- Symlinking: /home/trungbao/CYBER/cyberruner-main/install/cyberrunner_interfaces/include/cyberrunner_interfaces/cyberrunner_interfaces/msg/detail/dynamixel_vel__functions.h
-- Symlinking: /home/trungbao/CYBER/cyberruner-main/install/cyberrunner_interfaces/include/cyberrunner_interfaces/cyberrunner_interfaces/msg/detail/dynamixel_vel__struct.h
-- Symlinking: /home/trungbao/CYBER/cyberruner-main/install/cyberrunner_interfaces/include/cyberrunner_interfaces/cyberrunner_interfaces/msg/detail/dynamixel_vel__type_support.h
-- Symlinking: /home/trungbao/CYBER/cyberruner-main/install/cyberrunner_interfaces/include/cyberrunner_interfaces/cyberrunner_interfaces/msg/detail/state_estimate__functions.h
-- Symlinking: /home/trungbao/CYBER/cyberruner-main/install/cyberrunner_interfaces/include/cyberrunner_interfaces/cyberrunner_interfaces/msg/detail/state_estimate__struct.h
-- Symlinking: /home/trungbao/CYBER/cyberruner-main/install/cyberrunner_interfaces/include/cyberrunner_interfaces/cyberrunner_interfaces/msg/detail/state_estimate__type_support.h
-- Symlinking: /home/trungbao/CYBER/cyberruner-main/install/cyberrunner_interfaces/include/cyberrunner_interfaces/cyberrunner_interfaces/msg/detail/state_estimate_sub__functions.h
-- Symlinking: /home/trungbao/CYBER/cyberruner-main/install/cyberrunner_interfaces/include/cyberrunner_interfaces/cyberrunner_interfaces/msg/detail/state_estimate_sub__struct.h
-- Symlinking: /home/trungbao/CYBER/cyberruner-main/install/cyberrunner_interfaces/include/cyberrunner_interfaces/cyberrunner_interfaces/msg/detail/state_estimate_sub__type_support.h
-- Symlinking: /home/trungbao/CYBER/cyberruner-main/install/cyberrunner_interfaces/include/cyberrunner_interfaces/cyberrunner_interfaces/msg/dynamixel_vel.h
-- Symlinking: /home/trungbao/CYBER/cyberruner-main/install/cyberrunner_interfaces/include/cyberrunner_interfaces/cyberrunner_interfaces/msg/rosidl_generator_c__visibility_control.h
-- Symlinking: /home/trungbao/CYBER/cyberruner-main/install/cyberrunner_interfaces/include/cyberrunner_interfaces/cyberrunner_interfaces/msg/state_estimate.h
-- Symlinking: /home/trungbao/CYBER/cyberruner-main/install/cyberrunner_interfaces/include/cyberrunner_interfaces/cyberrunner_interfaces/msg/state_estimate_sub.h
-- Symlinking: /home/trungbao/CYBER/cyberruner-main/install/cyberrunner_interfaces/include/cyberrunner_interfaces/cyberrunner_interfaces/srv/detail/dynamixel_reset__functions.h
-- Symlinking: /home/trungbao/CYBER/cyberruner-main/install/cyberrunner_interfaces/include/cyberrunner_interfaces/cyberrunner_interfaces/srv/detail/dynamixel_reset__struct.h
-- Symlinking: /home/trungbao/CYBER/cyberruner-main/install/cyberrunner_interfaces/include/cyberrunner_interfaces/cyberrunner_interfaces/srv/detail/dynamixel_reset__type_support.h
-- Symlinking: /home/trungbao/CYBER/cyberruner-main/install/cyberrunner_interfaces/include/cyberrunner_interfaces/cyberrunner_interfaces/srv/dynamixel_reset.h
-- Symlinking: /home/trungbao/CYBER/cyberruner-main/install/cyberrunner_interfaces/share/cyberrunner_interfaces/environment/library_path.sh
-- Symlinking: /home/trungbao/CYBER/cyberruner-main/install/cyberrunner_interfaces/share/cyberrunner_interfaces/environment/library_path.dsv
-- Symlinking: /home/trungbao/CYBER/cyberruner-main/install/cyberrunner_interfaces/include/cyberrunner_interfaces/cyberrunner_interfaces/msg/detail/dynamixel_vel__rosidl_typesupport_fastrtps_c.h
-- Symlinking: /home/trungbao/CYBER/cyberruner-main/install/cyberrunner_interfaces/include/cyberrunner_interfaces/cyberrunner_interfaces/msg/detail/state_estimate__rosidl_typesupport_fastrtps_c.h
-- Symlinking: /home/trungbao/CYBER/cyberruner-main/install/cyberrunner_interfaces/include/cyberrunner_interfaces/cyberrunner_interfaces/msg/detail/state_estimate_sub__rosidl_typesupport_fastrtps_c.h
-- Symlinking: /home/trungbao/CYBER/cyberruner-main/install/cyberrunner_interfaces/include/cyberrunner_interfaces/cyberrunner_interfaces/msg/rosidl_typesupport_fastrtps_c__visibility_control.h
-- Symlinking: /home/trungbao/CYBER/cyberruner-main/install/cyberrunner_interfaces/include/cyberrunner_interfaces/cyberrunner_interfaces/srv/detail/dynamixel_reset__rosidl_typesupport_fastrtps_c.h
-- Symlinking: /home/trungbao/CYBER/cyberruner-main/install/cyberrunner_interfaces/include/cyberrunner_interfaces/cyberrunner_interfaces/msg/detail/dynamixel_vel__rosidl_typesupport_introspection_c.h
-- Symlinking: /home/trungbao/CYBER/cyberruner-main/install/cyberrunner_interfaces/include/cyberrunner_interfaces/cyberrunner_interfaces/msg/detail/state_estimate__rosidl_typesupport_introspection_c.h
-- Symlinking: /home/trungbao/CYBER/cyberruner-main/install/cyberrunner_interfaces/include/cyberrunner_interfaces/cyberrunner_interfaces/msg/detail/state_estimate_sub__rosidl_typesupport_introspection_c.h
-- Symlinking: /home/trungbao/CYBER/cyberruner-main/install/cyberrunner_interfaces/include/cyberrunner_interfaces/cyberrunner_interfaces/msg/rosidl_typesupport_introspection_c__visibility_control.h
-- Symlinking: /home/trungbao/CYBER/cyberruner-main/install/cyberrunner_interfaces/include/cyberrunner_interfaces/cyberrunner_interfaces/srv/detail/dynamixel_reset__rosidl_typesupport_introspection_c.h
-- Symlinking: /home/trungbao/CYBER/cyberruner-main/install/cyberrunner_interfaces/include/cyberrunner_interfaces/cyberrunner_interfaces/msg/detail/dynamixel_vel__builder.hpp
-- Symlinking: /home/trungbao/CYBER/cyberruner-main/install/cyberrunner_interfaces/include/cyberrunner_interfaces/cyberrunner_interfaces/msg/detail/dynamixel_vel__struct.hpp
-- Symlinking: /home/trungbao/CYBER/cyberruner-main/install/cyberrunner_interfaces/include/cyberrunner_interfaces/cyberrunner_interfaces/msg/detail/dynamixel_vel__traits.hpp
-- Symlinking: /home/trungbao/CYBER/cyberruner-main/install/cyberrunner_interfaces/include/cyberrunner_interfaces/cyberrunner_interfaces/msg/detail/dynamixel_vel__type_support.hpp
-- Symlinking: /home/trungbao/CYBER/cyberruner-main/install/cyberrunner_interfaces/include/cyberrunner_interfaces/cyberrunner_interfaces/msg/detail/state_estimate__builder.hpp
-- Symlinking: /home/trungbao/CYBER/cyberruner-main/install/cyberrunner_interfaces/include/cyberrunner_interfaces/cyberrunner_interfaces/msg/detail/state_estimate__struct.hpp
-- Symlinking: /home/trungbao/CYBER/cyberruner-main/install/cyberrunner_interfaces/include/cyberrunner_interfaces/cyberrunner_interfaces/msg/detail/state_estimate__traits.hpp
-- Symlinking: /home/trungbao/CYBER/cyberruner-main/install/cyberrunner_interfaces/include/cyberrunner_interfaces/cyberrunner_interfaces/msg/detail/state_estimate__type_support.hpp
-- Symlinking: /home/trungbao/CYBER/cyberruner-main/install/cyberrunner_interfaces/include/cyberrunner_interfaces/cyberrunner_interfaces/msg/detail/state_estimate_sub__builder.hpp
-- Symlinking: /home/trungbao/CYBER/cyberruner-main/install/cyberrunner_interfaces/include/cyberrunner_interfaces/cyberrunner_interfaces/msg/detail/state_estimate_sub__struct.hpp
-- Symlinking: /home/trungbao/CYBER/cyberruner-main/install/cyberrunner_interfaces/include/cyberrunner_interfaces/cyberrunner_interfaces/msg/detail/state_estimate_sub__traits.hpp
-- Symlinking: /home/trungbao/CYBER/cyberruner-main/install/cyberrunner_interfaces/include/cyberrunner_interfaces/cyberrunner_interfaces/msg/detail/state_estimate_sub__type_support.hpp
-- Symlinking: /home/trungbao/CYBER/cyberruner-main/install/cyberrunner_interfaces/include/cyberrunner_interfaces/cyberrunner_interfaces/msg/dynamixel_vel.hpp
-- Symlinking: /home/trungbao/CYBER/cyberruner-main/install/cyberrunner_interfaces/include/cyberrunner_interfaces/cyberrunner_interfaces/msg/rosidl_generator_cpp__visibility_control.hpp
-- Symlinking: /home/trungbao/CYBER/cyberruner-main/install/cyberrunner_interfaces/include/cyberrunner_interfaces/cyberrunner_interfaces/msg/state_estimate.hpp
-- Symlinking: /home/trungbao/CYBER/cyberruner-main/install/cyberrunner_interfaces/include/cyberrunner_interfaces/cyberrunner_interfaces/msg/state_estimate_sub.hpp
-- Symlinking: /home/trungbao/CYBER/cyberruner-main/install/cyberrunner_interfaces/include/cyberrunner_interfaces/cyberrunner_interfaces/srv/detail/dynamixel_reset__builder.hpp
-- Symlinking: /home/trungbao/CYBER/cyberruner-main/install/cyberrunner_interfaces/include/cyberrunner_interfaces/cyberrunner_interfaces/srv/detail/dynamixel_reset__struct.hpp
-- Symlinking: /home/trungbao/CYBER/cyberruner-main/install/cyberrunner_interfaces/include/cyberrunner_interfaces/cyberrunner_interfaces/srv/detail/dynamixel_reset__traits.hpp
-- Symlinking: /home/trungbao/CYBER/cyberruner-main/install/cyberrunner_interfaces/include/cyberrunner_interfaces/cyberrunner_interfaces/srv/detail/dynamixel_reset__type_support.hpp
-- Symlinking: /home/trungbao/CYBER/cyberruner-main/install/cyberrunner_interfaces/include/cyberrunner_interfaces/cyberrunner_interfaces/srv/dynamixel_reset.hpp
-- Symlinking: /home/trungbao/CYBER/cyberruner-main/install/cyberrunner_interfaces/include/cyberrunner_interfaces/cyberrunner_interfaces/msg/detail/dynamixel_vel__rosidl_typesupport_fastrtps_cpp.hpp
-- Symlinking: /home/trungbao/CYBER/cyberruner-main/install/cyberrunner_interfaces/include/cyberrunner_interfaces/cyberrunner_interfaces/msg/detail/state_estimate__rosidl_typesupport_fastrtps_cpp.hpp
-- Symlinking: /home/trungbao/CYBER/cyberruner-main/install/cyberrunner_interfaces/include/cyberrunner_interfaces/cyberrunner_interfaces/msg/detail/state_estimate_sub__rosidl_typesupport_fastrtps_cpp.hpp
-- Symlinking: /home/trungbao/CYBER/cyberruner-main/install/cyberrunner_interfaces/include/cyberrunner_interfaces/cyberrunner_interfaces/msg/rosidl_typesupport_fastrtps_cpp__visibility_control.h
-- Symlinking: /home/trungbao/CYBER/cyberruner-main/install/cyberrunner_interfaces/include/cyberrunner_interfaces/cyberrunner_interfaces/srv/detail/dynamixel_reset__rosidl_typesupport_fastrtps_cpp.hpp
-- Symlinking: /home/trungbao/CYBER/cyberruner-main/install/cyberrunner_interfaces/include/cyberrunner_interfaces/cyberrunner_interfaces/msg/detail/dynamixel_vel__rosidl_typesupport_introspection_cpp.hpp
-- Symlinking: /home/trungbao/CYBER/cyberruner-main/install/cyberrunner_interfaces/include/cyberrunner_interfaces/cyberrunner_interfaces/msg/detail/state_estimate__rosidl_typesupport_introspection_cpp.hpp
-- Symlinking: /home/trungbao/CYBER/cyberruner-main/install/cyberrunner_interfaces/include/cyberrunner_interfaces/cyberrunner_interfaces/msg/detail/state_estimate_sub__rosidl_typesupport_introspection_cpp.hpp
-- Symlinking: /home/trungbao/CYBER/cyberruner-main/install/cyberrunner_interfaces/include/cyberrunner_interfaces/cyberrunner_interfaces/srv/detail/dynamixel_reset__rosidl_typesupport_introspection_cpp.hpp
-- Symlinking: /home/trungbao/CYBER/cyberruner-main/install/cyberrunner_interfaces/share/cyberrunner_interfaces/environment/pythonpath.sh
-- Symlinking: /home/trungbao/CYBER/cyberruner-main/install/cyberrunner_interfaces/share/cyberrunner_interfaces/environment/pythonpath.dsv
-- Symlinking: /home/trungbao/CYBER/cyberruner-main/install/cyberrunner_interfaces/local/lib/python3.10/dist-packages/cyberrunner_interfaces-0.0.0-py3.10.egg-info/PKG-INFO
-- Symlinking: /home/trungbao/CYBER/cyberruner-main/install/cyberrunner_interfaces/local/lib/python3.10/dist-packages/cyberrunner_interfaces-0.0.0-py3.10.egg-info/SOURCES.txt
-- Symlinking: /home/trungbao/CYBER/cyberruner-main/install/cyberrunner_interfaces/local/lib/python3.10/dist-packages/cyberrunner_interfaces-0.0.0-py3.10.egg-info/dependency_links.txt
-- Symlinking: /home/trungbao/CYBER/cyberruner-main/install/cyberrunner_interfaces/local/lib/python3.10/dist-packages/cyberrunner_interfaces-0.0.0-py3.10.egg-info/top_level.txt
-- Symlinking: /home/trungbao/CYBER/cyberruner-main/install/cyberrunner_interfaces/local/lib/python3.10/dist-packages/cyberrunner_interfaces/__init__.py
-- Symlinking: /home/trungbao/CYBER/cyberruner-main/install/cyberrunner_interfaces/local/lib/python3.10/dist-packages/cyberrunner_interfaces/_cyberrunner_interfaces_s.ep.rosidl_typesupport_c.c
-- Symlinking: /home/trungbao/CYBER/cyberruner-main/install/cyberrunner_interfaces/local/lib/python3.10/dist-packages/cyberrunner_interfaces/_cyberrunner_interfaces_s.ep.rosidl_typesupport_fastrtps_c.c
-- Symlinking: /home/trungbao/CYBER/cyberruner-main/install/cyberrunner_interfaces/local/lib/python3.10/dist-packages/cyberrunner_interfaces/_cyberrunner_interfaces_s.ep.rosidl_typesupport_introspection_c.c
-- Symlinking: /home/trungbao/CYBER/cyberruner-main/install/cyberrunner_interfaces/local/lib/python3.10/dist-packages/cyberrunner_interfaces/cyberrunner_interfaces_s__rosidl_typesupport_c.cpython-310-x86_64-linux-gnu.so
-- Symlinking: /home/trungbao/CYBER/cyberruner-main/install/cyberrunner_interfaces/local/lib/python3.10/dist-packages/cyberrunner_interfaces/cyberrunner_interfaces_s__rosidl_typesupport_fastrtps_c.cpython-310-x86_64-linux-gnu.so
-- Symlinking: /home/trungbao/CYBER/cyberruner-main/install/cyberrunner_interfaces/local/lib/python3.10/dist-packages/cyberrunner_interfaces/cyberrunner_interfaces_s__rosidl_typesupport_introspection_c.cpython-310-x86_64-linux-gnu.so
-- Symlinking: /home/trungbao/CYBER/cyberruner-main/install/cyberrunner_interfaces/local/lib/python3.10/dist-packages/cyberrunner_interfaces/libcyberrunner_interfaces__rosidl_generator_py.so
-- Symlinking: /home/trungbao/CYBER/cyberruner-main/install/cyberrunner_interfaces/local/lib/python3.10/dist-packages/cyberrunner_interfaces/msg/__init__.py
-- Symlinking: /home/trungbao/CYBER/cyberruner-main/install/cyberrunner_interfaces/local/lib/python3.10/dist-packages/cyberrunner_interfaces/msg/_dynamixel_vel.py
-- Symlinking: /home/trungbao/CYBER/cyberruner-main/install/cyberrunner_interfaces/local/lib/python3.10/dist-packages/cyberrunner_interfaces/msg/_dynamixel_vel_s.c
-- Symlinking: /home/trungbao/CYBER/cyberruner-main/install/cyberrunner_interfaces/local/lib/python3.10/dist-packages/cyberrunner_interfaces/msg/_state_estimate.py
-- Symlinking: /home/trungbao/CYBER/cyberruner-main/install/cyberrunner_interfaces/local/lib/python3.10/dist-packages/cyberrunner_interfaces/msg/_state_estimate_s.c
-- Symlinking: /home/trungbao/CYBER/cyberruner-main/install/cyberrunner_interfaces/local/lib/python3.10/dist-packages/cyberrunner_interfaces/msg/_state_estimate_sub.py
-- Symlinking: /home/trungbao/CYBER/cyberruner-main/install/cyberrunner_interfaces/local/lib/python3.10/dist-packages/cyberrunner_interfaces/msg/_state_estimate_sub_s.c
-- Symlinking: /home/trungbao/CYBER/cyberruner-main/install/cyberrunner_interfaces/local/lib/python3.10/dist-packages/cyberrunner_interfaces/srv/__init__.py
-- Symlinking: /home/trungbao/CYBER/cyberruner-main/install/cyberrunner_interfaces/local/lib/python3.10/dist-packages/cyberrunner_interfaces/srv/_dynamixel_reset.py
-- Symlinking: /home/trungbao/CYBER/cyberruner-main/install/cyberrunner_interfaces/local/lib/python3.10/dist-packages/cyberrunner_interfaces/srv/_dynamixel_reset_s.c
-- Up-to-date symlink: /home/trungbao/CYBER/cyberruner-main/install/cyberrunner_interfaces/local/lib/python3.10/dist-packages/cyberrunner_interfaces/cyberrunner_interfaces_s__rosidl_typesupport_fastrtps_c.cpython-310-x86_64-linux-gnu.so
-- Up-to-date symlink: /home/trungbao/CYBER/cyberruner-main/install/cyberrunner_interfaces/local/lib/python3.10/dist-packages/cyberrunner_interfaces/cyberrunner_interfaces_s__rosidl_typesupport_introspection_c.cpython-310-x86_64-linux-gnu.so
-- Up-to-date symlink: /home/trungbao/CYBER/cyberruner-main/install/cyberrunner_interfaces/local/lib/python3.10/dist-packages/cyberrunner_interfaces/cyberrunner_interfaces_s__rosidl_typesupport_c.cpython-310-x86_64-linux-gnu.so
-- Symlinking: /home/trungbao/CYBER/cyberruner-main/install/cyberrunner_interfaces/share/ament_index/resource_index/rust_packages/cyberrunner_interfaces
-- Symlinking: /home/trungbao/CYBER/cyberruner-main/install/cyberrunner_interfaces/share/cyberrunner_interfaces/rust/Cargo.toml
-- Symlinking: /home/trungbao/CYBER/cyberruner-main/install/cyberrunner_interfaces/share/cyberrunner_interfaces/rust/build.rs
-- Symlinking: /home/trungbao/CYBER/cyberruner-main/install/cyberrunner_interfaces/share/cyberrunner_interfaces/rust/src/lib.rs
-- Symlinking: /home/trungbao/CYBER/cyberruner-main/install/cyberrunner_interfaces/share/cyberrunner_interfaces/rust/src/msg.rs
-- Symlinking: /home/trungbao/CYBER/cyberruner-main/install/cyberrunner_interfaces/share/cyberrunner_interfaces/rust/src/msg/rmw.rs
-- Symlinking: /home/trungbao/CYBER/cyberruner-main/install/cyberrunner_interfaces/share/cyberrunner_interfaces/rust/src/srv.rs
-- Symlinking: /home/trungbao/CYBER/cyberruner-main/install/cyberrunner_interfaces/share/cyberrunner_interfaces/rust/src/srv/rmw.rs
-- Symlinking: /home/trungbao/CYBER/cyberruner-main/install/cyberrunner_interfaces/share/cyberrunner_interfaces/msg/DynamixelVel.idl
-- Symlinking: /home/trungbao/CYBER/cyberruner-main/install/cyberrunner_interfaces/share/cyberrunner_interfaces/msg/StateEstimate.idl
-- Symlinking: /home/trungbao/CYBER/cyberruner-main/install/cyberrunner_interfaces/share/cyberrunner_interfaces/msg/StateEstimateSub.idl
-- Symlinking: /home/trungbao/CYBER/cyberruner-main/install/cyberrunner_interfaces/share/cyberrunner_interfaces/srv/DynamixelReset.idl
-- Symlinking: /home/trungbao/CYBER/cyberruner-main/install/cyberrunner_interfaces/share/cyberrunner_interfaces/msg/DynamixelVel.msg
-- Symlinking: /home/trungbao/CYBER/cyberruner-main/install/cyberrunner_interfaces/share/cyberrunner_interfaces/msg/StateEstimate.msg
-- Symlinking: /home/trungbao/CYBER/cyberruner-main/install/cyberrunner_interfaces/share/cyberrunner_interfaces/msg/StateEstimateSub.msg
-- Symlinking: /home/trungbao/CYBER/cyberruner-main/install/cyberrunner_interfaces/share/cyberrunner_interfaces/srv/DynamixelReset.srv
-- Symlinking: /home/trungbao/CYBER/cyberruner-main/install/cyberrunner_interfaces/share/cyberrunner_interfaces/srv/DynamixelReset_Request.msg
-- Symlinking: /home/trungbao/CYBER/cyberruner-main/install/cyberrunner_interfaces/share/cyberrunner_interfaces/srv/DynamixelReset_Response.msg
-- Symlinking: /home/trungbao/CYBER/cyberruner-main/install/cyberrunner_interfaces/share/ament_index/resource_index/package_run_dependencies/cyberrunner_interfaces
-- Symlinking: /home/trungbao/CYBER/cyberruner-main/install/cyberrunner_interfaces/share/ament_index/resource_index/parent_prefix_path/cyberrunner_interfaces
-- Symlinking: /home/trungbao/CYBER/cyberruner-main/install/cyberrunner_interfaces/share/cyberrunner_interfaces/environment/ament_prefix_path.sh
-- Symlinking: /home/trungbao/CYBER/cyberruner-main/install/cyberrunner_interfaces/share/cyberrunner_interfaces/environment/ament_prefix_path.dsv
-- Symlinking: /home/trungbao/CYBER/cyberruner-main/install/cyberrunner_interfaces/share/cyberrunner_interfaces/environment/path.sh
-- Symlinking: /home/trungbao/CYBER/cyberruner-main/install/cyberrunner_interfaces/share/cyberrunner_interfaces/environment/path.dsv
-- Symlinking: /home/trungbao/CYBER/cyberruner-main/install/cyberrunner_interfaces/share/cyberrunner_interfaces/local_setup.bash
-- Symlinking: /home/trungbao/CYBER/cyberruner-main/install/cyberrunner_interfaces/share/cyberrunner_interfaces/local_setup.sh
-- Symlinking: /home/trungbao/CYBER/cyberruner-main/install/cyberrunner_interfaces/share/cyberrunner_interfaces/local_setup.zsh
-- Symlinking: /home/trungbao/CYBER/cyberruner-main/install/cyberrunner_interfaces/share/cyberrunner_interfaces/local_setup.dsv
-- Symlinking: /home/trungbao/CYBER/cyberruner-main/install/cyberrunner_interfaces/share/cyberrunner_interfaces/package.dsv
-- Symlinking: /home/trungbao/CYBER/cyberruner-main/install/cyberrunner_interfaces/share/ament_index/resource_index/packages/cyberrunner_interfaces
-- Symlinking: /home/trungbao/CYBER/cyberruner-main/install/cyberrunner_interfaces/share/cyberrunner_interfaces/cmake/rosidl_cmake-extras.cmake
-- Symlinking: /home/trungbao/CYBER/cyberruner-main/install/cyberrunner_interfaces/share/cyberrunner_interfaces/cmake/ament_cmake_export_dependencies-extras.cmake
-- Symlinking: /home/trungbao/CYBER/cyberruner-main/install/cyberrunner_interfaces/share/cyberrunner_interfaces/cmake/ament_cmake_export_include_directories-extras.cmake
-- Symlinking: /home/trungbao/CYBER/cyberruner-main/install/cyberrunner_interfaces/share/cyberrunner_interfaces/cmake/ament_cmake_export_libraries-extras.cmake
-- Symlinking: /home/trungbao/CYBER/cyberruner-main/install/cyberrunner_interfaces/share/cyberrunner_interfaces/cmake/ament_cmake_export_targets-extras.cmake
-- Symlinking: /home/trungbao/CYBER/cyberruner-main/install/cyberrunner_interfaces/share/cyberrunner_interfaces/cmake/rosidl_cmake_export_typesupport_targets-extras.cmake
-- Symlinking: /home/trungbao/CYBER/cyberruner-main/install/cyberrunner_interfaces/share/cyberrunner_interfaces/cmake/rosidl_cmake_export_typesupport_libraries-extras.cmake
-- Symlinking: /home/trungbao/CYBER/cyberruner-main/install/cyberrunner_interfaces/share/cyberrunner_interfaces/cmake/cyberrunner_interfacesConfig.cmake
-- Symlinking: /home/trungbao/CYBER/cyberruner-main/install/cyberrunner_interfaces/share/cyberrunner_interfaces/cmake/cyberrunner_interfacesConfig-version.cmake
-- Symlinking: /home/trungbao/CYBER/cyberruner-main/install/cyberrunner_interfaces/share/cyberrunner_interfaces/package.xml
-- Installing: /home/trungbao/CYBER/cyberruner-main/install/cyberrunner_interfaces/lib/libcyberrunner_interfaces__rosidl_generator_c.so
-- Set runtime path of "/home/trungbao/CYBER/cyberruner-main/install/cyberrunner_interfaces/lib/libcyberrunner_interfaces__rosidl_generator_c.so" to ""
-- Installing: /home/trungbao/CYBER/cyberruner-main/install/cyberrunner_interfaces/lib/libcyberrunner_interfaces__rosidl_typesupport_fastrtps_c.so
-- Set runtime path of "/home/trungbao/CYBER/cyberruner-main/install/cyberrunner_interfaces/lib/libcyberrunner_interfaces__rosidl_typesupport_fastrtps_c.so" to ""
-- Installing: /home/trungbao/CYBER/cyberruner-main/install/cyberrunner_interfaces/lib/libcyberrunner_interfaces__rosidl_typesupport_introspection_c.so
-- Set runtime path of "/home/trungbao/CYBER/cyberruner-main/install/cyberrunner_interfaces/lib/libcyberrunner_interfaces__rosidl_typesupport_introspection_c.so" to ""
-- Installing: /home/trungbao/CYBER/cyberruner-main/install/cyberrunner_interfaces/lib/libcyberrunner_interfaces__rosidl_typesupport_c.so
-- Set runtime path of "/home/trungbao/CYBER/cyberruner-main/install/cyberrunner_interfaces/lib/libcyberrunner_interfaces__rosidl_typesupport_c.so" to ""
-- Installing: /home/trungbao/CYBER/cyberruner-main/install/cyberrunner_interfaces/lib/libcyberrunner_interfaces__rosidl_typesupport_fastrtps_cpp.so
-- Set runtime path of "/home/trungbao/CYBER/cyberruner-main/install/cyberrunner_interfaces/lib/libcyberrunner_interfaces__rosidl_typesupport_fastrtps_cpp.so" to ""
-- Installing: /home/trungbao/CYBER/cyberruner-main/install/cyberrunner_interfaces/lib/libcyberrunner_interfaces__rosidl_typesupport_introspection_cpp.so
-- Set runtime path of "/home/trungbao/CYBER/cyberruner-main/install/cyberrunner_interfaces/lib/libcyberrunner_interfaces__rosidl_typesupport_introspection_cpp.so" to ""
-- Installing: /home/trungbao/CYBER/cyberruner-main/install/cyberrunner_interfaces/lib/libcyberrunner_interfaces__rosidl_typesupport_cpp.so
-- Set runtime path of "/home/trungbao/CYBER/cyberruner-main/install/cyberrunner_interfaces/lib/libcyberrunner_interfaces__rosidl_typesupport_cpp.so" to ""
Listing '/home/trungbao/CYBER/cyberruner-main/install/cyberrunner_interfaces/local/lib/python3.10/dist-packages/cyberrunner_interfaces'...
Compiling '/home/trungbao/CYBER/cyberruner-main/install/cyberrunner_interfaces/local/lib/python3.10/dist-packages/cyberrunner_interfaces/__init__.py'...
Listing '/home/trungbao/CYBER/cyberruner-main/install/cyberrunner_interfaces/local/lib/python3.10/dist-packages/cyberrunner_interfaces/msg'...
Compiling '/home/trungbao/CYBER/cyberruner-main/install/cyberrunner_interfaces/local/lib/python3.10/dist-packages/cyberrunner_interfaces/msg/__init__.py'...
Compiling '/home/trungbao/CYBER/cyberruner-main/install/cyberrunner_interfaces/local/lib/python3.10/dist-packages/cyberrunner_interfaces/msg/_dynamixel_vel.py'...
Compiling '/home/trungbao/CYBER/cyberruner-main/install/cyberrunner_interfaces/local/lib/python3.10/dist-packages/cyberrunner_interfaces/msg/_state_estimate.py'...
Compiling '/home/trungbao/CYBER/cyberruner-main/install/cyberrunner_interfaces/local/lib/python3.10/dist-packages/cyberrunner_interfaces/msg/_state_estimate_sub.py'...
Listing '/home/trungbao/CYBER/cyberruner-main/install/cyberrunner_interfaces/local/lib/python3.10/dist-packages/cyberrunner_interfaces/srv'...
Compiling '/home/trungbao/CYBER/cyberruner-main/install/cyberrunner_interfaces/local/lib/python3.10/dist-packages/cyberrunner_interfaces/srv/__init__.py'...
Compiling '/home/trungbao/CYBER/cyberruner-main/install/cyberrunner_interfaces/local/lib/python3.10/dist-packages/cyberrunner_interfaces/srv/_dynamixel_reset.py'...
-- Installing: /home/trungbao/CYBER/cyberruner-main/install/cyberrunner_interfaces/lib/libcyberrunner_interfaces__rosidl_generator_py.so
-- Set runtime path of "/home/trungbao/CYBER/cyberruner-main/install/cyberrunner_interfaces/lib/libcyberrunner_interfaces__rosidl_generator_py.so" to ""
-- Installing: /home/trungbao/CYBER/cyberruner-main/install/cyberrunner_interfaces/share/cyberrunner_interfaces/cmake/export_cyberrunner_interfaces__rosidl_generator_cExport.cmake
-- Installing: /home/trungbao/CYBER/cyberruner-main/install/cyberrunner_interfaces/share/cyberrunner_interfaces/cmake/export_cyberrunner_interfaces__rosidl_generator_cExport-noconfig.cmake
-- Installing: /home/trungbao/CYBER/cyberruner-main/install/cyberrunner_interfaces/share/cyberrunner_interfaces/cmake/export_cyberrunner_interfaces__rosidl_typesupport_fastrtps_cExport.cmake
-- Installing: /home/trungbao/CYBER/cyberruner-main/install/cyberrunner_interfaces/share/cyberrunner_interfaces/cmake/export_cyberrunner_interfaces__rosidl_typesupport_fastrtps_cExport-noconfig.cmake
-- Installing: /home/trungbao/CYBER/cyberruner-main/install/cyberrunner_interfaces/share/cyberrunner_interfaces/cmake/cyberrunner_interfaces__rosidl_typesupport_introspection_cExport.cmake
-- Installing: /home/trungbao/CYBER/cyberruner-main/install/cyberrunner_interfaces/share/cyberrunner_interfaces/cmake/cyberrunner_interfaces__rosidl_typesupport_introspection_cExport-noconfig.cmake
-- Installing: /home/trungbao/CYBER/cyberruner-main/install/cyberrunner_interfaces/share/cyberrunner_interfaces/cmake/cyberrunner_interfaces__rosidl_typesupport_cExport.cmake
-- Installing: /home/trungbao/CYBER/cyberruner-main/install/cyberrunner_interfaces/share/cyberrunner_interfaces/cmake/cyberrunner_interfaces__rosidl_typesupport_cExport-noconfig.cmake
-- Installing: /home/trungbao/CYBER/cyberruner-main/install/cyberrunner_interfaces/share/cyberrunner_interfaces/cmake/export_cyberrunner_interfaces__rosidl_generator_cppExport.cmake
-- Installing: /home/trungbao/CYBER/cyberruner-main/install/cyberrunner_interfaces/share/cyberrunner_interfaces/cmake/export_cyberrunner_interfaces__rosidl_typesupport_fastrtps_cppExport.cmake
-- Installing: /home/trungbao/CYBER/cyberruner-main/install/cyberrunner_interfaces/share/cyberrunner_interfaces/cmake/export_cyberrunner_interfaces__rosidl_typesupport_fastrtps_cppExport-noconfig.cmake
-- Installing: /home/trungbao/CYBER/cyberruner-main/install/cyberrunner_interfaces/share/cyberrunner_interfaces/cmake/cyberrunner_interfaces__rosidl_typesupport_introspection_cppExport.cmake
-- Installing: /home/trungbao/CYBER/cyberruner-main/install/cyberrunner_interfaces/share/cyberrunner_interfaces/cmake/cyberrunner_interfaces__rosidl_typesupport_introspection_cppExport-noconfig.cmake
-- Installing: /home/trungbao/CYBER/cyberruner-main/install/cyberrunner_interfaces/share/cyberrunner_interfaces/cmake/cyberrunner_interfaces__rosidl_typesupport_cppExport.cmake
-- Installing: /home/trungbao/CYBER/cyberruner-main/install/cyberrunner_interfaces/share/cyberrunner_interfaces/cmake/cyberrunner_interfaces__rosidl_typesupport_cppExport-noconfig.cmake
-- Installing: /home/trungbao/CYBER/cyberruner-main/install/cyberrunner_interfaces/share/cyberrunner_interfaces/cmake/export_cyberrunner_interfaces__rosidl_generator_pyExport.cmake
-- Installing: /home/trungbao/CYBER/cyberruner-main/install/cyberrunner_interfaces/share/cyberrunner_interfaces/cmake/export_cyberrunner_interfaces__rosidl_generator_pyExport-noconfig.cmake
