[0.010s] Invoking command in '/home/trungbao/CYBER/cyberruner-main/build/cyberrunner_interfaces': CMAKE_PREFIX_PATH=${CMAKE_PREFIX_PATH}:/home/trungbao/cyberrunner_ws/install/cyberrunner_vision:/home/trungbao/cyberrunner_ws/install/cyberrunner_state_estimation:/home/trungbao/cyberrunner_ws/install/cyberrunner_pid:/home/trungbao/cyberrunner_ws/install/cyberrunner_dreamer:/home/trungbao/cyberrunner_ws/install/cyberrunner_hiwonder:/home/trungbao/CYBER/cyberruner-main/install/cyberrunner_state_estimation:/home/trungbao/CYBER/cyberruner-main/install/cyberrunner_dreamer_thomas:/home/trungbao/CYBER/cyberruner-main/install/cyberrunner_dreamer:/opt/ros/humble /usr/bin/cmake /home/trungbao/CYBER/cyberruner-main/cyberrunner_interfaces -DAMENT_CMAKE_SYMLINK_INSTALL=1 -DCMAKE_INSTALL_PREFIX=/home/trungbao/CYBER/cyberruner-main/install/cyberrunner_interfaces
[0.094s] -- The C compiler identification is GNU 11.4.0
[0.146s] -- The CXX compiler identification is GNU 11.4.0
[0.153s] -- Detecting C compiler ABI info
[0.197s] -- Detecting C compiler ABI info - done
[0.204s] -- Check for working C compiler: /usr/bin/cc - skipped
[0.206s] -- Detecting C compile features
[0.206s] -- Detecting C compile features - done
[0.209s] -- Detecting CXX compiler ABI info
[0.261s] -- Detecting CXX compiler ABI info - done
[0.265s] -- Check for working CXX compiler: /usr/bin/c++ - skipped
[0.265s] -- Detecting CXX compile features
[0.266s] -- Detecting CXX compile features - done
[0.270s] -- Found ament_cmake: 1.3.14 (/opt/ros/humble/share/ament_cmake/cmake)
[0.506s] -- Found Python3: /usr/bin/python3 (found version "3.10.12") found components: Interpreter 
[0.550s] -- Override CMake install command with custom implementation using symlinks instead of copying resources
[0.578s] -- Found rosidl_default_generators: 1.2.1 (/opt/ros/humble/share/rosidl_default_generators/cmake)
[0.583s] -- Using all available rosidl_typesupport_c: rosidl_typesupport_fastrtps_c;rosidl_typesupport_introspection_c
[0.589s] -- Found rosidl_adapter: 3.1.8 (/opt/ros/humble/share/rosidl_adapter/cmake)
[0.621s] -- Using all available rosidl_typesupport_cpp: rosidl_typesupport_fastrtps_cpp;rosidl_typesupport_introspection_cpp
[0.648s] -- Found sensor_msgs: 4.9.1 (/opt/ros/humble/share/sensor_msgs/cmake)
[0.915s] -- Found ament_cmake_ros: 0.10.0 (/opt/ros/humble/share/ament_cmake_ros/cmake)
[1.116s] -- Using all available rosidl_typesupport_c: rosidl_typesupport_fastrtps_c;rosidl_typesupport_introspection_c
[1.359s] -- Using all available rosidl_typesupport_cpp: rosidl_typesupport_fastrtps_cpp;rosidl_typesupport_introspection_cpp
[1.380s] -- Found PythonInterp: /usr/bin/python3 (found suitable version "3.10.12", minimum required is "3.6") 
[1.383s] -- Found python_cmake_module: 0.10.0 (/opt/ros/humble/share/python_cmake_module/cmake)
[1.409s] -- Found PythonLibs: /usr/lib/x86_64-linux-gnu/libpython3.10.so (found suitable version "3.10.12", minimum required is "3.5") 
[1.409s] -- Using PYTHON_EXECUTABLE: /usr/bin/python3
[1.409s] -- Using PYTHON_INCLUDE_DIRS: /usr/include/python3.10
[1.409s] -- Using PYTHON_LIBRARIES: /usr/lib/x86_64-linux-gnu/libpython3.10.so
[1.423s] -- Found PythonExtra: .so  
[1.529s] -- Found ament_lint_auto: 0.12.15 (/opt/ros/humble/share/ament_lint_auto/cmake)
[1.546s] -- Added test 'copyright' to check source files copyright and LICENSE
[1.547s] -- Added test 'lint_cmake' to check CMake code style
[1.547s] -- Added test 'xmllint' to check XML markup files
[1.549s] -- Configuring done
[1.570s] -- Generating done
[1.576s] -- Build files have been written to: /home/trungbao/CYBER/cyberruner-main/build/cyberrunner_interfaces
[1.581s] Invoked command in '/home/trungbao/CYBER/cyberruner-main/build/cyberrunner_interfaces' returned '0': CMAKE_PREFIX_PATH=${CMAKE_PREFIX_PATH}:/home/trungbao/cyberrunner_ws/install/cyberrunner_vision:/home/trungbao/cyberrunner_ws/install/cyberrunner_state_estimation:/home/trungbao/cyberrunner_ws/install/cyberrunner_pid:/home/trungbao/cyberrunner_ws/install/cyberrunner_dreamer:/home/trungbao/cyberrunner_ws/install/cyberrunner_hiwonder:/home/trungbao/CYBER/cyberruner-main/install/cyberrunner_state_estimation:/home/trungbao/CYBER/cyberruner-main/install/cyberrunner_dreamer_thomas:/home/trungbao/CYBER/cyberruner-main/install/cyberrunner_dreamer:/opt/ros/humble /usr/bin/cmake /home/trungbao/CYBER/cyberruner-main/cyberrunner_interfaces -DAMENT_CMAKE_SYMLINK_INSTALL=1 -DCMAKE_INSTALL_PREFIX=/home/trungbao/CYBER/cyberruner-main/install/cyberrunner_interfaces
[1.582s] Invoking command in '/home/trungbao/CYBER/cyberruner-main/build/cyberrunner_interfaces': CMAKE_PREFIX_PATH=${CMAKE_PREFIX_PATH}:/home/trungbao/cyberrunner_ws/install/cyberrunner_vision:/home/trungbao/cyberrunner_ws/install/cyberrunner_state_estimation:/home/trungbao/cyberrunner_ws/install/cyberrunner_pid:/home/trungbao/cyberrunner_ws/install/cyberrunner_dreamer:/home/trungbao/cyberrunner_ws/install/cyberrunner_hiwonder:/home/trungbao/CYBER/cyberruner-main/install/cyberrunner_state_estimation:/home/trungbao/CYBER/cyberruner-main/install/cyberrunner_dreamer_thomas:/home/trungbao/CYBER/cyberruner-main/install/cyberrunner_dreamer:/opt/ros/humble /usr/bin/cmake --build /home/trungbao/CYBER/cyberruner-main/build/cyberrunner_interfaces -- -j24 -l24
[1.616s] [  1%] [34m[1mGenerating C code for ROS interfaces[0m
[1.624s] [  3%] [34m[1mGenerating C++ code for ROS interfaces[0m
[1.626s] [  5%] [34m[1mGenerating Rust code for ROS interfaces[0m
[1.630s] [  5%] Built target ament_cmake_python_symlink_cyberrunner_interfaces
[1.757s] running egg_info
[1.766s] creating cyberrunner_interfaces.egg-info
[1.766s] writing cyberrunner_interfaces.egg-info/PKG-INFO
[1.766s] writing dependency_links to cyberrunner_interfaces.egg-info/dependency_links.txt
[1.766s] writing top-level names to cyberrunner_interfaces.egg-info/top_level.txt
[1.766s] writing manifest file 'cyberrunner_interfaces.egg-info/SOURCES.txt'
[1.779s] [  5%] Built target cyberrunner_interfaces__rs
[1.793s] reading manifest file 'cyberrunner_interfaces.egg-info/SOURCES.txt'
[1.794s] writing manifest file 'cyberrunner_interfaces.egg-info/SOURCES.txt'
[1.811s] [  5%] Built target ament_cmake_python_build_cyberrunner_interfaces_egg
[1.841s] [  7%] [32mBuilding C object CMakeFiles/cyberrunner_interfaces__rosidl_generator_c.dir/rosidl_generator_c/cyberrunner_interfaces/srv/detail/dynamixel_reset__functions.c.o[0m
[1.841s] [  7%] Built target cyberrunner_interfaces__cpp
[1.841s] [  8%] [32mBuilding C object CMakeFiles/cyberrunner_interfaces__rosidl_generator_c.dir/rosidl_generator_c/cyberrunner_interfaces/msg/detail/state_estimate__functions.c.o[0m
[1.841s] [ 10%] [32mBuilding C object CMakeFiles/cyberrunner_interfaces__rosidl_generator_c.dir/rosidl_generator_c/cyberrunner_interfaces/msg/detail/state_estimate_sub__functions.c.o[0m
[1.842s] [ 12%] [32mBuilding C object CMakeFiles/cyberrunner_interfaces__rosidl_generator_c.dir/rosidl_generator_c/cyberrunner_interfaces/msg/detail/dynamixel_vel__functions.c.o[0m
[1.848s] [ 14%] [34m[1mGenerating C++ type support dispatch for ROS interfaces[0m
[1.849s] [ 16%] [34m[1mGenerating C++ introspection for ROS interfaces[0m
[1.850s] [ 17%] [34m[1mGenerating C++ type support for eProsima Fast-RTPS[0m
[1.887s] [ 19%] [32m[1mLinking C shared library libcyberrunner_interfaces__rosidl_generator_c.so[0m
[1.920s] [ 19%] Built target cyberrunner_interfaces__rosidl_generator_c
[1.929s] [ 21%] [34m[1mGenerating C type support for eProsima Fast-RTPS[0m
[1.930s] [ 25%] [34m[1mGenerating C type support dispatch for ROS interfaces[0m
[1.930s] [ 25%] [34m[1mGenerating C introspection for ROS interfaces[0m
[2.020s] [ 26%] [32mBuilding CXX object CMakeFiles/cyberrunner_interfaces__rosidl_typesupport_cpp.dir/rosidl_typesupport_cpp/cyberrunner_interfaces/msg/dynamixel_vel__type_support.cpp.o[0m
[2.021s] [ 28%] [32mBuilding CXX object CMakeFiles/cyberrunner_interfaces__rosidl_typesupport_cpp.dir/rosidl_typesupport_cpp/cyberrunner_interfaces/srv/dynamixel_reset__type_support.cpp.o[0m
[2.021s] [ 32%] [32mBuilding CXX object CMakeFiles/cyberrunner_interfaces__rosidl_typesupport_cpp.dir/rosidl_typesupport_cpp/cyberrunner_interfaces/msg/state_estimate__type_support.cpp.o[0m
[2.021s] [ 32%] [32mBuilding CXX object CMakeFiles/cyberrunner_interfaces__rosidl_typesupport_cpp.dir/rosidl_typesupport_cpp/cyberrunner_interfaces/msg/state_estimate_sub__type_support.cpp.o[0m
[2.036s] [ 37%] [32mBuilding CXX object CMakeFiles/cyberrunner_interfaces__rosidl_typesupport_introspection_cpp.dir/rosidl_typesupport_introspection_cpp/cyberrunner_interfaces/srv/detail/dynamixel_reset__type_support.cpp.o[0m
[2.036s] [ 37%] [32mBuilding CXX object CMakeFiles/cyberrunner_interfaces__rosidl_typesupport_introspection_cpp.dir/rosidl_typesupport_introspection_cpp/cyberrunner_interfaces/msg/detail/state_estimate__type_support.cpp.o[0m
[2.036s] [ 37%] [32mBuilding CXX object CMakeFiles/cyberrunner_interfaces__rosidl_typesupport_introspection_cpp.dir/rosidl_typesupport_introspection_cpp/cyberrunner_interfaces/msg/detail/state_estimate_sub__type_support.cpp.o[0m
[2.037s] [ 39%] [32mBuilding CXX object CMakeFiles/cyberrunner_interfaces__rosidl_typesupport_introspection_cpp.dir/rosidl_typesupport_introspection_cpp/cyberrunner_interfaces/msg/detail/dynamixel_vel__type_support.cpp.o[0m
[2.083s] [ 44%] [32mBuilding CXX object CMakeFiles/cyberrunner_interfaces__rosidl_typesupport_fastrtps_cpp.dir/rosidl_typesupport_fastrtps_cpp/cyberrunner_interfaces/srv/detail/dds_fastrtps/dynamixel_reset__type_support.cpp.o[0m
[2.083s] [ 44%] [32mBuilding CXX object CMakeFiles/cyberrunner_interfaces__rosidl_typesupport_fastrtps_cpp.dir/rosidl_typesupport_fastrtps_cpp/cyberrunner_interfaces/msg/detail/dds_fastrtps/state_estimate__type_support.cpp.o[0m
[2.083s] [ 44%] [32mBuilding CXX object CMakeFiles/cyberrunner_interfaces__rosidl_typesupport_fastrtps_cpp.dir/rosidl_typesupport_fastrtps_cpp/cyberrunner_interfaces/msg/detail/dds_fastrtps/state_estimate_sub__type_support.cpp.o[0m
[2.085s] [ 46%] [32mBuilding CXX object CMakeFiles/cyberrunner_interfaces__rosidl_typesupport_fastrtps_cpp.dir/rosidl_typesupport_fastrtps_cpp/cyberrunner_interfaces/msg/detail/dds_fastrtps/dynamixel_vel__type_support.cpp.o[0m
[2.120s] [ 48%] [32mBuilding CXX object CMakeFiles/cyberrunner_interfaces__rosidl_typesupport_c.dir/rosidl_typesupport_c/cyberrunner_interfaces/msg/state_estimate_sub__type_support.cpp.o[0m
[2.121s] [ 50%] [32mBuilding CXX object CMakeFiles/cyberrunner_interfaces__rosidl_typesupport_c.dir/rosidl_typesupport_c/cyberrunner_interfaces/srv/dynamixel_reset__type_support.cpp.o[0m
[2.122s] [ 53%] [32mBuilding CXX object CMakeFiles/cyberrunner_interfaces__rosidl_typesupport_c.dir/rosidl_typesupport_c/cyberrunner_interfaces/msg/state_estimate__type_support.cpp.o[0m
[2.122s] [ 53%] [32mBuilding CXX object CMakeFiles/cyberrunner_interfaces__rosidl_typesupport_c.dir/rosidl_typesupport_c/cyberrunner_interfaces/msg/dynamixel_vel__type_support.cpp.o[0m
[2.144s] [ 55%] [32m[1mLinking CXX shared library libcyberrunner_interfaces__rosidl_typesupport_c.so[0m
[2.167s] [ 57%] [32mBuilding CXX object CMakeFiles/cyberrunner_interfaces__rosidl_typesupport_fastrtps_c.dir/rosidl_typesupport_fastrtps_c/cyberrunner_interfaces/msg/detail/dynamixel_vel__type_support_c.cpp.o[0m
[2.168s] [ 60%] [32mBuilding CXX object CMakeFiles/cyberrunner_interfaces__rosidl_typesupport_fastrtps_c.dir/rosidl_typesupport_fastrtps_c/cyberrunner_interfaces/msg/detail/state_estimate__type_support_c.cpp.o[0m
[2.168s] [ 60%] [32mBuilding CXX object CMakeFiles/cyberrunner_interfaces__rosidl_typesupport_fastrtps_c.dir/rosidl_typesupport_fastrtps_c/cyberrunner_interfaces/msg/detail/state_estimate_sub__type_support_c.cpp.o[0m
[2.168s] [ 62%] [32mBuilding CXX object CMakeFiles/cyberrunner_interfaces__rosidl_typesupport_fastrtps_c.dir/rosidl_typesupport_fastrtps_c/cyberrunner_interfaces/srv/detail/dynamixel_reset__type_support_c.cpp.o[0m
[2.177s] [ 62%] Built target cyberrunner_interfaces__rosidl_typesupport_c
[2.206s] [ 64%] [32mBuilding C object CMakeFiles/cyberrunner_interfaces__rosidl_typesupport_introspection_c.dir/rosidl_typesupport_introspection_c/cyberrunner_interfaces/srv/detail/dynamixel_reset__type_support.c.o[0m
[2.206s] [ 67%] [32mBuilding C object CMakeFiles/cyberrunner_interfaces__rosidl_typesupport_introspection_c.dir/rosidl_typesupport_introspection_c/cyberrunner_interfaces/msg/detail/state_estimate__type_support.c.o[0m
[2.206s] [ 67%] [32mBuilding C object CMakeFiles/cyberrunner_interfaces__rosidl_typesupport_introspection_c.dir/rosidl_typesupport_introspection_c/cyberrunner_interfaces/msg/detail/dynamixel_vel__type_support.c.o[0m
[2.207s] [ 69%] [32mBuilding C object CMakeFiles/cyberrunner_interfaces__rosidl_typesupport_introspection_c.dir/rosidl_typesupport_introspection_c/cyberrunner_interfaces/msg/detail/state_estimate_sub__type_support.c.o[0m
[2.238s] [ 71%] [32m[1mLinking C shared library libcyberrunner_interfaces__rosidl_typesupport_introspection_c.so[0m
[2.268s] [ 71%] Built target cyberrunner_interfaces__rosidl_typesupport_introspection_c
[2.272s] [ 73%] [32m[1mLinking CXX shared library libcyberrunner_interfaces__rosidl_typesupport_cpp.so[0m
[2.312s] [ 73%] Built target cyberrunner_interfaces__rosidl_typesupport_cpp
[2.402s] [ 75%] [32m[1mLinking CXX shared library libcyberrunner_interfaces__rosidl_typesupport_introspection_cpp.so[0m
[2.416s] [ 76%] [32m[1mLinking CXX shared library libcyberrunner_interfaces__rosidl_typesupport_fastrtps_cpp.so[0m
[2.422s] [ 78%] [32m[1mLinking CXX shared library libcyberrunner_interfaces__rosidl_typesupport_fastrtps_c.so[0m
[2.449s] [ 78%] Built target cyberrunner_interfaces__rosidl_typesupport_introspection_cpp
[2.470s] [ 78%] Built target cyberrunner_interfaces__rosidl_typesupport_fastrtps_cpp
[2.474s] [ 78%] Built target cyberrunner_interfaces__rosidl_typesupport_fastrtps_c
[2.489s] [ 78%] Built target cyberrunner_interfaces
[2.505s] [ 80%] [34m[1mGenerating Python code for ROS interfaces[0m
[2.801s] [ 80%] Built target cyberrunner_interfaces__py
[2.814s] [ 82%] [32mBuilding C object CMakeFiles/cyberrunner_interfaces__rosidl_generator_py.dir/rosidl_generator_py/cyberrunner_interfaces/msg/_dynamixel_vel_s.c.o[0m
[2.815s] [ 83%] [32mBuilding C object CMakeFiles/cyberrunner_interfaces__rosidl_generator_py.dir/rosidl_generator_py/cyberrunner_interfaces/srv/_dynamixel_reset_s.c.o[0m
[2.816s] [ 87%] [32mBuilding C object CMakeFiles/cyberrunner_interfaces__rosidl_generator_py.dir/rosidl_generator_py/cyberrunner_interfaces/msg/_state_estimate_s.c.o[0m
[2.816s] [ 87%] [32mBuilding C object CMakeFiles/cyberrunner_interfaces__rosidl_generator_py.dir/rosidl_generator_py/cyberrunner_interfaces/msg/_state_estimate_sub_s.c.o[0m
[2.897s] [ 89%] [32m[1mLinking C shared library rosidl_generator_py/cyberrunner_interfaces/libcyberrunner_interfaces__rosidl_generator_py.so[0m
[2.927s] [ 89%] Built target cyberrunner_interfaces__rosidl_generator_py
[2.940s] [ 91%] [32mBuilding C object CMakeFiles/cyberrunner_interfaces__rosidl_typesupport_introspection_c__pyext.dir/rosidl_generator_py/cyberrunner_interfaces/_cyberrunner_interfaces_s.ep.rosidl_typesupport_introspection_c.c.o[0m
[2.942s] [ 92%] [32mBuilding C object CMakeFiles/cyberrunner_interfaces__rosidl_typesupport_c__pyext.dir/rosidl_generator_py/cyberrunner_interfaces/_cyberrunner_interfaces_s.ep.rosidl_typesupport_c.c.o[0m
[2.943s] [ 94%] [32mBuilding C object CMakeFiles/cyberrunner_interfaces__rosidl_typesupport_fastrtps_c__pyext.dir/rosidl_generator_py/cyberrunner_interfaces/_cyberrunner_interfaces_s.ep.rosidl_typesupport_fastrtps_c.c.o[0m
[3.002s] [ 96%] [32m[1mLinking C shared library rosidl_generator_py/cyberrunner_interfaces/cyberrunner_interfaces_s__rosidl_typesupport_introspection_c.cpython-310-x86_64-linux-gnu.so[0m
[3.004s] [ 98%] [32m[1mLinking C shared library rosidl_generator_py/cyberrunner_interfaces/cyberrunner_interfaces_s__rosidl_typesupport_fastrtps_c.cpython-310-x86_64-linux-gnu.so[0m
[3.005s] [100%] [32m[1mLinking C shared library rosidl_generator_py/cyberrunner_interfaces/cyberrunner_interfaces_s__rosidl_typesupport_c.cpython-310-x86_64-linux-gnu.so[0m
[3.026s] [100%] Built target cyberrunner_interfaces__rosidl_typesupport_introspection_c__pyext
[3.028s] [100%] Built target cyberrunner_interfaces__rosidl_typesupport_fastrtps_c__pyext
[3.031s] [100%] Built target cyberrunner_interfaces__rosidl_typesupport_c__pyext
[3.038s] Invoked command in '/home/trungbao/CYBER/cyberruner-main/build/cyberrunner_interfaces' returned '0': CMAKE_PREFIX_PATH=${CMAKE_PREFIX_PATH}:/home/trungbao/cyberrunner_ws/install/cyberrunner_vision:/home/trungbao/cyberrunner_ws/install/cyberrunner_state_estimation:/home/trungbao/cyberrunner_ws/install/cyberrunner_pid:/home/trungbao/cyberrunner_ws/install/cyberrunner_dreamer:/home/trungbao/cyberrunner_ws/install/cyberrunner_hiwonder:/home/trungbao/CYBER/cyberruner-main/install/cyberrunner_state_estimation:/home/trungbao/CYBER/cyberruner-main/install/cyberrunner_dreamer_thomas:/home/trungbao/CYBER/cyberruner-main/install/cyberrunner_dreamer:/opt/ros/humble /usr/bin/cmake --build /home/trungbao/CYBER/cyberruner-main/build/cyberrunner_interfaces -- -j24 -l24
[3.039s] Invoking command in '/home/trungbao/CYBER/cyberruner-main/build/cyberrunner_interfaces': CMAKE_PREFIX_PATH=${CMAKE_PREFIX_PATH}:/home/trungbao/cyberrunner_ws/install/cyberrunner_vision:/home/trungbao/cyberrunner_ws/install/cyberrunner_state_estimation:/home/trungbao/cyberrunner_ws/install/cyberrunner_pid:/home/trungbao/cyberrunner_ws/install/cyberrunner_dreamer:/home/trungbao/cyberrunner_ws/install/cyberrunner_hiwonder:/home/trungbao/CYBER/cyberruner-main/install/cyberrunner_state_estimation:/home/trungbao/CYBER/cyberruner-main/install/cyberrunner_dreamer_thomas:/home/trungbao/CYBER/cyberruner-main/install/cyberrunner_dreamer:/opt/ros/humble /usr/bin/cmake --install /home/trungbao/CYBER/cyberruner-main/build/cyberrunner_interfaces
[3.044s] -- Install configuration: ""
[3.044s] -- Execute custom install script
[3.044s] -- Symlinking: /home/trungbao/CYBER/cyberruner-main/install/cyberrunner_interfaces/share/ament_index/resource_index/rosidl_interfaces/cyberrunner_interfaces
[3.051s] -- Symlinking: /home/trungbao/CYBER/cyberruner-main/install/cyberrunner_interfaces/include/cyberrunner_interfaces/cyberrunner_interfaces/msg/detail/dynamixel_vel__functions.h
[3.057s] -- Symlinking: /home/trungbao/CYBER/cyberruner-main/install/cyberrunner_interfaces/include/cyberrunner_interfaces/cyberrunner_interfaces/msg/detail/dynamixel_vel__struct.h
[3.064s] -- Symlinking: /home/trungbao/CYBER/cyberruner-main/install/cyberrunner_interfaces/include/cyberrunner_interfaces/cyberrunner_interfaces/msg/detail/dynamixel_vel__type_support.h
[3.069s] -- Symlinking: /home/trungbao/CYBER/cyberruner-main/install/cyberrunner_interfaces/include/cyberrunner_interfaces/cyberrunner_interfaces/msg/detail/state_estimate__functions.h
[3.073s] -- Symlinking: /home/trungbao/CYBER/cyberruner-main/install/cyberrunner_interfaces/include/cyberrunner_interfaces/cyberrunner_interfaces/msg/detail/state_estimate__struct.h
[3.077s] -- Symlinking: /home/trungbao/CYBER/cyberruner-main/install/cyberrunner_interfaces/include/cyberrunner_interfaces/cyberrunner_interfaces/msg/detail/state_estimate__type_support.h
[3.081s] -- Symlinking: /home/trungbao/CYBER/cyberruner-main/install/cyberrunner_interfaces/include/cyberrunner_interfaces/cyberrunner_interfaces/msg/detail/state_estimate_sub__functions.h
[3.086s] -- Symlinking: /home/trungbao/CYBER/cyberruner-main/install/cyberrunner_interfaces/include/cyberrunner_interfaces/cyberrunner_interfaces/msg/detail/state_estimate_sub__struct.h
[3.091s] -- Symlinking: /home/trungbao/CYBER/cyberruner-main/install/cyberrunner_interfaces/include/cyberrunner_interfaces/cyberrunner_interfaces/msg/detail/state_estimate_sub__type_support.h
[3.098s] -- Symlinking: /home/trungbao/CYBER/cyberruner-main/install/cyberrunner_interfaces/include/cyberrunner_interfaces/cyberrunner_interfaces/msg/dynamixel_vel.h
[3.102s] -- Symlinking: /home/trungbao/CYBER/cyberruner-main/install/cyberrunner_interfaces/include/cyberrunner_interfaces/cyberrunner_interfaces/msg/rosidl_generator_c__visibility_control.h
[3.109s] -- Symlinking: /home/trungbao/CYBER/cyberruner-main/install/cyberrunner_interfaces/include/cyberrunner_interfaces/cyberrunner_interfaces/msg/state_estimate.h
[3.117s] -- Symlinking: /home/trungbao/CYBER/cyberruner-main/install/cyberrunner_interfaces/include/cyberrunner_interfaces/cyberrunner_interfaces/msg/state_estimate_sub.h
[3.124s] -- Symlinking: /home/trungbao/CYBER/cyberruner-main/install/cyberrunner_interfaces/include/cyberrunner_interfaces/cyberrunner_interfaces/srv/detail/dynamixel_reset__functions.h
[3.130s] -- Symlinking: /home/trungbao/CYBER/cyberruner-main/install/cyberrunner_interfaces/include/cyberrunner_interfaces/cyberrunner_interfaces/srv/detail/dynamixel_reset__struct.h
[3.136s] -- Symlinking: /home/trungbao/CYBER/cyberruner-main/install/cyberrunner_interfaces/include/cyberrunner_interfaces/cyberrunner_interfaces/srv/detail/dynamixel_reset__type_support.h
[3.141s] -- Symlinking: /home/trungbao/CYBER/cyberruner-main/install/cyberrunner_interfaces/include/cyberrunner_interfaces/cyberrunner_interfaces/srv/dynamixel_reset.h
[3.146s] -- Symlinking: /home/trungbao/CYBER/cyberruner-main/install/cyberrunner_interfaces/share/cyberrunner_interfaces/environment/library_path.sh
[3.150s] -- Symlinking: /home/trungbao/CYBER/cyberruner-main/install/cyberrunner_interfaces/share/cyberrunner_interfaces/environment/library_path.dsv
[3.156s] -- Symlinking: /home/trungbao/CYBER/cyberruner-main/install/cyberrunner_interfaces/include/cyberrunner_interfaces/cyberrunner_interfaces/msg/detail/dynamixel_vel__rosidl_typesupport_fastrtps_c.h
[3.163s] -- Symlinking: /home/trungbao/CYBER/cyberruner-main/install/cyberrunner_interfaces/include/cyberrunner_interfaces/cyberrunner_interfaces/msg/detail/state_estimate__rosidl_typesupport_fastrtps_c.h
[3.167s] -- Symlinking: /home/trungbao/CYBER/cyberruner-main/install/cyberrunner_interfaces/include/cyberrunner_interfaces/cyberrunner_interfaces/msg/detail/state_estimate_sub__rosidl_typesupport_fastrtps_c.h
[3.173s] -- Symlinking: /home/trungbao/CYBER/cyberruner-main/install/cyberrunner_interfaces/include/cyberrunner_interfaces/cyberrunner_interfaces/msg/rosidl_typesupport_fastrtps_c__visibility_control.h
[3.180s] -- Symlinking: /home/trungbao/CYBER/cyberruner-main/install/cyberrunner_interfaces/include/cyberrunner_interfaces/cyberrunner_interfaces/srv/detail/dynamixel_reset__rosidl_typesupport_fastrtps_c.h
[3.186s] -- Symlinking: /home/trungbao/CYBER/cyberruner-main/install/cyberrunner_interfaces/include/cyberrunner_interfaces/cyberrunner_interfaces/msg/detail/dynamixel_vel__rosidl_typesupport_introspection_c.h
[3.191s] -- Symlinking: /home/trungbao/CYBER/cyberruner-main/install/cyberrunner_interfaces/include/cyberrunner_interfaces/cyberrunner_interfaces/msg/detail/state_estimate__rosidl_typesupport_introspection_c.h
[3.196s] -- Symlinking: /home/trungbao/CYBER/cyberruner-main/install/cyberrunner_interfaces/include/cyberrunner_interfaces/cyberrunner_interfaces/msg/detail/state_estimate_sub__rosidl_typesupport_introspection_c.h
[3.201s] -- Symlinking: /home/trungbao/CYBER/cyberruner-main/install/cyberrunner_interfaces/include/cyberrunner_interfaces/cyberrunner_interfaces/msg/rosidl_typesupport_introspection_c__visibility_control.h
[3.206s] -- Symlinking: /home/trungbao/CYBER/cyberruner-main/install/cyberrunner_interfaces/include/cyberrunner_interfaces/cyberrunner_interfaces/srv/detail/dynamixel_reset__rosidl_typesupport_introspection_c.h
[3.212s] -- Symlinking: /home/trungbao/CYBER/cyberruner-main/install/cyberrunner_interfaces/include/cyberrunner_interfaces/cyberrunner_interfaces/msg/detail/dynamixel_vel__builder.hpp
[3.219s] -- Symlinking: /home/trungbao/CYBER/cyberruner-main/install/cyberrunner_interfaces/include/cyberrunner_interfaces/cyberrunner_interfaces/msg/detail/dynamixel_vel__struct.hpp
[3.224s] -- Symlinking: /home/trungbao/CYBER/cyberruner-main/install/cyberrunner_interfaces/include/cyberrunner_interfaces/cyberrunner_interfaces/msg/detail/dynamixel_vel__traits.hpp
[3.230s] -- Symlinking: /home/trungbao/CYBER/cyberruner-main/install/cyberrunner_interfaces/include/cyberrunner_interfaces/cyberrunner_interfaces/msg/detail/dynamixel_vel__type_support.hpp
[3.234s] -- Symlinking: /home/trungbao/CYBER/cyberruner-main/install/cyberrunner_interfaces/include/cyberrunner_interfaces/cyberrunner_interfaces/msg/detail/state_estimate__builder.hpp
[3.239s] -- Symlinking: /home/trungbao/CYBER/cyberruner-main/install/cyberrunner_interfaces/include/cyberrunner_interfaces/cyberrunner_interfaces/msg/detail/state_estimate__struct.hpp
[3.244s] -- Symlinking: /home/trungbao/CYBER/cyberruner-main/install/cyberrunner_interfaces/include/cyberrunner_interfaces/cyberrunner_interfaces/msg/detail/state_estimate__traits.hpp
[3.250s] -- Symlinking: /home/trungbao/CYBER/cyberruner-main/install/cyberrunner_interfaces/include/cyberrunner_interfaces/cyberrunner_interfaces/msg/detail/state_estimate__type_support.hpp
[3.255s] -- Symlinking: /home/trungbao/CYBER/cyberruner-main/install/cyberrunner_interfaces/include/cyberrunner_interfaces/cyberrunner_interfaces/msg/detail/state_estimate_sub__builder.hpp
[3.259s] -- Symlinking: /home/trungbao/CYBER/cyberruner-main/install/cyberrunner_interfaces/include/cyberrunner_interfaces/cyberrunner_interfaces/msg/detail/state_estimate_sub__struct.hpp
[3.264s] -- Symlinking: /home/trungbao/CYBER/cyberruner-main/install/cyberrunner_interfaces/include/cyberrunner_interfaces/cyberrunner_interfaces/msg/detail/state_estimate_sub__traits.hpp
[3.270s] -- Symlinking: /home/trungbao/CYBER/cyberruner-main/install/cyberrunner_interfaces/include/cyberrunner_interfaces/cyberrunner_interfaces/msg/detail/state_estimate_sub__type_support.hpp
[3.275s] -- Symlinking: /home/trungbao/CYBER/cyberruner-main/install/cyberrunner_interfaces/include/cyberrunner_interfaces/cyberrunner_interfaces/msg/dynamixel_vel.hpp
[3.281s] -- Symlinking: /home/trungbao/CYBER/cyberruner-main/install/cyberrunner_interfaces/include/cyberrunner_interfaces/cyberrunner_interfaces/msg/rosidl_generator_cpp__visibility_control.hpp
[3.288s] -- Symlinking: /home/trungbao/CYBER/cyberruner-main/install/cyberrunner_interfaces/include/cyberrunner_interfaces/cyberrunner_interfaces/msg/state_estimate.hpp
[3.293s] -- Symlinking: /home/trungbao/CYBER/cyberruner-main/install/cyberrunner_interfaces/include/cyberrunner_interfaces/cyberrunner_interfaces/msg/state_estimate_sub.hpp
[3.298s] -- Symlinking: /home/trungbao/CYBER/cyberruner-main/install/cyberrunner_interfaces/include/cyberrunner_interfaces/cyberrunner_interfaces/srv/detail/dynamixel_reset__builder.hpp
[3.303s] -- Symlinking: /home/trungbao/CYBER/cyberruner-main/install/cyberrunner_interfaces/include/cyberrunner_interfaces/cyberrunner_interfaces/srv/detail/dynamixel_reset__struct.hpp
[3.308s] -- Symlinking: /home/trungbao/CYBER/cyberruner-main/install/cyberrunner_interfaces/include/cyberrunner_interfaces/cyberrunner_interfaces/srv/detail/dynamixel_reset__traits.hpp
[3.312s] -- Symlinking: /home/trungbao/CYBER/cyberruner-main/install/cyberrunner_interfaces/include/cyberrunner_interfaces/cyberrunner_interfaces/srv/detail/dynamixel_reset__type_support.hpp
[3.316s] -- Symlinking: /home/trungbao/CYBER/cyberruner-main/install/cyberrunner_interfaces/include/cyberrunner_interfaces/cyberrunner_interfaces/srv/dynamixel_reset.hpp
[3.324s] -- Symlinking: /home/trungbao/CYBER/cyberruner-main/install/cyberrunner_interfaces/include/cyberrunner_interfaces/cyberrunner_interfaces/msg/detail/dynamixel_vel__rosidl_typesupport_fastrtps_cpp.hpp
[3.328s] -- Symlinking: /home/trungbao/CYBER/cyberruner-main/install/cyberrunner_interfaces/include/cyberrunner_interfaces/cyberrunner_interfaces/msg/detail/state_estimate__rosidl_typesupport_fastrtps_cpp.hpp
[3.335s] -- Symlinking: /home/trungbao/CYBER/cyberruner-main/install/cyberrunner_interfaces/include/cyberrunner_interfaces/cyberrunner_interfaces/msg/detail/state_estimate_sub__rosidl_typesupport_fastrtps_cpp.hpp
[3.339s] -- Symlinking: /home/trungbao/CYBER/cyberruner-main/install/cyberrunner_interfaces/include/cyberrunner_interfaces/cyberrunner_interfaces/msg/rosidl_typesupport_fastrtps_cpp__visibility_control.h
[3.344s] -- Symlinking: /home/trungbao/CYBER/cyberruner-main/install/cyberrunner_interfaces/include/cyberrunner_interfaces/cyberrunner_interfaces/srv/detail/dynamixel_reset__rosidl_typesupport_fastrtps_cpp.hpp
[3.349s] -- Symlinking: /home/trungbao/CYBER/cyberruner-main/install/cyberrunner_interfaces/include/cyberrunner_interfaces/cyberrunner_interfaces/msg/detail/dynamixel_vel__rosidl_typesupport_introspection_cpp.hpp
[3.354s] -- Symlinking: /home/trungbao/CYBER/cyberruner-main/install/cyberrunner_interfaces/include/cyberrunner_interfaces/cyberrunner_interfaces/msg/detail/state_estimate__rosidl_typesupport_introspection_cpp.hpp
[3.358s] -- Symlinking: /home/trungbao/CYBER/cyberruner-main/install/cyberrunner_interfaces/include/cyberrunner_interfaces/cyberrunner_interfaces/msg/detail/state_estimate_sub__rosidl_typesupport_introspection_cpp.hpp
[3.363s] -- Symlinking: /home/trungbao/CYBER/cyberruner-main/install/cyberrunner_interfaces/include/cyberrunner_interfaces/cyberrunner_interfaces/srv/detail/dynamixel_reset__rosidl_typesupport_introspection_cpp.hpp
[3.369s] -- Symlinking: /home/trungbao/CYBER/cyberruner-main/install/cyberrunner_interfaces/share/cyberrunner_interfaces/environment/pythonpath.sh
[3.376s] -- Symlinking: /home/trungbao/CYBER/cyberruner-main/install/cyberrunner_interfaces/share/cyberrunner_interfaces/environment/pythonpath.dsv
[3.382s] -- Symlinking: /home/trungbao/CYBER/cyberruner-main/install/cyberrunner_interfaces/local/lib/python3.10/dist-packages/cyberrunner_interfaces-0.0.0-py3.10.egg-info/PKG-INFO
[3.388s] -- Symlinking: /home/trungbao/CYBER/cyberruner-main/install/cyberrunner_interfaces/local/lib/python3.10/dist-packages/cyberrunner_interfaces-0.0.0-py3.10.egg-info/SOURCES.txt
[3.393s] -- Symlinking: /home/trungbao/CYBER/cyberruner-main/install/cyberrunner_interfaces/local/lib/python3.10/dist-packages/cyberrunner_interfaces-0.0.0-py3.10.egg-info/dependency_links.txt
[3.399s] -- Symlinking: /home/trungbao/CYBER/cyberruner-main/install/cyberrunner_interfaces/local/lib/python3.10/dist-packages/cyberrunner_interfaces-0.0.0-py3.10.egg-info/top_level.txt
[3.404s] -- Symlinking: /home/trungbao/CYBER/cyberruner-main/install/cyberrunner_interfaces/local/lib/python3.10/dist-packages/cyberrunner_interfaces/__init__.py
[3.411s] -- Symlinking: /home/trungbao/CYBER/cyberruner-main/install/cyberrunner_interfaces/local/lib/python3.10/dist-packages/cyberrunner_interfaces/_cyberrunner_interfaces_s.ep.rosidl_typesupport_c.c
[3.415s] -- Symlinking: /home/trungbao/CYBER/cyberruner-main/install/cyberrunner_interfaces/local/lib/python3.10/dist-packages/cyberrunner_interfaces/_cyberrunner_interfaces_s.ep.rosidl_typesupport_fastrtps_c.c
[3.420s] -- Symlinking: /home/trungbao/CYBER/cyberruner-main/install/cyberrunner_interfaces/local/lib/python3.10/dist-packages/cyberrunner_interfaces/_cyberrunner_interfaces_s.ep.rosidl_typesupport_introspection_c.c
[3.427s] -- Symlinking: /home/trungbao/CYBER/cyberruner-main/install/cyberrunner_interfaces/local/lib/python3.10/dist-packages/cyberrunner_interfaces/cyberrunner_interfaces_s__rosidl_typesupport_c.cpython-310-x86_64-linux-gnu.so
[3.431s] -- Symlinking: /home/trungbao/CYBER/cyberruner-main/install/cyberrunner_interfaces/local/lib/python3.10/dist-packages/cyberrunner_interfaces/cyberrunner_interfaces_s__rosidl_typesupport_fastrtps_c.cpython-310-x86_64-linux-gnu.so
[3.435s] -- Symlinking: /home/trungbao/CYBER/cyberruner-main/install/cyberrunner_interfaces/local/lib/python3.10/dist-packages/cyberrunner_interfaces/cyberrunner_interfaces_s__rosidl_typesupport_introspection_c.cpython-310-x86_64-linux-gnu.so
[3.440s] -- Symlinking: /home/trungbao/CYBER/cyberruner-main/install/cyberrunner_interfaces/local/lib/python3.10/dist-packages/cyberrunner_interfaces/libcyberrunner_interfaces__rosidl_generator_py.so
[3.444s] -- Symlinking: /home/trungbao/CYBER/cyberruner-main/install/cyberrunner_interfaces/local/lib/python3.10/dist-packages/cyberrunner_interfaces/msg/__init__.py
[3.448s] -- Symlinking: /home/trungbao/CYBER/cyberruner-main/install/cyberrunner_interfaces/local/lib/python3.10/dist-packages/cyberrunner_interfaces/msg/_dynamixel_vel.py
[3.452s] -- Symlinking: /home/trungbao/CYBER/cyberruner-main/install/cyberrunner_interfaces/local/lib/python3.10/dist-packages/cyberrunner_interfaces/msg/_dynamixel_vel_s.c
[3.456s] -- Symlinking: /home/trungbao/CYBER/cyberruner-main/install/cyberrunner_interfaces/local/lib/python3.10/dist-packages/cyberrunner_interfaces/msg/_state_estimate.py
[3.461s] -- Symlinking: /home/trungbao/CYBER/cyberruner-main/install/cyberrunner_interfaces/local/lib/python3.10/dist-packages/cyberrunner_interfaces/msg/_state_estimate_s.c
[3.465s] -- Symlinking: /home/trungbao/CYBER/cyberruner-main/install/cyberrunner_interfaces/local/lib/python3.10/dist-packages/cyberrunner_interfaces/msg/_state_estimate_sub.py
[3.469s] -- Symlinking: /home/trungbao/CYBER/cyberruner-main/install/cyberrunner_interfaces/local/lib/python3.10/dist-packages/cyberrunner_interfaces/msg/_state_estimate_sub_s.c
[3.473s] -- Symlinking: /home/trungbao/CYBER/cyberruner-main/install/cyberrunner_interfaces/local/lib/python3.10/dist-packages/cyberrunner_interfaces/srv/__init__.py
[3.480s] -- Symlinking: /home/trungbao/CYBER/cyberruner-main/install/cyberrunner_interfaces/local/lib/python3.10/dist-packages/cyberrunner_interfaces/srv/_dynamixel_reset.py
[3.487s] -- Symlinking: /home/trungbao/CYBER/cyberruner-main/install/cyberrunner_interfaces/local/lib/python3.10/dist-packages/cyberrunner_interfaces/srv/_dynamixel_reset_s.c
[3.493s] -- Up-to-date symlink: /home/trungbao/CYBER/cyberruner-main/install/cyberrunner_interfaces/local/lib/python3.10/dist-packages/cyberrunner_interfaces/cyberrunner_interfaces_s__rosidl_typesupport_fastrtps_c.cpython-310-x86_64-linux-gnu.so
[3.493s] -- Up-to-date symlink: /home/trungbao/CYBER/cyberruner-main/install/cyberrunner_interfaces/local/lib/python3.10/dist-packages/cyberrunner_interfaces/cyberrunner_interfaces_s__rosidl_typesupport_introspection_c.cpython-310-x86_64-linux-gnu.so
[3.493s] -- Up-to-date symlink: /home/trungbao/CYBER/cyberruner-main/install/cyberrunner_interfaces/local/lib/python3.10/dist-packages/cyberrunner_interfaces/cyberrunner_interfaces_s__rosidl_typesupport_c.cpython-310-x86_64-linux-gnu.so
[3.493s] -- Symlinking: /home/trungbao/CYBER/cyberruner-main/install/cyberrunner_interfaces/share/ament_index/resource_index/rust_packages/cyberrunner_interfaces
[3.500s] -- Symlinking: /home/trungbao/CYBER/cyberruner-main/install/cyberrunner_interfaces/share/cyberrunner_interfaces/rust/Cargo.toml
[3.505s] -- Symlinking: /home/trungbao/CYBER/cyberruner-main/install/cyberrunner_interfaces/share/cyberrunner_interfaces/rust/build.rs
[3.509s] -- Symlinking: /home/trungbao/CYBER/cyberruner-main/install/cyberrunner_interfaces/share/cyberrunner_interfaces/rust/src/lib.rs
[3.514s] -- Symlinking: /home/trungbao/CYBER/cyberruner-main/install/cyberrunner_interfaces/share/cyberrunner_interfaces/rust/src/msg.rs
[3.521s] -- Symlinking: /home/trungbao/CYBER/cyberruner-main/install/cyberrunner_interfaces/share/cyberrunner_interfaces/rust/src/msg/rmw.rs
[3.526s] -- Symlinking: /home/trungbao/CYBER/cyberruner-main/install/cyberrunner_interfaces/share/cyberrunner_interfaces/rust/src/srv.rs
[3.531s] -- Symlinking: /home/trungbao/CYBER/cyberruner-main/install/cyberrunner_interfaces/share/cyberrunner_interfaces/rust/src/srv/rmw.rs
[3.537s] -- Symlinking: /home/trungbao/CYBER/cyberruner-main/install/cyberrunner_interfaces/share/cyberrunner_interfaces/msg/DynamixelVel.idl
[3.543s] -- Symlinking: /home/trungbao/CYBER/cyberruner-main/install/cyberrunner_interfaces/share/cyberrunner_interfaces/msg/StateEstimate.idl
[3.548s] -- Symlinking: /home/trungbao/CYBER/cyberruner-main/install/cyberrunner_interfaces/share/cyberrunner_interfaces/msg/StateEstimateSub.idl
[3.556s] -- Symlinking: /home/trungbao/CYBER/cyberruner-main/install/cyberrunner_interfaces/share/cyberrunner_interfaces/srv/DynamixelReset.idl
[3.562s] -- Symlinking: /home/trungbao/CYBER/cyberruner-main/install/cyberrunner_interfaces/share/cyberrunner_interfaces/msg/DynamixelVel.msg
[3.567s] -- Symlinking: /home/trungbao/CYBER/cyberruner-main/install/cyberrunner_interfaces/share/cyberrunner_interfaces/msg/StateEstimate.msg
[3.572s] -- Symlinking: /home/trungbao/CYBER/cyberruner-main/install/cyberrunner_interfaces/share/cyberrunner_interfaces/msg/StateEstimateSub.msg
[3.579s] -- Symlinking: /home/trungbao/CYBER/cyberruner-main/install/cyberrunner_interfaces/share/cyberrunner_interfaces/srv/DynamixelReset.srv
[3.588s] -- Symlinking: /home/trungbao/CYBER/cyberruner-main/install/cyberrunner_interfaces/share/cyberrunner_interfaces/srv/DynamixelReset_Request.msg
[3.596s] -- Symlinking: /home/trungbao/CYBER/cyberruner-main/install/cyberrunner_interfaces/share/cyberrunner_interfaces/srv/DynamixelReset_Response.msg
[3.604s] -- Symlinking: /home/trungbao/CYBER/cyberruner-main/install/cyberrunner_interfaces/share/ament_index/resource_index/package_run_dependencies/cyberrunner_interfaces
[3.615s] -- Symlinking: /home/trungbao/CYBER/cyberruner-main/install/cyberrunner_interfaces/share/ament_index/resource_index/parent_prefix_path/cyberrunner_interfaces
[3.624s] -- Symlinking: /home/trungbao/CYBER/cyberruner-main/install/cyberrunner_interfaces/share/cyberrunner_interfaces/environment/ament_prefix_path.sh
[3.632s] -- Symlinking: /home/trungbao/CYBER/cyberruner-main/install/cyberrunner_interfaces/share/cyberrunner_interfaces/environment/ament_prefix_path.dsv
[3.641s] -- Symlinking: /home/trungbao/CYBER/cyberruner-main/install/cyberrunner_interfaces/share/cyberrunner_interfaces/environment/path.sh
[3.649s] -- Symlinking: /home/trungbao/CYBER/cyberruner-main/install/cyberrunner_interfaces/share/cyberrunner_interfaces/environment/path.dsv
[3.657s] -- Symlinking: /home/trungbao/CYBER/cyberruner-main/install/cyberrunner_interfaces/share/cyberrunner_interfaces/local_setup.bash
[3.666s] -- Symlinking: /home/trungbao/CYBER/cyberruner-main/install/cyberrunner_interfaces/share/cyberrunner_interfaces/local_setup.sh
[3.676s] -- Symlinking: /home/trungbao/CYBER/cyberruner-main/install/cyberrunner_interfaces/share/cyberrunner_interfaces/local_setup.zsh
[3.686s] -- Symlinking: /home/trungbao/CYBER/cyberruner-main/install/cyberrunner_interfaces/share/cyberrunner_interfaces/local_setup.dsv
[3.695s] -- Symlinking: /home/trungbao/CYBER/cyberruner-main/install/cyberrunner_interfaces/share/cyberrunner_interfaces/package.dsv
[3.702s] -- Symlinking: /home/trungbao/CYBER/cyberruner-main/install/cyberrunner_interfaces/share/ament_index/resource_index/packages/cyberrunner_interfaces
[3.707s] -- Symlinking: /home/trungbao/CYBER/cyberruner-main/install/cyberrunner_interfaces/share/cyberrunner_interfaces/cmake/rosidl_cmake-extras.cmake
[3.712s] -- Symlinking: /home/trungbao/CYBER/cyberruner-main/install/cyberrunner_interfaces/share/cyberrunner_interfaces/cmake/ament_cmake_export_dependencies-extras.cmake
[3.717s] -- Symlinking: /home/trungbao/CYBER/cyberruner-main/install/cyberrunner_interfaces/share/cyberrunner_interfaces/cmake/ament_cmake_export_include_directories-extras.cmake
[3.723s] -- Symlinking: /home/trungbao/CYBER/cyberruner-main/install/cyberrunner_interfaces/share/cyberrunner_interfaces/cmake/ament_cmake_export_libraries-extras.cmake
[3.729s] -- Symlinking: /home/trungbao/CYBER/cyberruner-main/install/cyberrunner_interfaces/share/cyberrunner_interfaces/cmake/ament_cmake_export_targets-extras.cmake
[3.734s] -- Symlinking: /home/trungbao/CYBER/cyberruner-main/install/cyberrunner_interfaces/share/cyberrunner_interfaces/cmake/rosidl_cmake_export_typesupport_targets-extras.cmake
[3.738s] -- Symlinking: /home/trungbao/CYBER/cyberruner-main/install/cyberrunner_interfaces/share/cyberrunner_interfaces/cmake/rosidl_cmake_export_typesupport_libraries-extras.cmake
[3.743s] -- Symlinking: /home/trungbao/CYBER/cyberruner-main/install/cyberrunner_interfaces/share/cyberrunner_interfaces/cmake/cyberrunner_interfacesConfig.cmake
[3.747s] -- Symlinking: /home/trungbao/CYBER/cyberruner-main/install/cyberrunner_interfaces/share/cyberrunner_interfaces/cmake/cyberrunner_interfacesConfig-version.cmake
[3.751s] -- Symlinking: /home/trungbao/CYBER/cyberruner-main/install/cyberrunner_interfaces/share/cyberrunner_interfaces/package.xml
[3.758s] -- Installing: /home/trungbao/CYBER/cyberruner-main/install/cyberrunner_interfaces/lib/libcyberrunner_interfaces__rosidl_generator_c.so
[3.758s] -- Set runtime path of "/home/trungbao/CYBER/cyberruner-main/install/cyberrunner_interfaces/lib/libcyberrunner_interfaces__rosidl_generator_c.so" to ""
[3.758s] -- Installing: /home/trungbao/CYBER/cyberruner-main/install/cyberrunner_interfaces/lib/libcyberrunner_interfaces__rosidl_typesupport_fastrtps_c.so
[3.758s] -- Set runtime path of "/home/trungbao/CYBER/cyberruner-main/install/cyberrunner_interfaces/lib/libcyberrunner_interfaces__rosidl_typesupport_fastrtps_c.so" to ""
[3.758s] -- Installing: /home/trungbao/CYBER/cyberruner-main/install/cyberrunner_interfaces/lib/libcyberrunner_interfaces__rosidl_typesupport_introspection_c.so
[3.758s] -- Set runtime path of "/home/trungbao/CYBER/cyberruner-main/install/cyberrunner_interfaces/lib/libcyberrunner_interfaces__rosidl_typesupport_introspection_c.so" to ""
[3.758s] -- Installing: /home/trungbao/CYBER/cyberruner-main/install/cyberrunner_interfaces/lib/libcyberrunner_interfaces__rosidl_typesupport_c.so
[3.758s] -- Set runtime path of "/home/trungbao/CYBER/cyberruner-main/install/cyberrunner_interfaces/lib/libcyberrunner_interfaces__rosidl_typesupport_c.so" to ""
[3.758s] -- Installing: /home/trungbao/CYBER/cyberruner-main/install/cyberrunner_interfaces/lib/libcyberrunner_interfaces__rosidl_typesupport_fastrtps_cpp.so
[3.759s] -- Set runtime path of "/home/trungbao/CYBER/cyberruner-main/install/cyberrunner_interfaces/lib/libcyberrunner_interfaces__rosidl_typesupport_fastrtps_cpp.so" to ""
[3.759s] -- Installing: /home/trungbao/CYBER/cyberruner-main/install/cyberrunner_interfaces/lib/libcyberrunner_interfaces__rosidl_typesupport_introspection_cpp.so
[3.759s] -- Set runtime path of "/home/trungbao/CYBER/cyberruner-main/install/cyberrunner_interfaces/lib/libcyberrunner_interfaces__rosidl_typesupport_introspection_cpp.so" to ""
[3.759s] -- Installing: /home/trungbao/CYBER/cyberruner-main/install/cyberrunner_interfaces/lib/libcyberrunner_interfaces__rosidl_typesupport_cpp.so
[3.759s] -- Set runtime path of "/home/trungbao/CYBER/cyberruner-main/install/cyberrunner_interfaces/lib/libcyberrunner_interfaces__rosidl_typesupport_cpp.so" to ""
[3.789s] Listing '/home/trungbao/CYBER/cyberruner-main/install/cyberrunner_interfaces/local/lib/python3.10/dist-packages/cyberrunner_interfaces'...
[3.790s] Compiling '/home/trungbao/CYBER/cyberruner-main/install/cyberrunner_interfaces/local/lib/python3.10/dist-packages/cyberrunner_interfaces/__init__.py'...
[3.790s] Listing '/home/trungbao/CYBER/cyberruner-main/install/cyberrunner_interfaces/local/lib/python3.10/dist-packages/cyberrunner_interfaces/msg'...
[3.790s] Compiling '/home/trungbao/CYBER/cyberruner-main/install/cyberrunner_interfaces/local/lib/python3.10/dist-packages/cyberrunner_interfaces/msg/__init__.py'...
[3.790s] Compiling '/home/trungbao/CYBER/cyberruner-main/install/cyberrunner_interfaces/local/lib/python3.10/dist-packages/cyberrunner_interfaces/msg/_dynamixel_vel.py'...
[3.790s] Compiling '/home/trungbao/CYBER/cyberruner-main/install/cyberrunner_interfaces/local/lib/python3.10/dist-packages/cyberrunner_interfaces/msg/_state_estimate.py'...
[3.790s] Compiling '/home/trungbao/CYBER/cyberruner-main/install/cyberrunner_interfaces/local/lib/python3.10/dist-packages/cyberrunner_interfaces/msg/_state_estimate_sub.py'...
[3.790s] Listing '/home/trungbao/CYBER/cyberruner-main/install/cyberrunner_interfaces/local/lib/python3.10/dist-packages/cyberrunner_interfaces/srv'...
[3.790s] Compiling '/home/trungbao/CYBER/cyberruner-main/install/cyberrunner_interfaces/local/lib/python3.10/dist-packages/cyberrunner_interfaces/srv/__init__.py'...
[3.790s] Compiling '/home/trungbao/CYBER/cyberruner-main/install/cyberrunner_interfaces/local/lib/python3.10/dist-packages/cyberrunner_interfaces/srv/_dynamixel_reset.py'...
[3.792s] -- Installing: /home/trungbao/CYBER/cyberruner-main/install/cyberrunner_interfaces/lib/libcyberrunner_interfaces__rosidl_generator_py.so
[3.792s] -- Set runtime path of "/home/trungbao/CYBER/cyberruner-main/install/cyberrunner_interfaces/lib/libcyberrunner_interfaces__rosidl_generator_py.so" to ""
[3.792s] -- Installing: /home/trungbao/CYBER/cyberruner-main/install/cyberrunner_interfaces/share/cyberrunner_interfaces/cmake/export_cyberrunner_interfaces__rosidl_generator_cExport.cmake
[3.792s] -- Installing: /home/trungbao/CYBER/cyberruner-main/install/cyberrunner_interfaces/share/cyberrunner_interfaces/cmake/export_cyberrunner_interfaces__rosidl_generator_cExport-noconfig.cmake
[3.792s] -- Installing: /home/trungbao/CYBER/cyberruner-main/install/cyberrunner_interfaces/share/cyberrunner_interfaces/cmake/export_cyberrunner_interfaces__rosidl_typesupport_fastrtps_cExport.cmake
[3.792s] -- Installing: /home/trungbao/CYBER/cyberruner-main/install/cyberrunner_interfaces/share/cyberrunner_interfaces/cmake/export_cyberrunner_interfaces__rosidl_typesupport_fastrtps_cExport-noconfig.cmake
[3.792s] -- Installing: /home/trungbao/CYBER/cyberruner-main/install/cyberrunner_interfaces/share/cyberrunner_interfaces/cmake/cyberrunner_interfaces__rosidl_typesupport_introspection_cExport.cmake
[3.792s] -- Installing: /home/trungbao/CYBER/cyberruner-main/install/cyberrunner_interfaces/share/cyberrunner_interfaces/cmake/cyberrunner_interfaces__rosidl_typesupport_introspection_cExport-noconfig.cmake
[3.792s] -- Installing: /home/trungbao/CYBER/cyberruner-main/install/cyberrunner_interfaces/share/cyberrunner_interfaces/cmake/cyberrunner_interfaces__rosidl_typesupport_cExport.cmake
[3.792s] -- Installing: /home/trungbao/CYBER/cyberruner-main/install/cyberrunner_interfaces/share/cyberrunner_interfaces/cmake/cyberrunner_interfaces__rosidl_typesupport_cExport-noconfig.cmake
[3.792s] -- Installing: /home/trungbao/CYBER/cyberruner-main/install/cyberrunner_interfaces/share/cyberrunner_interfaces/cmake/export_cyberrunner_interfaces__rosidl_generator_cppExport.cmake
[3.792s] -- Installing: /home/trungbao/CYBER/cyberruner-main/install/cyberrunner_interfaces/share/cyberrunner_interfaces/cmake/export_cyberrunner_interfaces__rosidl_typesupport_fastrtps_cppExport.cmake
[3.793s] -- Installing: /home/trungbao/CYBER/cyberruner-main/install/cyberrunner_interfaces/share/cyberrunner_interfaces/cmake/export_cyberrunner_interfaces__rosidl_typesupport_fastrtps_cppExport-noconfig.cmake
[3.793s] -- Installing: /home/trungbao/CYBER/cyberruner-main/install/cyberrunner_interfaces/share/cyberrunner_interfaces/cmake/cyberrunner_interfaces__rosidl_typesupport_introspection_cppExport.cmake
[3.793s] -- Installing: /home/trungbao/CYBER/cyberruner-main/install/cyberrunner_interfaces/share/cyberrunner_interfaces/cmake/cyberrunner_interfaces__rosidl_typesupport_introspection_cppExport-noconfig.cmake
[3.793s] -- Installing: /home/trungbao/CYBER/cyberruner-main/install/cyberrunner_interfaces/share/cyberrunner_interfaces/cmake/cyberrunner_interfaces__rosidl_typesupport_cppExport.cmake
[3.793s] -- Installing: /home/trungbao/CYBER/cyberruner-main/install/cyberrunner_interfaces/share/cyberrunner_interfaces/cmake/cyberrunner_interfaces__rosidl_typesupport_cppExport-noconfig.cmake
[3.793s] -- Installing: /home/trungbao/CYBER/cyberruner-main/install/cyberrunner_interfaces/share/cyberrunner_interfaces/cmake/export_cyberrunner_interfaces__rosidl_generator_pyExport.cmake
[3.793s] -- Installing: /home/trungbao/CYBER/cyberruner-main/install/cyberrunner_interfaces/share/cyberrunner_interfaces/cmake/export_cyberrunner_interfaces__rosidl_generator_pyExport-noconfig.cmake
[3.794s] Invoked command in '/home/trungbao/CYBER/cyberruner-main/build/cyberrunner_interfaces' returned '0': CMAKE_PREFIX_PATH=${CMAKE_PREFIX_PATH}:/home/trungbao/cyberrunner_ws/install/cyberrunner_vision:/home/trungbao/cyberrunner_ws/install/cyberrunner_state_estimation:/home/trungbao/cyberrunner_ws/install/cyberrunner_pid:/home/trungbao/cyberrunner_ws/install/cyberrunner_dreamer:/home/trungbao/cyberrunner_ws/install/cyberrunner_hiwonder:/home/trungbao/CYBER/cyberruner-main/install/cyberrunner_state_estimation:/home/trungbao/CYBER/cyberruner-main/install/cyberrunner_dreamer_thomas:/home/trungbao/CYBER/cyberruner-main/install/cyberrunner_dreamer:/opt/ros/humble /usr/bin/cmake --install /home/trungbao/CYBER/cyberruner-main/build/cyberrunner_interfaces
