[0.884s] Invoking command in '/home/trungbao/CYBER/cyberruner-main/build/cyberrunner_dreamer': CMAKE_PREFIX_PATH=/home/trungbao/CYBER/cyberruner-main/install/cyberrunner_interfaces:/home/trungbao/cyberrunner_ws/install/cyberrunner_interfaces:/home/trungbao/cyberrunner_ws/install/cyberrunner_cpp:/home/trungbao/cyberrunner_ws/install/cyberrunner_camera:/home/trungbao/CYBER/cyberruner-main/install/cyberrunner_dynamixel_thomas:/home/trungbao/CYBER/cyberruner-main/install/cyberrunner_dynamixel:/home/trungbao/CYBER/cyberruner-main/install/cyberrunner_camera LD_LIBRARY_PATH=/home/trungbao/CYBER/cyberruner-main/install/cyberrunner_interfaces/lib:/home/trungbao/cyberrunner_ws/install/cyberrunner_interfaces/lib:/opt/ros/humble/opt/rviz_ogre_vendor/lib:/opt/ros/humble/lib/x86_64-linux-gnu:/opt/ros/humble/lib PYTHONPATH=/home/trungbao/CYBER/cyberruner-main/build/cyberrunner_dreamer/prefix_override:/usr/lib/python3/dist-packages/colcon_core/task/python/colcon_distutils_commands:/home/trungbao/CYBER/cyberruner-main/install/cyberrunner_dreamer/lib/python3.10/site-packages:${PYTHONPATH} /usr/bin/python3 -W ignore:setup.py install is deprecated -W ignore:easy_install command is deprecated setup.py develop --editable --build-directory /home/trungbao/CYBER/cyberruner-main/build/cyberrunner_dreamer/build --no-deps symlink_data
[0.980s] /home/trungbao/.local/lib/python3.10/site-packages/setuptools/_distutils/dist.py:289: UserWarning: Unknown distribution option: 'tests_require'
[0.981s]   warnings.warn(msg)
[1.073s] running develop
[1.189s] running egg_info
[1.198s] creating cyberrunner_dreamer.egg-info
[1.198s] writing cyberrunner_dreamer.egg-info/PKG-INFO
[1.199s] writing dependency_links to cyberrunner_dreamer.egg-info/dependency_links.txt
[1.199s] writing entry points to cyberrunner_dreamer.egg-info/entry_points.txt
[1.199s] writing requirements to cyberrunner_dreamer.egg-info/requires.txt
[1.199s] writing top-level names to cyberrunner_dreamer.egg-info/top_level.txt
[1.199s] writing manifest file 'cyberrunner_dreamer.egg-info/SOURCES.txt'
[1.218s] reading manifest file 'cyberrunner_dreamer.egg-info/SOURCES.txt'
[1.219s] writing manifest file 'cyberrunner_dreamer.egg-info/SOURCES.txt'
[1.230s] running build_ext
[1.230s] Creating /home/trungbao/CYBER/cyberruner-main/install/cyberrunner_dreamer/lib/python3.10/site-packages/cyberrunner-dreamer.egg-link (link to .)
[1.231s] Installing eval script to /home/trungbao/CYBER/cyberruner-main/install/cyberrunner_dreamer/lib/cyberrunner_dreamer
[1.231s] Installing test script to /home/trungbao/CYBER/cyberruner-main/install/cyberrunner_dreamer/lib/cyberrunner_dreamer
[1.231s] Installing train script to /home/trungbao/CYBER/cyberruner-main/install/cyberrunner_dreamer/lib/cyberrunner_dreamer
[1.231s] Installing train_dreamer4 script to /home/trungbao/CYBER/cyberruner-main/install/cyberrunner_dreamer/lib/cyberrunner_dreamer
[1.231s] Installing train_parallel script to /home/trungbao/CYBER/cyberruner-main/install/cyberrunner_dreamer/lib/cyberrunner_dreamer
[1.231s] 
[1.231s] Installed /home/trungbao/CYBER/cyberruner-main/build/cyberrunner_dreamer
[1.231s] running symlink_data
[1.231s] creating /home/trungbao/CYBER/cyberruner-main/install/cyberrunner_dreamer/share/ament_index/resource_index/packages
[1.231s] symbolically linking /home/trungbao/CYBER/cyberruner-main/build/cyberrunner_dreamer/resource/cyberrunner_dreamer -> /home/trungbao/CYBER/cyberruner-main/install/cyberrunner_dreamer/share/ament_index/resource_index/packages
[1.232s] symbolically linking /home/trungbao/CYBER/cyberruner-main/build/cyberrunner_dreamer/package.xml -> /home/trungbao/CYBER/cyberruner-main/install/cyberrunner_dreamer/share/cyberrunner_dreamer
[1.232s] symbolically linking /home/trungbao/CYBER/cyberruner-main/build/cyberrunner_dreamer/data/path_0002_hard.pkl -> /home/trungbao/CYBER/cyberruner-main/install/cyberrunner_dreamer/share/cyberrunner_dreamer
[1.232s] symbolically linking /home/trungbao/CYBER/cyberruner-main/build/cyberrunner_dreamer/data/path_custom.pkl -> /home/trungbao/CYBER/cyberruner-main/install/cyberrunner_dreamer/share/cyberrunner_dreamer
[1.264s] Invoked command in '/home/trungbao/CYBER/cyberruner-main/build/cyberrunner_dreamer' returned '0': CMAKE_PREFIX_PATH=/home/trungbao/CYBER/cyberruner-main/install/cyberrunner_interfaces:/home/trungbao/cyberrunner_ws/install/cyberrunner_interfaces:/home/trungbao/cyberrunner_ws/install/cyberrunner_cpp:/home/trungbao/cyberrunner_ws/install/cyberrunner_camera:/home/trungbao/CYBER/cyberruner-main/install/cyberrunner_dynamixel_thomas:/home/trungbao/CYBER/cyberruner-main/install/cyberrunner_dynamixel:/home/trungbao/CYBER/cyberruner-main/install/cyberrunner_camera LD_LIBRARY_PATH=/home/trungbao/CYBER/cyberruner-main/install/cyberrunner_interfaces/lib:/home/trungbao/cyberrunner_ws/install/cyberrunner_interfaces/lib:/opt/ros/humble/opt/rviz_ogre_vendor/lib:/opt/ros/humble/lib/x86_64-linux-gnu:/opt/ros/humble/lib PYTHONPATH=/home/trungbao/CYBER/cyberruner-main/build/cyberrunner_dreamer/prefix_override:/usr/lib/python3/dist-packages/colcon_core/task/python/colcon_distutils_commands:/home/trungbao/CYBER/cyberruner-main/install/cyberrunner_dreamer/lib/python3.10/site-packages:${PYTHONPATH} /usr/bin/python3 -W ignore:setup.py install is deprecated -W ignore:easy_install command is deprecated setup.py develop --editable --build-directory /home/trungbao/CYBER/cyberruner-main/build/cyberrunner_dreamer/build --no-deps symlink_data
